06-06 20:49:23.896  1679  1731 D AHAL: AudioDevice: SetParameters: 1879:  - screen = on
06-06 20:49:23.896  1679  1731 I PAL: ResourceManager: setParameter: 9278: Screen State:1
06-06 20:49:23.896  1679  1731 D AHAL: AudioDevice: SetParameters: 2521: exit: screen_state=on
06-06 20:49:23.897  1854  4614 E NativeCustomFrequencyManager: [NativeCFMS] BpCustomFrequencyManager::acquire()
06-06 20:49:23.897  1722  1744 I HYPER-HAL: [RequestManager.cpp]acquire(): Acquired ID : 4075085  [1854 / 1000]    HINT : SF_GPU_MINLOCK    list : [TIMEOUT / 2000] 
06-06 20:49:23.897  1679  1731 I Audio_a2dpsink_hw: adev_set_parameters: kevpairs=[screen_state=on]
06-06 20:49:23.895  2655  5185 D LiftUpHandler: [LTW] Stopped already.
06-06 20:49:23.897  8327  8327 I HBD     : DeX h DeX mode state change in non-main thread 
06-06 20:49:23.897  8327  8327 I HBD     : DeX h DeX mode state change: 3 
06-06 20:49:23.897  2655  2755 D SurfaceComposerClient: setCornerRadius ## 5ba75d0 app.olauncher/app.olauncher.MainActivity#27539 cornerRadius=0.000000
06-06 20:49:23.897  4281 21677 I HoneySpace.RefreshRateSource: singleFrameMs 8
06-06 20:49:23.898  2655  2655 D SGM:GameManager: onDisplayChanged. displyId: 0, state: 2
06-06 20:49:23.898  2655  3288 D SGM:FgCheckThread: onLooperPrepared(), msg: MSG_LCD_ON
06-06 20:49:23.898  2655  2655 D AODManagerService: requestReCalToTSP IsSingleTouchMode = falserequestedReCalToTSP = false / previousDisplayState = ON
06-06 20:49:23.899  3613  3793 D StackScroller: onDisplayChanged for predraw skip to 2
06-06 20:49:23.899  2655  4416 D WifiDisplayAdapter: isFitToActiveDisplayLocked : false
06-06 20:49:23.899  4281  4281 I GestureDetector: obtain mCurrentMotionEventRaw. action: 2 id: 507000138
06-06 20:49:23.900  3613  3613 D DisplayLifecycle: updateDisplay id = 0
06-06 20:49:23.900  1854  2063 I VSyncReactor: Current= 120, Period= 120, Distance= 0
06-06 20:49:23.902 12547 12547 I SPenContext: virtual void SPen::Context::SetDisplayRefreshRate(float) framerate=120
06-06 20:49:23.902 12547 12547 I LatencyConfiguration: virtual void SPen::LatencyConfiguration::UpdateRefreshRate(float) RefreshRate=120.000008
06-06 20:49:23.902 12547 12547 I LatencyConfiguration: virtual void SPen::LatencyConfiguration::UpdateRefreshRate(float) RefreshRateCallback 0xb40000773ac23f00
06-06 20:49:23.902 12547 12547 I spe_log : virtual void SPen::LowLatencyStrokeView::SetRefreshRate(float) refresh rate=120.000
06-06 20:49:23.903  7930  7930 I [SmartCapture]_DeviceUtils: getLidState : state = 0
06-06 20:49:23.909  1854  2063 I VSyncReactor: Current= 120, Period= 120, Distance= 120
06-06 20:49:23.910  3613  3613 D NavBarStateManager: NavBarStates(0) canUseNavBarBackgroundFrame: true
06-06 20:49:23.915  2655  2655 I SemDvfsHyPerManager: acquire hyper - WM_SCROLL_DETECTED/2655@2, type = -999
06-06 20:49:23.916  1722  1744 I HYPER-HAL: [RequestManager.cpp]acquire(): Acquired ID : 3531155  [2655 / 2]    HINT :      list : [CoreNumBigMin / 4] 
06-06 20:49:23.917  4281  4281 I HoneySpace.GestureMotionDetector: onScroll, angle = 57.6
06-06 20:49:23.918  4281  4281 I HoneySpace.GestureMotionDetector: onScroll, SwipeUp(event=MotionEvent { action=ACTION_MOVE, actionButton=0, id[0]=0, x[0]=673.2285, y[0]=2557.621, toolType[0]=TOOL_TYPE_FINGER, buttonState=0, classification=NONE, metaState=0, flags=0x0, edgeFlags=0x0, pointerCount=1, historySize=1, eventTime=139642128, downTime=139642040, deviceId=9, source=0x1002, displayId=0, eventId=870492505 }, angle=57.6)
06-06 20:49:23.918  4281  4281 I HoneySpace.InputSession: inputConsumer activated: HomeScreenInputConsumer
06-06 20:49:23.918  4281  4281 I HoneySpace.InputMonitorProxyImpl: pilferPointers com.android.systemui.shared.system.InputMonitorCompat@89edb85
06-06 20:49:23.918  2655  4416 I InputDispatcher: Channel [Gesture Monitor] swipe-up is stealing input gesture for device 9 from [5ba75d0 app.olauncher/app.olauncher.MainActivity, 4bd1210 com.android.systemui.wallpapers.ImageWallpaper, [Gesture Monitor] secinputdev, [Gesture Monitor] PalmMotion, [Gesture Monitor] edge-swipe]
06-06 20:49:23.918  2655  4416 D InputDispatcher: Cancel for '5ba75d0': input channel stole pointer stream, m=1
06-06 20:49:23.918  2655  4416 I InputDispatcher: Delivering touch to (18372): action: 0x3, f=0x20, d=0, '5ba75d0', t=1 
06-06 20:49:23.918  2655  4416 D InputDispatcher: Cancel for '4bd1210': input channel stole pointer stream, m=1
06-06 20:49:23.926  4281  4281 I HoneySpace.GestureMotionDetector: onScroll, ACTION_DRAG
06-06 20:49:23.926  1749  8111 W qdgralloc: getInterlacedFlag: getMetaData returned 3, defaulting to interlaced_flag = 0
06-06 20:49:23.927  1749  8111 W qdgralloc: getInterlacedFlag: getMetaData returned 3, defaulting to interlaced_flag = 0
06-06 20:49:23.932  6290  6290 I SemDvfsHyPerManager: acquire hyper - TATouchBoost/6290@27, type = -999
06-06 20:49:23.933  6290  6290 I SemDvfsHyPerManager: acquire hyper - TA_TOUCH_SHARE/6290@28, type = -999
06-06 20:49:23.934  1722  1744 I HYPER-HAL: [RequestManager.cpp]acquire(): Acquired ID : 19955430  [6290 / 27]    HINT :      list : [TABoost / 1] [TIMEOUT / 1500] 
06-06 20:49:23.934  1722  1744 I HYPER-HAL: [RequestManager.cpp]acquire(): Acquired ID : 19961749  [6290 / 28]    HINT : TA_TOUCH_SHARE    list : [TIMEOUT / 1500] 
06-06 20:49:23.934  4281  4281 I HoneySpace.GestureMotionDetector: onScroll, ACTION_DRAG
06-06 20:49:23.942  1749  8111 W qdgralloc: getInterlacedFlag: getMetaData returned 3, defaulting to interlaced_flag = 0
06-06 20:49:23.942  4281  4281 I HoneySpace.GestureMotionDetector: onScroll, ACTION_DRAG
06-06 20:49:23.942  1749  8111 W qdgralloc: getInterlacedFlag: getMetaData returned 3, defaulting to interlaced_flag = 0
06-06 20:49:23.943  1749  8113 D BufferPoolAccessor2.0: bufferpool2 0xb4000078674d9228 : 5(10854400 size) total buffers - 5(10854400 size) used buffers - 183215/183288 (recycle/alloc) - 1405/183283 (fetch/transfer)
06-06 20:49:23.948  1749  8111 W qdgralloc: getInterlacedFlag: getMetaData returned 3, defaulting to interlaced_flag = 0
06-06 20:49:23.949  1749  8111 W qdgralloc: getInterlacedFlag: getMetaData returned 3, defaulting to interlaced_flag = 0
06-06 20:49:23.951  4281  4281 I HoneySpace.GestureMotionDetector: onScroll, ACTION_DRAG
06-06 20:49:23.957  1749  8111 W qdgralloc: getInterlacedFlag: getMetaData returned 3, defaulting to interlaced_flag = 0
06-06 20:49:23.958  1749  8111 W qdgralloc: getInterlacedFlag: getMetaData returned 3, defaulting to interlaced_flag = 0
06-06 20:49:23.959  7930  8081 I MediaCodec: setCodecState state(1), called in 6, domain 1, 0
06-06 20:49:23.960  6290  6290 I SemMediaResourceHelper: onState
06-06 20:49:23.960  1749  8111 W qdgralloc: getInterlacedFlag: getMetaData returned 3, defaulting to interlaced_flag = 0
06-06 20:49:23.961  1749  8111 W qdgralloc: getInterlacedFlag: getMetaData returned 3, defaulting to interlaced_flag = 0
06-06 20:49:23.961  4281  4281 I HoneySpace.GestureMotionDetector: onScroll, ACTION_DRAG
06-06 20:49:23.961  1722  1744 I HYPER-HAL: [RequestManager.cpp]releaseLocked(): Released ID : 19949112
06-06 20:49:23.962  1722  1744 I HYPER-HAL: [RequestManager.cpp]releaseLocked(): Released ID : 19955430
06-06 20:49:23.962  1722  1744 I HYPER-HAL: [RequestManager.cpp]releaseLocked(): Released ID : 19961749
06-06 20:49:23.963  2655  2655 I Telecom : SamsungTelecomServiceImpl : isInManagedCall - callingPackage : android / callingUser : UserHandle{0} / hasCrossUserAccess : true
06-06 20:49:23.965  2655  2755 D WindowManager: requestTransientBars: swipeTarget=Window{2de5937 u0 NavigationBar0}, controlTarget=Window{5ba75d0 u0 app.olauncher/app.olauncher.MainActivity}, canShowTransient=false, restorePositionTypes=0x2, from=com.android.server.wm.DisplayPolicy$1.onSwipeFromBottom:21 com.android.server.wm.SystemGesturesPointerEventListener.onPointerEvent:545 
06-06 20:49:23.966  1749  8111 W qdgralloc: getInterlacedFlag: getMetaData returned 3, defaulting to interlaced_flag = 0
06-06 20:49:23.966  1749  8111 W qdgralloc: getInterlacedFlag: getMetaData returned 3, defaulting to interlaced_flag = 0
06-06 20:49:23.968  4281  4281 I HoneySpace.GestureMotionDetector: onScroll, ACTION_DRAG
06-06 20:49:23.969  4281  7715 I HoneySpace.NotificationListener: onNotificationPosted com.samsung.android.app.smartcapture: 0|com.samsung.android.app.smartcapture|1332|null|10201: 0
06-06 20:49:23.969  4281  7715 I HoneySpace.BadgeDataSourceImpl: Get notification count. PK(p='com.samsung.android.app.smartcapture', u=UserHandle{0}) - forceBadgeCount: false, notification listener: 2, badge provider: 0
06-06 20:49:23.970  3613  3613 D InterruptionStateProvider:  no Heads up : edgelighting enabled app. 0|com.samsung.android.app.smartcapture|1332|null|10201
06-06 20:49:23.976  4281  4281 I HoneySpace.GestureMotionDetector: onScroll, ACTION_DRAG
06-06 20:49:23.977  3613  3613 D SubscreenNotificationListCoordinator: onAfterRenderList() isSubScreen = false, pluginLockMode = 0, doNotShowOnCover = false
06-06 20:49:23.979  3613  3613 I LockscreenNotificationIconsOnlyController: onNotificationInfoUpdated 0
06-06 20:49:23.979  3613  3613 I AODNotificationManager: updateNotification() 
06-06 20:49:23.979  3613  3613 D PluginAODManager: onNotificationInfoUpdated() 0
06-06 20:49:23.979  3613  3613 I AODNotificationManager: updateVisibleNotifications: 0
06-06 20:49:23.982  1749  8111 W qdgralloc: getInterlacedFlag: getMetaData returned 3, defaulting to interlaced_flag = 0
06-06 20:49:23.982  1749  8111 W qdgralloc: getInterlacedFlag: getMetaData returned 3, defaulting to interlaced_flag = 0
06-06 20:49:23.984  4281  4281 I HoneySpace.GestureMotionDetector: onScroll, ACTION_DRAG
06-06 20:49:23.985  1749  8111 W qdgralloc: getInterlacedFlag: getMetaData returned 3, defaulting to interlaced_flag = 0
06-06 20:49:23.985  1749  8111 W qdgralloc: getInterlacedFlag: getMetaData returned 3, defaulting to interlaced_flag = 0
06-06 20:49:23.992  4281  4281 I HoneySpace.GestureMotionDetector: onScroll, ACTION_DRAG
06-06 20:49:23.998  1749  8111 W qdgralloc: getInterlacedFlag: getMetaData returned 3, defaulting to interlaced_flag = 0
06-06 20:49:23.998  1749  8111 W qdgralloc: getInterlacedFlag: getMetaData returned 3, defaulting to interlaced_flag = 0
06-06 20:49:24.001  4281  4281 I HoneySpace.GestureMotionDetector: onScroll, ACTION_DRAG
06-06 20:49:24.002  1749  8111 W qdgralloc: getInterlacedFlag: getMetaData returned 3, defaulting to interlaced_flag = 0
06-06 20:49:24.002  1749  8111 W qdgralloc: getInterlacedFlag: getMetaData returned 3, defaulting to interlaced_flag = 0
06-06 20:49:24.010  4281  4281 I HoneySpace.GestureMotionDetector: onScroll, ACTION_DRAG
06-06 20:49:24.016  1749  8111 W qdgralloc: getInterlacedFlag: getMetaData returned 3, defaulting to interlaced_flag = 0
06-06 20:49:24.016  1749  8111 W qdgralloc: getInterlacedFlag: getMetaData returned 3, defaulting to interlaced_flag = 0
06-06 20:49:24.018  4281  4281 I HoneySpace.GestureMotionDetector: onScroll, ACTION_DRAG
06-06 20:49:24.020  1749  8111 W qdgralloc: getInterlacedFlag: getMetaData returned 3, defaulting to interlaced_flag = 0
06-06 20:49:24.021  1749  8111 W qdgralloc: getInterlacedFlag: getMetaData returned 3, defaulting to interlaced_flag = 0
06-06 20:49:24.026  4281  4281 I HoneySpace.GestureMotionDetector: onScroll, ACTION_DRAG
06-06 20:49:24.033  1749  8111 W qdgralloc: getInterlacedFlag: getMetaData returned 3, defaulting to interlaced_flag = 0
06-06 20:49:24.033  3985  4119 D NxpGenExtn: vendor_nfc_handle_event Enter eventCode:12
06-06 20:49:24.033  3985  4119 D NxpGenExtn: handleVendorNciRspNtf Enter dataLen:4
06-06 20:49:24.033  3985  4119 D NxpPropExtn: phNxpProp_HandleVendorNciRspNtf PropExtensionController Enter dataLen:4
06-06 20:49:24.033  3985  4119 D NxpPropExtn: handleVendorNciRspNtf Enter dataLen:4
06-06 20:49:24.033  3985  4119 D NxpGenExtn: stopWriteRspTimer Enter cmdGid:1, cmdOid:3, rspGid:0, rspOid:7,
06-06 20:49:24.033  3985  4119 D NxpGenExtn: DefaultEventHandler::handleVendorNciRspNtf Enter dataLen:4
06-06 20:49:24.033  3985  4119 D NxpGenExtn: phNxpExtn_HandleVendorNciRspNtf prop status:81
06-06 20:49:24.033  3985  4119 D NxpGenExtn: NfcExtensionController::handleVendorNciRspNtf Enter dataLen:4
06-06 20:49:24.033  3985  4119 D NxpGenExtn: DefaultEventHandler::handleVendorNciRspNtf Enter dataLen:4
06-06 20:49:24.033  3985  4119 D NxpGenExtn: phNxpExtn_HandleVendorNciRspNtf gen status:81
06-06 20:49:24.034  1749  8111 W qdgralloc: getInterlacedFlag: getMetaData returned 3, defaulting to interlaced_flag = 0
06-06 20:49:24.034  4281  4281 I HoneySpace.GestureMotionDetector: onScroll, ACTION_DRAG
06-06 20:49:24.038  1749  8111 W qdgralloc: getInterlacedFlag: getMetaData returned 3, defaulting to interlaced_flag = 0
06-06 20:49:24.038  1749  8111 W qdgralloc: getInterlacedFlag: getMetaData returned 3, defaulting to interlaced_flag = 0
06-06 20:49:24.043  4281  4281 I HoneySpace.GestureMotionDetector: onScroll, ACTION_DRAG
06-06 20:49:24.049  1749  8111 W qdgralloc: getInterlacedFlag: getMetaData returned 3, defaulting to interlaced_flag = 0
06-06 20:49:24.050  1749  8111 W qdgralloc: getInterlacedFlag: getMetaData returned 3, defaulting to interlaced_flag = 0
06-06 20:49:24.051  4281  4281 I HoneySpace.GestureMotionDetector: onScroll, ACTION_DRAG
06-06 20:49:24.054  1749  8111 W qdgralloc: getInterlacedFlag: getMetaData returned 3, defaulting to interlaced_flag = 0
06-06 20:49:24.054  1749  8111 W qdgralloc: getInterlacedFlag: getMetaData returned 3, defaulting to interlaced_flag = 0
06-06 20:49:24.060  4281  4281 I HoneySpace.GestureMotionDetector: onScroll, ACTION_DRAG
06-06 20:49:24.066  1749  8111 W qdgralloc: getInterlacedFlag: getMetaData returned 3, defaulting to interlaced_flag = 0
06-06 20:49:24.067  1749  8111 W qdgralloc: getInterlacedFlag: getMetaData returned 3, defaulting to interlaced_flag = 0
06-06 20:49:24.068  4281  4281 I HoneySpace.GestureMotionDetector: onScroll, ACTION_DRAG
06-06 20:49:24.071  1749  8111 W qdgralloc: getInterlacedFlag: getMetaData returned 3, defaulting to interlaced_flag = 0
06-06 20:49:24.072  1749  8111 W qdgralloc: getInterlacedFlag: getMetaData returned 3, defaulting to interlaced_flag = 0
06-06 20:49:24.076  4281  4281 I HoneySpace.GestureMotionDetector: onScroll, ACTION_DRAG
06-06 20:49:24.083  1749  8111 W qdgralloc: getInterlacedFlag: getMetaData returned 3, defaulting to interlaced_flag = 0
06-06 20:49:24.083  1749  8111 W qdgralloc: getInterlacedFlag: getMetaData returned 3, defaulting to interlaced_flag = 0
06-06 20:49:24.085  4281  4281 I HoneySpace.GestureMotionDetector: onScroll, ACTION_DRAG
06-06 20:49:24.088  1749  8111 W qdgralloc: getInterlacedFlag: getMetaData returned 3, defaulting to interlaced_flag = 0
06-06 20:49:24.088  1749  8111 W qdgralloc: getInterlacedFlag: getMetaData returned 3, defaulting to interlaced_flag = 0
06-06 20:49:24.093  4281  4281 I HoneySpace.GestureMotionDetector: onScroll, ACTION_DRAG
06-06 20:49:24.100  1749  8111 W qdgralloc: getInterlacedFlag: getMetaData returned 3, defaulting to interlaced_flag = 0
06-06 20:49:24.100  1749  8111 W qdgralloc: getInterlacedFlag: getMetaData returned 3, defaulting to interlaced_flag = 0
06-06 20:49:24.101  4281  4281 I HoneySpace.GestureMotionDetector: onScroll, ACTION_DRAG
06-06 20:49:24.105  1749  8111 W qdgralloc: getInterlacedFlag: getMetaData returned 3, defaulting to interlaced_flag = 0
06-06 20:49:24.105  1749  8111 W qdgralloc: getInterlacedFlag: getMetaData returned 3, defaulting to interlaced_flag = 0
06-06 20:49:24.110  4281  4281 I HoneySpace.GestureMotionDetector: onScroll, ACTION_DRAG
06-06 20:49:24.117  1749  8111 W qdgralloc: getInterlacedFlag: getMetaData returned 3, defaulting to interlaced_flag = 0
06-06 20:49:24.117  1749  8111 W qdgralloc: getInterlacedFlag: getMetaData returned 3, defaulting to interlaced_flag = 0
06-06 20:49:24.118  4281  4281 I HoneySpace.GestureMotionDetector: onScroll, ACTION_DRAG
06-06 20:49:24.121  1749  8111 W qdgralloc: getInterlacedFlag: getMetaData returned 3, defaulting to interlaced_flag = 0
06-06 20:49:24.121  1749  8111 W qdgralloc: getInterlacedFlag: getMetaData returned 3, defaulting to interlaced_flag = 0
06-06 20:49:24.126  4281  4281 I HoneySpace.GestureMotionDetector: onScroll, ACTION_DRAG
06-06 20:49:24.133  1749  8111 W qdgralloc: getInterlacedFlag: getMetaData returned 3, defaulting to interlaced_flag = 0
06-06 20:49:24.133  1749  8111 W qdgralloc: getInterlacedFlag: getMetaData returned 3, defaulting to interlaced_flag = 0
06-06 20:49:24.134  4281  4281 I HoneySpace.GestureMotionDetector: onScroll, ACTION_DRAG
06-06 20:49:24.138  1749  8111 W qdgralloc: getInterlacedFlag: getMetaData returned 3, defaulting to interlaced_flag = 0
06-06 20:49:24.139  1749  8111 W qdgralloc: getInterlacedFlag: getMetaData returned 3, defaulting to interlaced_flag = 0
06-06 20:49:24.143  4281  4281 I HoneySpace.GestureMotionDetector: onScroll, ACTION_DRAG
06-06 20:49:24.146  1168  1168 D io_stats: !@   8,0 r 31673024 567335740 w 8018496 150687580 d 967366 393580412 f 203224 824628 iot 12489704 0 th 0 0 0 pt 0 inp 0 0 139642.362
06-06 20:49:24.150  1749  8111 W qdgralloc: getInterlacedFlag: getMetaData returned 3, defaulting to interlaced_flag = 0
06-06 20:49:24.150  1749  8111 W qdgralloc: getInterlacedFlag: getMetaData returned 3, defaulting to interlaced_flag = 0
06-06 20:49:24.151  4281  4281 I HoneySpace.GestureMotionDetector: onScroll, ACTION_DRAG
06-06 20:49:24.154  1749  8111 W qdgralloc: getInterlacedFlag: getMetaData returned 3, defaulting to interlaced_flag = 0
06-06 20:49:24.155  1749  8111 W qdgralloc: getInterlacedFlag: getMetaData returned 3, defaulting to interlaced_flag = 0
06-06 20:49:24.160  4281  4281 I HoneySpace.GestureMotionDetector: onScroll, ACTION_DRAG
06-06 20:49:24.167  1749  8111 W qdgralloc: getInterlacedFlag: getMetaData returned 3, defaulting to interlaced_flag = 0
06-06 20:49:24.167  1749  8111 W qdgralloc: getInterlacedFlag: getMetaData returned 3, defaulting to interlaced_flag = 0
06-06 20:49:24.169  4281  4281 I HoneySpace.GestureMotionDetector: onScroll, ACTION_DRAG
06-06 20:49:24.170  3613  3613 D Bubbles : onEntryUpdated : shouldBubbleUp=false ,key=0|com.samsung.android.app.smartcapture|1332|null|10201
06-06 20:49:24.171  3613  3613 D InterruptionStateProvider:  no Heads up : edgelighting enabled app. 0|com.samsung.android.app.smartcapture|1332|null|10201
06-06 20:49:24.171  3613  3613 I {OngoingActivityController}: onEntryUpdated and OA data is empty. So update latest task info
06-06 20:49:24.173  1749  8111 W qdgralloc: getInterlacedFlag: getMetaData returned 3, defaulting to interlaced_flag = 0
06-06 20:49:24.174  1749  8111 W qdgralloc: getInterlacedFlag: getMetaData returned 3, defaulting to interlaced_flag = 0
06-06 20:49:24.177  4281  4281 I HoneySpace.GestureMotionDetector: onScroll, ACTION_DRAG
06-06 20:49:24.178  3613  3613 D SubscreenNotificationListCoordinator: onAfterRenderList() isSubScreen = false, pluginLockMode = 0, doNotShowOnCover = false
06-06 20:49:24.180  3613  3613 W RefactorFlag: New code path expects SceneContainerFlag to be enabled.
06-06 20:49:24.180  3613  3613 D ExpandableNotifRow: mMaxSmallHeight different before reInflateViews mMaxSmallHeight: 216 mTempSmallHeight:0 0|com.samsung.android.app.smartcapture|1332|null|10201
06-06 20:49:24.180  3613  3613 D ExpandableNotifRow: mMaxSmallHeight different before reInflateViews mMaxSmallHeight: 216 mTempSmallHeight:0 0|com.samsung.android.app.smartcapture|1332|null|10201
06-06 20:49:24.182  3613  3613 I LockscreenNotificationIconsOnlyController: onNotificationInfoUpdated 0
06-06 20:49:24.182  3613  3613 I AODNotificationManager: updateNotification() 
06-06 20:49:24.182  3613  3613 D PluginAODManager: onNotificationInfoUpdated() 0
06-06 20:49:24.182  3613  3613 I AODNotificationManager: updateVisibleNotifications: 0
06-06 20:49:24.183  1749  8111 W qdgralloc: getInterlacedFlag: getMetaData returned 3, defaulting to interlaced_flag = 0
06-06 20:49:24.184  1749  8111 W qdgralloc: getInterlacedFlag: getMetaData returned 3, defaulting to interlaced_flag = 0
06-06 20:49:24.185  4281  4281 I HoneySpace.GestureMotionDetector: onScroll, ACTION_DRAG
06-06 20:49:24.186  3613  4192 D LocalImageResolver: Couldn't use ImageDecoder for drawable, falling back to non-resized load.
06-06 20:49:24.187  3613  4192 D LocalImageResolver: Couldn't use ImageDecoder for drawable, falling back to non-resized load.
06-06 20:49:24.188  1749  8111 W qdgralloc: getInterlacedFlag: getMetaData returned 3, defaulting to interlaced_flag = 0
06-06 20:49:24.188  1749  8111 W qdgralloc: getInterlacedFlag: getMetaData returned 3, defaulting to interlaced_flag = 0
06-06 20:49:24.193  4281  4281 I HoneySpace.GestureMotionDetector: onScroll, ACTION_DRAG
06-06 20:49:24.194  4281  4281 I HoneySpace.GestureMotionDetector: onMotionPauseDetected
06-06 20:49:24.194  4281  4281 I HoneySpace.GestureMotionDetector: onMotionPauseChanged, isPaused = true
06-06 20:49:24.194  4281  4281 I HoneySpace.SettledEventImpl: onSettledEvent: KeyPressEvent(keyCode=187, displayId=0)
06-06 20:49:24.195  4281  4281 I HoneySpace.SettledEventImpl: injectKey = 187
06-06 20:49:24.195  2655  3906 D VibratorManagerService: converted usage = TOUCH(18)
06-06 20:49:24.195  2655  3906 D VibratorManagerService: vibrate - uid: 10133, opPkg: com.sec.android.app.launcher, effect: Mono{mEffect=Composed{segments=[SemHaptic{mType=50047, mMagnitude=-1}], repeat=-1, mMagnitudeType=TYPE_TOUCH}}, attrs: VibrationAttributes{mUsage=TOUCH, mAudioUsage= USAGE_UNKNOWN, mFlags=0, tags=}, reason: null, token: android.os.BinderProxy@72434e3
06-06 20:49:24.195  2655  3906 D SingleVibrationSession: semColorfulVibrate : EFFECT_CLICK_GESTURE(23), repeat: -1, usage: TOUCH(18), magnitude: 4500
06-06 20:49:24.195  2655  3906 D VibratorManagerService: Starting vibrate for vibration 11165
06-06 20:49:24.195  4281  4281 I HoneySpace.KeyInjector: injectKey 187[RECENT]
06-06 20:49:24.195  4281  4281 I HoneySpace.KeyInjector: pressKey, 187, displayId = 0
06-06 20:49:24.195  2655  3906 D VibratorManagerService: Check AppOp mode VIBRATE for uid 10133 and package com.sec.android.app.launcher returned audio=allow, op=allow
06-06 20:49:24.195  2655  3906 D VibratorManagerService: Starting vibration 11165 on thread
06-06 20:49:24.196  2655  3906 D VibratorManagerService: Start AppOp mode VIBRATE for uid 10133 and package com.sec.android.app.launcher returned allow
06-06 20:49:24.196  3613  3613 I AppIconSolution: return adaptive icon for com.samsung.android.app.smartcapture, isNight = true
06-06 20:49:24.196  2655  3238 D VibrationThread: Playing vibration id 11165 StartSequentialEffectStep
06-06 20:49:24.196  2655  3238 D VibrationThread: StartSequentialEffectStep for effect #0
06-06 20:49:24.196  2655  3238 D SemHapticStep: sepIndex=23, intensity=4500, repeat=false, duration=220
06-06 20:49:24.196  2655  3238 D SemHapticStep: Turning on vibrator 0 for 220ms
06-06 20:49:24.196  2655  3238 D VibratorController: performHapticEngine packetCnt (1).
06-06 20:49:24.197  2655  3700 D InputDispatcher: Inject key (4281/10133): action=0, f=0x48, d=0, time=139642412000000
06-06 20:49:24.198  1757  1757 E SecVibrator-HAL-AIDL-EXT: V_5_0: performHapticEngine
06-06 20:49:24.198  1757  1757 E SecVibrator-HAL-AIDL-EXT: V_5_0: performHapticEngine amplitude : 4500
06-06 20:49:24.198  1757  1757 E SecVibrator-HAL-AIDL-EXT: V_5_0: performHapticEngine packet_cnt : 1
06-06 20:49:24.198  1757  1757 E SecVibrator-HAL-AIDL-EXT: V_5_0: performHapticEngine total_size : 4
06-06 20:49:24.198  1757  1757 E SecVibrator-HAL-AIDL-EXT: V_5_0: performHapticEngine : 4 7 4500 2050 0
06-06 20:49:24.198  1757  1757 E SecVibrator-HAL-AIDL-CORE: HW_API: do_on for timeoutMs: 1
06-06 20:49:24.198  1757  1757 E SecVibrator-HAL-AIDL-CORE: HW_API: >> writeNode node:/timed_output/vibrator/enable val:1
06-06 20:49:24.199  2655  3700 D PhoneWindowManager: interceptKeyTq keycode=187 interactive=true keyguardActive=false policyFlags=2b000002
06-06 20:49:24.200  2655  3700 D SingleKeyGesture: interceptKeyDown, info : KeyCode=KEYCODE_UNKNOWN, size=0
06-06 20:49:24.200  2655  3700 D PhoneWindowManagerExt: interceptKeyTq code=187 down=true repeatCount=0 displayId=0 interactive=true powerCombination=false
06-06 20:49:24.200  2655  3700 D PhoneWindowManager: interceptKeyTq interceptKeyResult=1
06-06 20:49:24.200  2655  3700 D InputDispatcher: Inject key (4281/10133): action=1, f=0x48, d=0, time=139642417000000
06-06 20:49:24.201  2655  3700 D PhoneWindowManager: interceptKeyTq keycode=187 interactive=true keyguardActive=false policyFlags=2b000002
06-06 20:49:24.201  2655  3700 D PhoneWindowManagerExt: interceptKeyTq code=187 down=false repeatCount=0 displayId=0 interactive=true powerCombination=false
06-06 20:49:24.201  2655  3700 D PhoneWindowManager: interceptKeyTq interceptKeyResult=1
06-06 20:49:24.201  1749  8111 W qdgralloc: getInterlacedFlag: getMetaData returned 3, defaulting to interlaced_flag = 0
06-06 20:49:24.201  4281  4281 I HoneySpace.HintStateAnimationHelper: holding
06-06 20:49:24.201  1749  8111 W qdgralloc: getInterlacedFlag: getMetaData returned 3, defaulting to interlaced_flag = 0
06-06 20:49:24.201  1774  1774 I SSC_DAEMON: physical_sensor_test_req_msg Sensor type :0, Msg type:3
06-06 20:49:24.201  1757  1757 E SecVibrator-HAL-AIDL-CORE: HW_API: << writeNode node OK : 2
06-06 20:49:24.201  1757  1757 E SecVibrator-HAL-AIDL-EXT: V_5_0: performHapticEngine OK
06-06 20:49:24.201  2655  2757 D PhoneWindowManager: handleKeyGestureEvent, type=1003 keyguardOn=false displayId=0
06-06 20:49:24.202  2655  3258 D PhoneWindowManager: handleKeyGestureEvent, type=4 keyguardOn=false displayId=0
06-06 20:49:24.202  1774  1774 I SSC_DAEMON: physical_sensor_test_req_msg Sensor type :8, Msg type:3
06-06 20:49:24.203  2655  5214 D MotionRecognitionService: inject vibrator info = 1.0
06-06 20:49:24.203  2655  3258 D PhoneWindowManager: handleKeyGestureEvent, type=4 keyguardOn=false displayId=0
06-06 20:49:24.203  3613  3613 D ExpandableNotifRow: mMaxSmallHeight different before reInflateViews mMaxSmallHeight: 216 mTempSmallHeight:0 0|com.samsung.android.app.smartcapture|1332|null|10201
06-06 20:49:24.203  3613  3613 D ExpandableNotifRow: mMaxSmallHeight different before reInflateViews mMaxSmallHeight: 216 mTempSmallHeight:0 0|com.samsung.android.app.smartcapture|1332|null|10201
06-06 20:49:24.203  2655  3258 D PhoneWindowManager: toggleRecentApps
06-06 20:49:24.203  3613  3613 D ExpandableNotifRow: mMaxSmallHeight different before reInflateViews mMaxSmallHeight: 216 mTempSmallHeight:0 0|com.samsung.android.app.smartcapture|1332|null|10201
06-06 20:49:24.203  3613  3613 D ExpandableNotifRow: mMaxSmallHeight different before reInflateViews mMaxSmallHeight: 216 mTempSmallHeight:0 0|com.samsung.android.app.smartcapture|1332|null|10201
06-06 20:49:24.203  1692  1692 I sensors-hal: inject_sensor_data:433, handle:11, type:33 not supported
06-06 20:49:24.204  1774  3388 I SSC_DAEMON: accel_motor_state_event: 1, 1
06-06 20:49:24.204  1692  1692 I sensors-hal: inject_sensor_data:433, handle:11, type:33 not supported
06-06 20:49:24.204  1774  3388 I SSC_DAEMON: SBOM motor: 1
06-06 20:49:24.204  1774  3388 I SSC_DAEMON: sub_accel_motor_state_event: 1, 1
06-06 20:49:24.204  1692  1692 I sensors-hal: inject_sensor_data:433, handle:11, type:33 not supported
06-06 20:49:24.204  3613  3613 D S.S.N.  : entryViewBound parent :0|com.samsung.android.app.smartcapture|1332|null|10201
06-06 20:49:24.206  1749  8111 W qdgralloc: getInterlacedFlag: getMetaData returned 3, defaulting to interlaced_flag = 0
06-06 20:49:24.207  3613  3613 I AppIconSolution: return adaptive icon for com.samsung.android.app.smartcapture, isNight = true
06-06 20:49:24.207  1749  8111 W qdgralloc: getInterlacedFlag: getMetaData returned 3, defaulting to interlaced_flag = 0
06-06 20:49:24.210  4281  4281 I HoneySpace.GestureMotionDetector: onScroll, ACTION_DRAG
06-06 20:49:24.212  3613  3613 D SubscreenNotificationListCoordinator: onAfterRenderList() isSubScreen = false, pluginLockMode = 0, doNotShowOnCover = false
06-06 20:49:24.213  3613  3613 W RefactorFlag: New code path expects SceneContainerFlag to be enabled.
06-06 20:49:24.213  3613  3613 D ExpandableNotifRow: mMaxSmallHeight different before reInflateViews mMaxSmallHeight: 216 mTempSmallHeight:0 0|com.samsung.android.app.smartcapture|1332|null|10201
06-06 20:49:24.213  3613  3613 D ExpandableNotifRow: mMaxSmallHeight different before reInflateViews mMaxSmallHeight: 216 mTempSmallHeight:0 0|com.samsung.android.app.smartcapture|1332|null|10201
06-06 20:49:24.215  4281 12311 I HoneySpace.TISBinder: onOverviewToggle
06-06 20:49:24.216  3613  3613 I LockscreenNotificationIconsOnlyController: onNotificationInfoUpdated 0
06-06 20:49:24.216  3613  3613 I AODNotificationManager: updateNotification() 
06-06 20:49:24.216  3613  3613 D PluginAODManager: onNotificationInfoUpdated() 0
06-06 20:49:24.216  3613  3613 I AODNotificationManager: updateVisibleNotifications: 0
06-06 20:49:24.216  4281  4364 I HoneySpace.TISBinder: onOverviewToggle - invoke event
06-06 20:49:24.217  4281 21677 I HoneySpace.OverviewEventHandler: OverviewToggleEvent: false / true
06-06 20:49:24.217  4281 21677 I HoneySpace.OverviewEventHandler: closeSystemWindow
06-06 20:49:24.218  4281  4281 I HoneySpace.GestureMotionDetector: onScroll, ACTION_DRAG
06-06 20:49:24.218  4281 21677 I HoneySpace.OverviewEventHandler: sendRecentsToggleEvent() canOpenRecents: true, isHomeTask: true, requestFocus: false
06-06 20:49:24.220  4281 21677 I HoneySpace.OverviewEventHandler: requestFocus false
06-06 20:49:24.220  4281 21677 I HoneySpace.OverviewEventHandler: startSpaceRootViewAnimation
06-06 20:49:24.220  4281  4281 I HoneySpace.TaskBooster: boost TASK_BOOST: 4281
06-06 20:49:24.222  7930  7930 I [SC_ScreenRecorder]_ScreenRecorderController: onReceive, action = android.intent.action.CLOSE_SYSTEM_DIALOGS
06-06 20:49:24.222  7930  7930 I [SC_ScreenRecorder]_ScreenRecorderController: ACTION_CLOSE_SYSTEM_DIALOGS reason is recentapps
06-06 20:49:24.224 24166 24166 I Dc.AppErrorDialogActivity: receive android.intent.action.CLOSE_SYSTEM_DIALOGS
06-06 20:49:24.225  4281  4281 I HoneySpace.HoneySpaceManagerImpl: getCurrentSpace() packageName=com.sec.android.app.launcher, key=HomeOnlySpace
06-06 20:49:24.226  1749  8111 W qdgralloc: getInterlacedFlag: getMetaData returned 3, defaulting to interlaced_flag = 0
06-06 20:49:24.226 24166 24166 W SmApplication: onTrimMemory : 40
06-06 20:49:24.226  1749  8111 W qdgralloc: getInterlacedFlag: getMetaData returned 3, defaulting to interlaced_flag = 0
06-06 20:49:24.226 24166 24166 I DC.AppIconCache: clear icon cache
06-06 20:49:24.226  4281  4281 I HoneySpace.ShellTransitionManager: startShellTransition com.honeyspace.sdk.transition.ShellTransition$Info@c6f75be, forceStart: false
06-06 20:49:24.227  3613  3613 V ShellDragAndDrop: Receive android.intent.action.CLOSE_SYSTEM_DIALOGS
06-06 20:49:24.227  4281  4281 I HoneySpace.ShellAnimationRunner: setDelegate, delegate-com.honeyspace.transition.delegate.RecentsOpenAnimationDelegate@49361f, strong-false
06-06 20:49:24.227 24166 24166 W SmApplication: onTrimMemory : 40
06-06 20:49:24.227  3613  3613 D S.S.N.  : receive android.intent.action.CLOSE_SYSTEM_DIALOGS
06-06 20:49:24.227  3613  3698 V ShellDragAndDrop: Do not update drop target window visibility: window is already set to 4.
06-06 20:49:24.227 24166 24166 I DC.AppIconCache: clear icon cache
06-06 20:49:24.227  3613  3613 D PopupUI.PopupUI: PopupUIReceiver.onReceive() action : android.intent.action.CLOSE_SYSTEM_DIALOGS
06-06 20:49:24.227  4281  4281 I HoneySpace.ShellTransitionManager: open start
06-06 20:49:24.227  3613  3613 D SimTrayProtectionViewModel: dismiss : isFoldedState()falseisRemoveSimtray() : true
06-06 20:49:24.227  3613  3613 I SubLauncher:SubLauncherBroadcastReceiver@212439756: onReceive android.intent.action.CLOSE_SYSTEM_DIALOGS
06-06 20:49:24.227  3613  3613 I SubLauncher:SubLauncherBroadcastReceiver@212439756: onHomeGestureDetected() : recentapps
06-06 20:49:24.227  3613  3613 I SubLauncher:SubLauncherBroadcastReceiver@212439756: onHomeGestureDetected() recent apps key pressed - do nothing
06-06 20:49:24.227  3613  3613 D CoverPanelIntentReceiver: Received android.intent.action.CLOSE_SYSTEM_DIALOGS
06-06 20:49:24.228  3613  3613 I SubLauncher:SubLauncherSubRoomStateListener@184584697: onSubRoomStateChanged
06-06 20:49:24.228  3613  3613 V SubLauncher:SubLauncherSubRoomStateListener@184584697: updateQuickPanelFraction: 0.0
06-06 20:49:24.228  3613  3613 V SubLauncher:SubLauncherStateManager@80136065: setQuickPanelSwipeFraction: 0.0 -> 0.0
06-06 20:49:24.230  2655  3906 W LauncherAppsService: getMainActivityLaunchIntent return null because it can't launch component=ComponentInfo{com.sec.android.app.launcher/com.android.quickstep.RecentsActivity} user=UserHandle{0} appsSize=0 includeArchivedApps=true isArchivingEnabled=true matchingArchivedAppActivityInfo=null
06-06 20:49:24.231  2655  3906 D ActivityTaskManager: startActivityAsUser: callingPid=4281, callingUid=10133, caller=com.android.server.wm.ActivityTaskManagerService.startActivity:123 android.app.IActivityTaskManager$Stub.onTransact:1500 com.android.server.wm.ActivityTaskManagerService.onTransact:1 android.os.Binder.execTransactInternal:1457 android.os.Binder.execTransact:1401 <bottom of call stack> <bottom of call stack> 
06-06 20:49:24.232  2655  3906 D ActivityTaskManager: DesktopModeLaunchParamsModifier: task=null activity=null task null, skipping
06-06 20:49:24.232  4281 12311 I HoneySpace.LauncherProvider: call - android.uid.systemui:10041, get_internal_Dex_status, internal_dex_status
06-06 20:49:24.232  4281 12311 I HoneySpace.ExternalMethodItem: undefined - param is null
06-06 20:49:24.232  2655  3906 D ActivityTaskManager: TaskLaunchParamsModifier:task=null activity=null display-from-option=0 display-id=0 task-display-area-windowing-mode=1 suggested-display-area=DefaultTaskDisplayArea_d0@96291407
06-06 20:49:24.233  3613  3613 D LocationControllerImpl: onReceive() = android.intent.action.CLOSE_SYSTEM_DIALOGS
06-06 20:49:24.233  3613  3613 D SecVolume.VolumePanelStore: dispatch [ACTION_DISMISS_REQUESTED with [STATE_NO_DISPATCH], currentAction={isFromOutside : true}, currentState={activeStream=3(vol=0), stream=3(vol=0) } isCaptionComponentEnabled : true, isVoiceCapable : true, isHasVibrator : true, isSetupWizardComplete : true, isMediaDefaultEnabled : true, timeOutControlsText : 0, stream : 3, timeOut : 3000, activeStream : 3, ringerModeInternal : 0, timeOutControls : 0, earProtectLevel : 909, iconCurrentState : 1, pinDevice : 0, iconTargetState : 1, cutoutHeight : 0, systemTimeNow : 137507832}
06-06 20:49:24.233  3613  3613 D SecVolume.VolumePanelStore:   > New State : [STATE_NO_DISPATCH]
06-06 20:49:24.233  2655  3906 W OptProp : Cannot read opt property android.window.PROPERTY_COMPAT_ALLOW_RESIZEABLE_ACTIVITY_OVERRIDES
06-06 20:49:24.233  2655  3906 W OptProp : Cannot read opt property android.window.PROPERTY_COMPAT_ALLOW_MIN_ASPECT_RATIO_OVERRIDE
06-06 20:49:24.234  2655  3906 D WindowManager: Transition is created, t=TransitionRecord{df8a9f8 id=-1 type=OPEN flags=0x0}, caller=com.android.server.wm.Transition.<init>:182 com.android.server.wm.TransitionController.createAndStartCollecting:106 com.android.server.wm.ActivityStarter.executeRequest:3581 com.android.server.wm.ActivityStarter.execute:1873 com.android.server.wm.ActivityTaskManagerService.startActivityAsUser:95 
06-06 20:49:24.234  1749  8111 W qdgralloc: getInterlacedFlag: getMetaData returned 3, defaulting to interlaced_flag = 0
06-06 20:49:24.234  2655  3906 D BLASTSyncEngine: SyncGroup is created, id=2314, name=Transition-OPEN, caller=com.android.server.wm.BLASTSyncEngine$SyncGroup.<init>:52 com.android.server.wm.TransitionController.moveToCollecting:79 com.android.server.wm.TransitionController.createAndStartCollecting:109 com.android.server.wm.ActivityStarter.executeRequest:3581 com.android.server.wm.ActivityStarter.execute:1873 com.android.server.wm.ActivityTaskManagerService.startActivityAsUser:95 com.android.server.wm.ActivityTaskManagerService.startActivity:123 
06-06 20:49:24.234  2655  3906 W BLASTSyncEngine: setSyncMethod, id=2314, method=0, caller=com.android.server.wm.TransitionController.moveToCollecting:91 com.android.server.wm.TransitionController.createAndStartCollecting:109 com.android.server.wm.ActivityStarter.executeRequest:3581 
06-06 20:49:24.234  2655  3906 V WindowManager: Start collecting in Transition: TransitionRecord{df8a9f8 id=2314 type=OPEN flags=0x0}, caller=com.android.server.wm.TransitionController.createAndStartCollecting:109 com.android.server.wm.ActivityStarter.executeRequest:3581 com.android.server.wm.ActivityStarter.execute:1873 com.android.server.wm.ActivityTaskManagerService.startActivityAsUser:95 com.android.server.wm.ActivityTaskManagerService.startActivity:123 
06-06 20:49:24.234  2655  3906 V WindowManager: Collecting in transition 2314: ActivityRecord{75112145 u0 com.sec.android.app.launcher/com.android.quickstep.RecentsActivity, caller=com.android.server.wm.TransitionController.collect:7 com.android.server.wm.ActivityStarter.startActivityUnchecked:192 com.android.server.wm.ActivityStarter.executeRequest:3625 com.android.server.wm.ActivityStarter.execute:1873 com.android.server.wm.ActivityTaskManagerService.startActivityAsUser:95 
06-06 20:49:24.234  2655  3906 D ActivityTaskManager: DesktopModeLaunchParamsModifier: task=null activity=ActivityRecord{75112145 u0 com.sec.android.app.launcher/com.android.quickstep.RecentsActivity t-1} task null, skipping
06-06 20:49:24.234  2655  3906 D ActivityTaskManager: TaskLaunchParamsModifier:task=null activity=ActivityRecord{75112145 u0 com.sec.android.app.launcher/com.android.quickstep.RecentsActivity t-1} display-from-option=0 display-id=0 task-display-area-windowing-mode=1 suggested-display-area=DefaultTaskDisplayArea_d0@96291407
06-06 20:49:24.234  2655  3906 D ActivityTaskManager: DesktopModeLaunchParamsModifier: task=Task{6eb0081 #37392 type=recents I=com.sec.android.app.launcher/com.android.quickstep.RecentsActivity} activity=ActivityRecord{75112145 u0 com.sec.android.app.launcher/com.android.quickstep.RecentsActivity t-1} non-desktop, skipping
06-06 20:49:24.234  2655  3906 D ActivityTaskManager: TaskLaunchParamsModifier:task=Task{6eb0081 #37392 type=recents I=com.sec.android.app.launcher/com.android.quickstep.RecentsActivity} activity=ActivityRecord{75112145 u0 com.sec.android.app.launcher/com.android.quickstep.RecentsActivity t-1} display-from-option=0 display-id=0 task-display-area-windowing-mode=1 suggested-display-area=DefaultTaskDisplayArea_d0@96291407 inherit-from-task=fullscreen non-freeform-task-display-area display-area=DefaultTaskDisplayArea_d0@96291407 default-portrait freeform-size-mismatch=Rect(81, 684 - 999, 2004)
06-06 20:49:24.234  1749  8111 W qdgralloc: getInterlacedFlag: getMetaData returned 3, defaulting to interlaced_flag = 0
06-06 20:49:24.235  3613  3613 I SubLauncher:SubLauncherSubRoomStateListener@184584697: onSubRoomStateChanged
06-06 20:49:24.235  3613  3613 V SubLauncher:SubLauncherSubRoomStateListener@184584697: updateQuickPanelFraction: 0.0
06-06 20:49:24.235  3613  3613 V SubLauncher:SubLauncherStateManager@80136065: setQuickPanelSwipeFraction: 0.0 -> 0.0
06-06 20:49:24.235  2655  3906 I SemDvfsHyPerManager: acquire hyper - AMS_ACT_START/2655@17, type = -999
06-06 20:49:24.235  2655  3906 D ActivityManagerPerformance: AMP_acquire() ACT_START
06-06 20:49:24.235  1722  1744 I HYPER-HAL: [RequestManager.cpp]acquire(): Acquired ID : 3571145  [2655 / 17]    HINT : AMS_ACT_START    list : 
06-06 20:49:24.235  2655  3906 D ActivityTaskManager: DesktopModeLaunchParamsModifier: task=Task{6eb0081 #37392 type=recents I=com.sec.android.app.launcher/com.android.quickstep.RecentsActivity} activity=ActivityRecord{75112145 u0 com.sec.android.app.launcher/com.android.quickstep.RecentsActivity t-1} non-desktop, skipping
06-06 20:49:24.235  2655  3906 D ActivityTaskManager: TaskLaunchParamsModifier:task=Task{6eb0081 #37392 type=recents I=com.sec.android.app.launcher/com.android.quickstep.RecentsActivity} activity=ActivityRecord{75112145 u0 com.sec.android.app.launcher/com.android.quickstep.RecentsActivity t-1} display-from-option=0 display-id=0 task-display-area-windowing-mode=1 suggested-display-area=DefaultTaskDisplayArea_d0@96291407 inherit-from-task=fullscreen non-freeform-task-display-area display-area=DefaultTaskDisplayArea_d0@96291407 default-portrait freeform-size-mismatch=Rect(81, 684 - 999, 2004)
06-06 20:49:24.236  2655  3906 D ActivityTaskManager: scheduleTopResumedActivityChanged, onTop=false, r=ActivityRecord{185727966 u0 app.olauncher/.MainActivity t37390}, caller=com.android.server.wm.ActivityTaskSupervisor.scheduleTopResumedActivityStateLossIfNeeded:19 com.android.server.wm.ActivityTaskSupervisor.updateTopResumedActivityIfNeeded:20 com.android.server.wm.TaskDisplayArea.positionChildAt:252 com.android.server.wm.Task.moveToFront:40 com.android.server.wm.ActivityRecord.moveFocusableActivityToTop:251 com.android.server.wm.Task.moveTaskToFront:196 
06-06 20:49:24.236  2655  3906 V WindowManager: Checking theme of starting window: 0x7f15042a
06-06 20:49:24.236  2655  3906 V WindowManager: Translucent=false Floating=false ShowWallpaper=true Disable=false
06-06 20:49:24.236  2655  3906 D ActivityTaskManager: addStartingWindow: type=0 typeParameter=1e
06-06 20:49:24.237  2655  3906 V WindowManager: Collecting in transition 2314: ActivityRecord{185727966 u0 app.olauncher/.MainActivity t37390}, caller=com.android.server.wm.TransitionController.collect:7 com.android.server.wm.ActivityRecord.setVisibility:132 com.android.server.wm.ActivityRecord.makeInvisible:32 com.android.server.wm.EnsureActivitiesVisibleHelper.process:542 com.android.server.wm.TaskFragment.updateActivityVisibilities:12 
06-06 20:49:24.237  2655  3906 D WindowManager: prepareSync <SYNC_STATE_WAITING_FOR_DRAW>, mPrepareSyncSeqId=0, win=Window{5ba75d0 u0 app.olauncher/app.olauncher.MainActivity}
06-06 20:49:24.237  2655  3906 V WindowManager: Collecting in transition 2314: WallpaperWindowToken{c5c4c76 showWhenLocked=true}_<lock>, caller=com.android.server.wm.Transition.collect:387 com.android.server.wm.TransitionController.collect:7 com.android.server.wm.ActivityRecord.setVisibility:132 com.android.server.wm.ActivityRecord.makeInvisible:32 com.android.server.wm.EnsureActivitiesVisibleHelper.process:542 
06-06 20:49:24.237  2655  3906 V WindowManager: Collecting in transition 2314: WallpaperWindowToken{dc89ffb showWhenLocked=false}_<system>, caller=com.android.server.wm.Transition.collect:410 com.android.server.wm.TransitionController.collect:7 com.android.server.wm.ActivityRecord.setVisibility:132 com.android.server.wm.ActivityRecord.makeInvisible:32 com.android.server.wm.EnsureActivitiesVisibleHelper.process:542 
06-06 20:49:24.238  2655  3906 V WindowManager: Collecting in transition 2314: ActivityRecord{199115880 u0 com.sec.android.app.launcher/com.android.quickstep.RecentsActivity t37392}, caller=com.android.server.wm.TransitionController.collect:7 com.android.server.wm.ActivityRecord.setVisibility:132 com.android.server.wm.TaskFragment.resumeTopActivity:1695 com.android.server.wm.Task.resumeTopActivityInnerLocked:138 com.android.server.wm.Task.resumeTopActivityUncheckedLocked:23 
06-06 20:49:24.238  2655  3906 D WindowManager: prepareSync <SYNC_STATE_WAITING_FOR_DRAW>, mPrepareSyncSeqId=0, win=Window{332ac72 u0 com.sec.android.app.launcher/com.android.quickstep.RecentsActivity}
06-06 20:49:24.238  2655  3906 V WindowManager: Setting visibility of Window{332ac72 u0 com.sec.android.app.launcher/com.android.quickstep.RecentsActivity}: true, caller=com.android.server.wm.WindowContainer.sendAppVisibilityToClients:19 com.android.server.wm.WindowToken.setClientVisible:48 com.android.server.wm.ActivityRecord.setVisibility:486 com.android.server.wm.TaskFragment.resumeTopActivity:1695 com.android.server.wm.Task.resumeTopActivityInnerLocked:138 
06-06 20:49:24.238  2655  3906 D SGM:FgCheckThread: TaskStackListener.onTaskFocusChanged(), taskId=37390, focused=false
06-06 20:49:24.238  2655  3906 D SGM:FgCheckThread: TaskStackListener.onTaskFocusChanged(), taskId=37392, focused=true
06-06 20:49:24.239  2655  3906 D SGM:FgCheckThread:   sendRunningComponentFocus(), pkgName: com.sec.android.app.launcher, userId: 0
06-06 20:49:24.239  2655  3288 D SGM:FgCheckThread: onLooperPrepared(), msg: MSG_TASK_FOCUSED, pkgName: com.sec.android.app.launcher, userId: 0
06-06 20:49:24.239  2655  3906 D InputDispatcher: Focused application(0): ActivityRecord{199115880 u0 com.sec.android.app.launcher/com.android.quickstep.RecentsActivity t37392}
06-06 20:49:24.239  2655  3409 D AS.MultiSoundManager: mForegroundUid = 10133
06-06 20:49:24.239  2655  3288 D SGM:FgCheckThread: handleTaskFocused().
06-06 20:49:24.239  2655  3288 D SGM:FgCheckThread: sendFocusOutConditionally() - mPrevNotiPkg: (unknown), userId: 0
06-06 20:49:24.239  2655  3288 D SGM:FgCheckThread:   handleTaskFocused(), pkgName: com.sec.android.app.launcher, userID:0 mResumedPkgMap does not containsKey.
06-06 20:49:24.240  2655  3906 D WindowManager: Changing focus from Window{5ba75d0 u0 app.olauncher/app.olauncher.MainActivity} to null displayId=0 Callers=com.android.server.wm.ActivityTaskManagerService.setLastResumedActivityUncheckLocked:264 com.android.server.wm.ActivityTaskSupervisor.updateTopResumedActivityIfNeeded:51 com.android.server.wm.TaskFragment.setResumedActivity:30 com.android.server.wm.ActivityRecord.setState:100 
06-06 20:49:24.240  2655  3906 V SystemKeyManager: updateFocusedWindow() is called, 
06-06 20:49:24.240  2655  3906 V WindowManager: rotationForOrientation(orient=SCREEN_ORIENTATION_LOCKED (14), last=ROTATION_0 (0)); user=ROTATION_0 (0) 
06-06 20:49:24.240  2655  3906 D WindowManager: rotationForOrientation, orientationSource=ActivityRecord{199115880 u0 com.sec.android.app.launcher/com.android.quickstep.RecentsActivity t37392}
06-06 20:49:24.240  2655  3906 V WindowManager: Computed rotation=ROTATION_0 (0) for display id=0 based on lastOrientation=SCREEN_ORIENTATION_LOCKED (14) and oldRotation=ROTATION_0 (0), caller=com.android.server.wm.DisplayRotation.updateOrientation:85 com.android.server.wm.DisplayContent.updateOrientation:44 com.android.server.wm.DisplayContent.updateOrientationAndComputeConfig:48 com.android.server.wm.RootWindowContainer.ensureVisibilityAndConfig:7 com.android.server.wm.TaskFragment.resumeTopActivity:1757 com.android.server.wm.Task.resumeTopActivityInnerLocked:138 
06-06 20:49:24.241  2655  3906 D DeviceReportingSecurityChecker: getStatus
06-06 20:49:24.241  2655  3906 D DeviceReportingSecurityChecker: mIsICDStatus is true
06-06 20:49:24.241  2655  3906 D DeviceReportingSecurityChecker: mIsSim is true
06-06 20:49:24.241  2655  3906 D DeviceReportingSecurityChecker: security check NOT passed
06-06 20:49:24.241  2655  3906 D DeviceReportingSecurityChecker: mIsICDStatus === true mIsSim == true mIsMyAccountSignature== false mIsEchoAppSignature== false mIsSprintHubSignature== false
06-06 20:49:24.241  2655  3906 D DeviceReportingSecurityChecker: getStatus
06-06 20:49:24.241  2655  3906 D DeviceReportingSecurityChecker: mIsICDStatus is true
06-06 20:49:24.241  2655  3906 D DeviceReportingSecurityChecker: mIsSim is true
06-06 20:49:24.241  2655  3906 D DeviceReportingSecurityChecker: security check NOT passed
06-06 20:49:24.241  2655  3906 D DeviceReportingSecurityChecker: mIsICDStatus === true mIsSim == true mIsMyAccountSignature== false mIsEchoAppSignature== false mIsSprintHubSignature== false
06-06 20:49:24.241  2655  3906 D DeviceReportingSecurityChecker: getStatus
06-06 20:49:24.241  2655  3906 D DeviceReportingSecurityChecker: mIsICDStatus is true
06-06 20:49:24.241  2655  3906 D DeviceReportingSecurityChecker: mIsSim is true
06-06 20:49:24.241  2655  3906 D DeviceReportingSecurityChecker: security check NOT passed
06-06 20:49:24.241  2655  3906 D DeviceReportingSecurityChecker: mIsICDStatus === true mIsSim == true mIsMyAccountSignature== false mIsEchoAppSignature== false mIsSprintHubSignature== false
06-06 20:49:24.241  2655  3906 V WindowManager: Collecting in transition 2314: ActivityRecord{75112145 u0 com.sec.android.app.launcher/com.android.quickstep.RecentsActivity t-1}, caller=com.android.server.wm.Transition.collectExistenceChange:40 com.android.server.wm.ActivityStarter.handleStartResult:779 com.android.server.wm.ActivityStarter.startActivityUnchecked:218 com.android.server.wm.ActivityStarter.executeRequest:3625 com.android.server.wm.ActivityStarter.execute:1873 
06-06 20:49:24.241  2655  3906 V WindowManager: Requesting StartTransition: TransitionRecord{df8a9f8 id=2314 type=OPEN flags=0x0 c=[
06-06 20:49:24.241  2655  3906 V WindowManager:    ChangeInfo{c0a6da4 container=Display{#0 state=ON size=1080x2640 ROTATION_0} flags=0x0}
06-06 20:49:24.241  2655  3906 V WindowManager:    ChangeInfo{eb0d70d container=RemoteWallpaperAnim:1:1@30285923 flags=0x0}
06-06 20:49:24.241  2655  3906 V WindowManager:    ChangeInfo{3dfb6c2 container=ActivityRecord{75112145 u0 com.sec.android.app.launcher/com.android.quickstep.RecentsActivity t-1} flags=0x0}
06-06 20:49:24.241  2655  3906 V WindowManager:    ChangeInfo{bfc1cd3 container=Task{5836591 #1 type=home} flags=0x0}
06-06 20:49:24.241  2655  3906 V WindowManager:    ChangeInfo{952c010 container=DefaultTaskDisplayArea_d0@96291407 flags=0x0}
06-06 20:49:24.241  2655  3906 V WindowManager:    ChangeInfo{b20d709 container=Task{6eb0081 #37392 type=recents I=com.sec.android.app.launcher/com.android.quickstep.RecentsActivity} flags=0x0}
06-06 20:49:24.241  2655  3906 V WindowManager:    ChangeInfo{8767d0e container=ActivityRecord{185727966 u0 app.olauncher/.MainActivity t37390} flags=0x0}
