06-06 20:49:27.640  2655  2758 V WindowManager:   Final targets: [ChangeInfo{ba5425c container=Task{5e77e5a #37518 type=standard A=10408:com.rileydrcelik.wnotes} flags=0x28}, ChangeInfo{2a309e container=Task{6eb0081 #37392 type=recents I=com.sec.android.app.launcher/com.android.quickstep.RecentsActivity} flags=0x10}, ChangeInfo{f04b8aa container=WallpaperWindowToken{dc89ffb showWhenLocked=false}_<system> flags=0x0}]
06-06 20:49:27.640  1854  2196 I SurfaceFlinger: id=29303 createSurf, flag=84004, Transition Root: Task=37518#29303
06-06 20:49:27.641  2655  2758 I SurfaceControlRegistry: show, t=StartTransaction_SyncId<2315> sc=ActivityRecord{134630815 u0 com.rileydrcelik.wnotes/expo.modules.devlauncher.launcher.DevLauncherActivity t37518}, caller=android.view.SurfaceControl$Transaction.show:3557 com.android.server.wm.Transition.onTransactionReady:2048 com.android.server.wm.BLASTSyncEngine$SyncGroup.finishNow:240 com.android.server.wm.BLASTSyncEngine.onSurfacePlacement:263 com.android.server.wm.RootWindowContainer.performSurfacePlacementNoTrace:1110 com.android.server.wm.WindowSurfacePlacer.performSurfacePlacement:166 
06-06 20:49:27.642  2655  2758 D SurfaceComposerClient: setCornerRadius ## WallpaperWindowToken{dc89ffb showWhenLocked=false}#99 cornerRadius=0.000000
06-06 20:49:27.642  2655  2758 D SurfaceComposerClient: setCornerRadius ## Task=37392#229 cornerRadius=0.000000
06-06 20:49:27.642  2655  2758 D SurfaceComposerClient: setCornerRadius ## Task=37518#29296 cornerRadius=0.000000
06-06 20:49:27.642  2655  2758 V WindowManager: Calling onTransitionReady: {id=2315 t=OPEN f=0x0 trk=0 r=[0@Point(0, 0)] c=[
06-06 20:49:27.642  2655  2758 V WindowManager:         {WCT{RemoteToken{c02b074 Task{5e77e5a #37518 type=standard A=10408:com.rileydrcelik.wnotes}}} m=TO_FRONT f=NO_ANIMATION|MOVE_TO_TOP leash=Surface(name=Task=37518)/@0x2c29c9b sb=Rect(0, 0 - 1080, 2640) eb=Rect(0, 0 - 1080, 2640) epz=Point(1080, 2640) d=0 taskParent=-1 opt={t=CUSTOM overrideTask=true enterResId=0 changeResId=0 exitResId=0 mUserId=0} inset=Rect(0, 94 - 0, 45) dim=true},
06-06 20:49:27.642  2655  2758 V WindowManager:         {WCT{RemoteToken{5c1cb88 Task{6eb0081 #37392 type=recents I=com.sec.android.app.launcher/com.android.quickstep.RecentsActivity}}} m=TO_BACK f=SHOW_WALLPAPER|EDGE_EXTENSION_RESTRICTION leash=Surface(name=Task=37392)/@0x64d477a sb=Rect(0, 0 - 1080, 2640) eb=Rect(0, 0 - 1080, 2640) epz=Point(1080, 2640) d=0 taskParent=-1 opt={t=CUSTOM overrideTask=true enterResId=0 changeResId=0 exitResId=0 mUserId=0} inset=Rect(0, 94 - 0, 45)},
06-06 20:49:27.642  2655  2758 V WindowManager:         {m=TO_BACK f=IS_WALLPAPER p=WCT{RemoteToken{4d3b86e RemoteWallpaperAnim:1:1@30285923}} leash=Surface(name=WallpaperWindowToken{dc89ffb showWhenLocked=false})/@0xd4e9a2c sb=Rect(0, 0 - 1080, 2640) eb=Rect(0, 0 - 1080, 2640) epz=Point(1080, 2640) d=0 inset=Rect(0, 0 - 0, 0)}
06-06 20:49:27.642  2655  2758 V WindowManager:     ]}
06-06 20:49:27.643  4281  4281 I HoneySpace.OverviewEventHandler: updateTaskLaunchProgress: false
06-06 20:49:27.643  2655  2754 V WindowManager: Sent Transition (#2315) createdAt=06-06 20:49:27.554 via request=TransitionRequestInfo { type = OPEN, triggerTask = TaskInfo{userId=0 taskId=37518 effectiveUid=10408 displayId=0 isRunning=true baseIntent=Intent { act=android.intent.action.MAIN cat=[android.intent.category.LAUNCHER] flg=0x10300000 cmp=com.rileydrcelik.wnotes/.MainActivity } baseActivity=ComponentInfo{com.rileydrcelik.wnotes/com.rileydrcelik.wnotes.MainActivity} topActivity=ComponentInfo{com.rileydrcelik.wnotes/com.rileydrcelik.wnotes.MainActivity} origActivity=null realActivity=ComponentInfo{com.rileydrcelik.wnotes/com.rileydrcelik.wnotes.MainActivity} numActivities=1 lastActiveTime=411758095 supportsMultiWindow=true resizeMode=1 isResizeable=true minWidth=-1 minHeight=-1 maxWidth=-1 maxHeight=-1 defaultMinSize=220 desktopDefaultMinSize=304 token=WCT{RemoteToken{c02b074 Task{5e77e5a #37518 type=standard A=10408:com.rileydrcelik.wnotes}}} topActivityType=1 pictureInPictureParams=null shouldDockBigOverlays=false launchIntoPipHostTaskId=-1 lastParentTaskIdBeforePip=-1 displayCutoutSafeInsets=Rect(0, 94 - 0, 0) topActivityInfo=ActivityInfo{7f99011 com.rileydrcelik.wnotes.MainActivity} launchCookies=[] positionInParent=Point(0, 0) parentTaskId=-1 isFocused=false isVisible=false isVisibleRequested=false isTopActivityNoDisplay=false isSleeping=false locusId=null displayAreaFeatureId=1 isTopActivityTransparent=false isActivityStackTransparent=false lastNonFullscreenBounds=Rect(81, 684 - 999, 2004) capturedLink=null capturedLinkTimestamp=0 requestedVisibleTypes=-9 topActivityRequestOpenInBrowserEducationTimestamp=0 appCompatTaskInfo=AppCompatTaskInfo { topActivityInSizeCompat=false eligibleForLetterboxEducation= false isLetterboxEducationEnabled= false isLetterboxDoubleTapEnabled= false eligibleForUserAspectRatioButton= false topActivityBoundsLetterboxed= false isFromLetterboxDoubleTap= false topActivityLetterboxVerticalPosition= -1 topActivityLetterboxHorizontalPosition= -1 topActivityLetterboxWidth=-1 topActivityLetterboxHeight=-1 topActivityAppBounds=Rect(0, 0 - 1080, 2640) isUserFullscreenOverrideEnabled=false isSystemFullscreenOverrideEnabled=false hasMinAspectRatioOverride=false topActivityLetterboxBounds=null cameraCompatTaskInfo=CameraCompatTaskInfo { freeformCameraCompatMode=inactive} topActivityBounds=null topActivityInDisplayCompat=false singleTapFromLetterbox=false} topActivityMainWindowFrame=null originallySupportedMultiWindow=true hasWallpaper=false rootAffinity=10408:com.rileydrcelik.wnotes isTopTaskInStage=false CoverLauncherWidgetTask=false LaunchedFromAppsCoverLauncherTask=false LaunchedFromMultistarCoverLauncherTask=false isAllowedSeamlessRotation=false isTopTransparentActivity=false isAliasManaged=false hasConfigChanged=false snappingGuideBounds=null isAiKeyRemoveAppTask=false lastDesktopWindowingBounds=null lastExternalDesktopWindowingBounds=null safeCutoutInsets=null}, pipChange = null, remoteTransition = null, displayChange = null, flags = 0, debugId = 2315 }
06-06 20:49:27.643  1749  8111 W qdgralloc: getInterlacedFlag: getMetaData returned 3, defaulting to interlaced_flag = 0
06-06 20:49:27.643  2655  2754 V WindowManager:     startWCT=WindowContainerTransaction { changes= {} hops= [] errorCallbackToken=null taskFragmentOrganizer=null }
06-06 20:49:27.644  1854  1854 I SurfaceFlinger: [Transition Root: Task=37518#29303] attach to parent LayerHierarchy{RequestedLayerState{DefaultTaskDisplayArea_d0#11 parentId=10} 30 children}
06-06 20:49:27.644  2655  2754 V WindowManager:     info={id=2315 t=OPEN f=0x0 trk=0 r=[0@Point(0, 0)] c=[
06-06 20:49:27.644  2655  2754 V WindowManager:         {WCT{RemoteToken{c02b074 Task{5e77e5a #37518 type=standard A=10408:com.rileydrcelik.wnotes}}} m=TO_FRONT f=NO_ANIMATION|MOVE_TO_TOP leash=Surface(name=Task=37518)/@0x2c29c9b sb=Rect(0, 0 - 1080, 2640) eb=Rect(0, 0 - 1080, 2640) epz=Point(1080, 2640) d=0 taskParent=-1 opt={t=CUSTOM overrideTask=true enterResId=0 changeResId=0 exitResId=0 mUserId=0} inset=Rect(0, 94 - 0, 45) dim=true},
06-06 20:49:27.644  2655  2754 V WindowManager:         {WCT{RemoteToken{5c1cb88 Task{6eb0081 #37392 type=recents I=com.sec.android.app.launcher/com.android.quickstep.RecentsActivity}}} m=TO_BACK f=SHOW_WALLPAPER|EDGE_EXTENSION_RESTRICTION leash=Surface(name=Task=37392)/@0x64d477a sb=Rect(0, 0 - 1080, 2640) eb=Rect(0, 0 - 1080, 2640) epz=Point(1080, 2640) d=0 taskParent=-1 opt={t=CUSTOM overrideTask=true enterResId=0 changeResId=0 exitResId=0 mUserId=0} inset=Rect(0, 94 - 0, 45)},
06-06 20:49:27.644  2655  2754 V WindowManager:         {m=TO_BACK f=IS_WALLPAPER p=WCT{RemoteToken{4d3b86e RemoteWallpaperAnim:1:1@30285923}} leash=Surface(name=WallpaperWindowToken{dc89ffb showWhenLocked=false})/@0xd4e9a2c sb=Rect(0, 0 - 1080, 2640) eb=Rect(0, 0 - 1080, 2640) epz=Point(1080, 2640) d=0 inset=Rect(0, 0 - 0, 0)}
06-06 20:49:27.644  2655  2754 V WindowManager:     ]}
06-06 20:49:27.644  1749  8111 W qdgralloc: getInterlacedFlag: getMetaData returned 3, defaulting to interlaced_flag = 0
06-06 20:49:27.644  1854  1955 I SurfaceFlinger: id=29304 createSurf, flag=84000, a1c3b3e ActivityRecordInputSink com.rileydrcelik.wnotes/expo.modules.devlauncher.launcher.DevLauncherActivity#29304
06-06 20:49:27.644  3613  4001 V WindowManagerShell: onTransitionReady(transaction=11403138336038)
06-06 20:49:27.644  3613  3698 V WindowManagerShell: onTransitionReady (#2315) android.os.BinderProxy@e8b2e69: {id=2315 t=OPEN f=0x0 trk=0 r=[0@Point(0, 0)] c=[
06-06 20:49:27.644  3613  3698 V WindowManagerShell:         {m=TO_FRONT f=NO_ANIMATION|MOVE_TO_TOP leash=Surface(name=Task=37518)/@0x1d77e4e sb=Rect(0, 0 - 1080, 2640) eb=Rect(0, 0 - 1080, 2640) epz=Point(1080, 2640) d=0 taskParent=-1 opt={t=CUSTOM overrideTask=true enterResId=0 changeResId=0 exitResId=0 mUserId=0} inset=Rect(0, 94 - 0, 45) dim=true},
06-06 20:49:27.644  3613  3698 V WindowManagerShell:         {m=TO_BACK f=SHOW_WALLPAPER|EDGE_EXTENSION_RESTRICTION leash=Surface(name=Task=37392)/@0xf90bb6f sb=Rect(0, 0 - 1080, 2640) eb=Rect(0, 0 - 1080, 2640) epz=Point(1080, 2640) d=0 taskParent=-1 opt={t=CUSTOM overrideTask=true enterResId=0 changeResId=0 exitResId=0 mUserId=0} inset=Rect(0, 94 - 0, 45)},
06-06 20:49:27.644  3613  3698 V WindowManagerShell:         {m=TO_BACK f=IS_WALLPAPER p=WCT{android.window.IWindowContainerToken$Stub$Proxy@731315a} leash=Surface(name=WallpaperWindowToken{dc89ffb showWhenLocked=false})/@0x95d07c sb=Rect(0, 0 - 1080, 2640) eb=Rect(0, 0 - 1080, 2640) epz=Point(1080, 2640) d=0 inset=Rect(0, 0 - 0, 0)}
06-06 20:49:27.644  3613  3698 V WindowManagerShell:     ]}
06-06 20:49:27.645  3613  3698 V ShellDesktopMode: DesktopModeLogger: taskInfo map after processing changes 0
06-06 20:49:27.645  3613  3698 D ShellDesktopMode: DesktopTaskChangeListener: onTaskMovingToFront for taskId=37518, displayId=0
06-06 20:49:27.645 17733 17733 I ViewRootImpl: dVRR is disabled
06-06 20:49:27.645  3613  3698 I SurfaceControlRegistry: hide, t=FinishTransaction_SyncId<2315> sc=Task=37392, caller=android.view.SurfaceControl$Transaction.hide:3583 com.android.wm.shell.transition.Transitions.dispatchReady:1263 com.android.wm.shell.transition.Transitions.onTransitionReady:251 com.android.wm.shell.transition.Transitions$TransitionPlayerImpl$$ExternalSyntheticLambda0.run:13 android.os.Handler.handleCallback:995 android.os.Handler.dispatchMessage:103 
06-06 20:49:27.645  3613  3698 I SurfaceControlRegistry: show, t=StartTransaction_SyncId<2315> sc=Task=37518, caller=android.view.SurfaceControl$Transaction.show:3557 com.android.wm.shell.transition.Transitions.dispatchReady:1279 com.android.wm.shell.transition.Transitions.onTransitionReady:251 com.android.wm.shell.transition.Transitions$TransitionPlayerImpl$$ExternalSyntheticLambda0.run:13 android.os.Handler.handleCallback:995 android.os.Handler.dispatchMessage:103 
06-06 20:49:27.645  3613  3698 I SurfaceControlRegistry: show, t=FinishTransaction_SyncId<2315> sc=Task=37518, caller=android.view.SurfaceControl$Transaction.show:3557 com.android.wm.shell.transition.Transitions.dispatchReady:1330 com.android.wm.shell.transition.Transitions.onTransitionReady:251 com.android.wm.shell.transition.Transitions$TransitionPlayerImpl$$ExternalSyntheticLambda0.run:13 android.os.Handler.handleCallback:995 android.os.Handler.dispatchMessage:103 
06-06 20:49:27.645  3613  3698 V WindowManagerShell: Playing animation for (#2315) android.os.BinderProxy@e8b2e69@0
06-06 20:49:27.645  3613  3698 I SurfaceControlRegistry: show, t=StartTransaction_SyncId<2315> sc=Transition Root: Task=37518, caller=android.view.SurfaceControl$Transaction.show:3557 com.android.wm.shell.transition.Transitions.playTransition:79 com.android.wm.shell.transition.Transitions.processReadyQueue:239 com.android.wm.shell.transition.Transitions.dispatchReady:1352 com.android.wm.shell.transition.Transitions.onTransitionReady:251 com.android.wm.shell.transition.Transitions$TransitionPlayerImpl$$ExternalSyntheticLambda0.run:13 
06-06 20:49:27.645  3613  3698 D ShellSplitScreen: startAnimation: transition=2315 isSplitActive=false
06-06 20:49:27.645  3613  3698 V ShellRecents: RecentsTransitionHandler.startAnimation: no controller found
06-06 20:49:27.645  3613  3698 V ShellDesktopMode: DesktopMixedTransitionHandler: No pending desktop transition
06-06 20:49:27.645  3613  3698 V WindowManagerShell: Transition doesn't have explicit remote, search filters for match for {id=2315 t=OPEN f=0x0 trk=0 r=[0@Point(0, 0)] c=[{m=TO_FRONT f=NO_ANIMATION|MOVE_TO_TOP leash=Surface(name=Task=37518)/@0x1d77e4e sb=Rect(0, 0 - 1080, 2640) eb=Rect(0, 0 - 1080, 2640) epz=Point(1080, 2640) d=0 taskParent=-1 opt={t=CUSTOM overrideTask=true enterResId=0 changeResId=0 exitResId=0 mUserId=0} inset=Rect(0, 94 - 0, 45) dim=true},{m=TO_BACK f=SHOW_WALLPAPER|EDGE_EXTENSION_RESTRICTION leash=Surface(name=Task=37392)/@0xf90bb6f sb=Rect(0, 0 - 1080, 2640) eb=Rect(0, 0 - 1080, 2640) epz=Point(1080, 2640) d=0 taskParent=-1 opt={t=CUSTOM overrideTask=true enterResId=0 changeResId=0 exitResId=0 mUserId=0} inset=Rect(0, 94 - 0, 45)},{m=TO_BACK f=IS_WALLPAPER p=WCT{android.window.IWindowContainerToken$Stub$Proxy@731315a} leash=Surface(name=WallpaperWindowToken{dc89ffb showWhenLocked=false})/@0x95d07c sb=Rect(0, 0 - 1080, 2640) eb=Rect(0, 0 - 1080, 2640) epz=Point(1080, 2640) d=0 inset=Rect(0, 0 - 0, 0)}]}
06-06 20:49:27.645 17733 17778 D NativeCustomFrequencyManager: [NativeCFMS] BpCustomFrequencyManager::BpCustomFrequencyManager()
06-06 20:49:27.645  3613  3698 V WindowManagerShell:  Delegate animation for (#2315) to null
06-06 20:49:27.646  3613  3698 V WindowManagerShell: start default transition animation, info = {id=2315 t=OPEN f=0x0 trk=0 r=[0@Point(0, 0)] c=[{m=TO_FRONT f=NO_ANIMATION|MOVE_TO_TOP leash=Surface(name=Task=37518)/@0x1d77e4e sb=Rect(0, 0 - 1080, 2640) eb=Rect(0, 0 - 1080, 2640) epz=Point(1080, 2640) d=0 taskParent=-1 opt={t=CUSTOM overrideTask=true enterResId=0 changeResId=0 exitResId=0 mUserId=0} inset=Rect(0, 94 - 0, 45) dim=true},{m=TO_BACK f=SHOW_WALLPAPER|EDGE_EXTENSION_RESTRICTION leash=Surface(name=Task=37392)/@0xf90bb6f sb=Rect(0, 0 - 1080, 2640) eb=Rect(0, 0 - 1080, 2640) epz=Point(1080, 2640) d=0 taskParent=-1 opt={t=CUSTOM overrideTask=true enterResId=0 changeResId=0 exitResId=0 mUserId=0} inset=Rect(0, 94 - 0, 45)},{m=TO_BACK f=IS_WALLPAPER p=WCT{android.window.IWindowContainerToken$Stub$Proxy@731315a} leash=Surface(name=WallpaperWindowToken{dc89ffb showWhenLocked=false})/@0x95d07c sb=Rect(0, 0 - 1080, 2640) eb=Rect(0, 0 - 1080, 2640) epz=Point(1080, 2640) d=0 inset=Rect(0, 0 - 0, 0)}]}
06-06 20:49:27.646  3613  3698 I SurfaceControlRegistry: apply, t=StartTransaction_SyncId<2315>, caller=android.view.SurfaceControl$Transaction.apply:3459 android.view.SurfaceControl$Transaction.apply:3447 android.view.SurfaceControl$Transaction.apply:3397 com.android.wm.shell.transition.DefaultTransitionHandler.startAnimation:3439 com.android.wm.shell.transition.Transitions.dispatchTransition:90 com.android.wm.shell.transition.Transitions.playTransition:774 
06-06 20:49:27.646  2655  3238 D VibrationThread: Playing vibration id 11166 on vibrator 0 CompleteEffectVibratorStep
06-06 20:49:27.646  2655  3238 D VibrationThread: Running complete vibration step on vibrator 0
06-06 20:49:27.646  2655  3238 D VibrationThread: Playing vibration id 11166 on vibrator 0 TurnOffVibratorStep
06-06 20:49:27.646  2655  3238 D VibrationThread: Turning off vibrator 0
06-06 20:49:27.646  1757  1757 E SecVibrator-HAL-AIDL-CORE: V_2_0: Vibrator off
06-06 20:49:27.646  1757  1757 E SecVibrator-HAL-AIDL-CORE: HW_API: do_off
06-06 20:49:27.646  1757  1757 E SecVibrator-HAL-AIDL-CORE: HW_API: >> writeNode node:/timed_output/vibrator/enable val:0
06-06 20:49:27.646  2655  3906 D InputTransport: Input channel constructed: '6a46777', fd=1296
06-06 20:49:27.646  2655  3906 D InputTransport: Input channel constructed: '6a46777', fd=1311
06-06 20:49:27.646  2655  3906 D InputTransport: Input channel constructed: '6a46777', fd=1315
06-06 20:49:27.646  2655  3906 D InputTransport: Input channel destroyed: '6a46777', fd=1311
06-06 20:49:27.647  3613  3698 V WindowManagerShell: Transition animation finished (aborted=false), notifying core (#2315) android.os.BinderProxy@e8b2e69@0
06-06 20:49:27.647  3613  3698 I SurfaceControlRegistry: apply, t=FinishTransaction_SyncId<2315>, caller=android.view.SurfaceControl$Transaction.apply:3459 android.view.SurfaceControl$Transaction.apply:3447 android.view.SurfaceControl$Transaction.apply:3397 com.android.wm.shell.transition.Transitions.onFinish:315 com.android.wm.shell.transition.Transitions$$ExternalSyntheticLambda7.onTransitionFinished:12 com.android.wm.shell.transition.DefaultTransitionHandler.startAnimation:3443 
06-06 20:49:27.647  1854  1955 I SurfaceFlinger: id=29305 createSurf, flag=84004, 6a46777 com.rileydrcelik.wnotes/expo.modules.devlauncher.launcher.DevLauncherActivity#29305
06-06 20:49:27.647  1749  8111 W qdgralloc: getInterlacedFlag: getMetaData returned 3, defaulting to interlaced_flag = 0
06-06 20:49:27.647  2655  3906 D RestrictionPolicy: isScreenCaptureEnabled : ret=true userId=0
06-06 20:49:27.647  2655  3906 D RestrictionPolicy: isScreenCaptureEnabled : ret=true userId=0
06-06 20:49:27.647  1749  8111 W qdgralloc: getInterlacedFlag: getMetaData returned 3, defaulting to interlaced_flag = 0
06-06 20:49:27.647  2655  3906 D InputTransport: Input channel destroyed: '6a46777', fd=1315
06-06 20:49:27.648  1757  1757 E SecVibrator-HAL-AIDL-CORE: HW_API: << writeNode node OK : 2
06-06 20:49:27.648 17733 17733 D InputTransport: Input channel constructed: '6a46777', fd=134
06-06 20:49:27.648  2655  3700 V WindowManager: Finish Transition: TransitionRecord{c78c1ad id=2315 type=OPEN flags=0x0 c=[
06-06 20:49:27.648  2655  3700 V WindowManager:    ChangeInfo{28ccba9 container=Display{#0 state=ON size=1080x2640 ROTATION_0} flags=0x0}
06-06 20:49:27.648  2655  3700 V WindowManager:    ChangeInfo{debded9 container=RemoteWallpaperAnim:1:1@30285923 flags=0x0}
06-06 20:49:27.648  2655  3700 V WindowManager:    ChangeInfo{9b6652e container=ActivityRecord{54222050 u0 com.rileydrcelik.wnotes/.MainActivity t37518 f}} flags=0x0}
06-06 20:49:27.648  2655  3700 V WindowManager:    ChangeInfo{51148cf container=DefaultTaskDisplayArea_d0@96291407 flags=0x0}
06-06 20:49:27.648  2655  3700 V WindowManager:    ChangeInfo{ba5425c container=Task{5e77e5a #37518 type=standard A=10408:com.rileydrcelik.wnotes} flags=0x28}
06-06 20:49:27.648  2655  3700 V WindowManager:    ChangeInfo{2a309e container=Task{6eb0081 #37392 type=recents I=com.sec.android.app.launcher/com.android.quickstep.RecentsActivity} flags=0x10}
06-06 20:49:27.648  2655  3700 V WindowManager:    ChangeInfo{4fb077f container=ActivityRecord{134630815 u0 com.rileydrcelik.wnotes/expo.modules.devlauncher.launcher.DevLauncherActivity t37518} flags=0x8}
06-06 20:49:27.648  2655  3700 V WindowManager:    ChangeInfo{665134c container=ActivityRecord{199115880 u0 com.sec.android.app.launcher/com.android.quickstep.RecentsActivity t37392} flags=0x0}
06-06 20:49:27.648  2655  3700 V WindowManager:    ChangeInfo{db28f95 container=WallpaperWindowToken{c5c4c76 showWhenLocked=true}_<lock> flags=0x0}
06-06 20:49:27.648  2655  3700 V WindowManager:    ChangeInfo{f04b8aa container=WallpaperWindowToken{dc89ffb showWhenLocked=false}_<system> flags=0x0}
06-06 20:49:27.648  2655  3700 V WindowManager: ]
06-06 20:49:27.648  2655  3700 V WindowManager: }, caller=com.android.server.wm.WindowOrganizerController.finishTransitionInner:31 com.android.server.wm.WindowOrganizerController.finishAllTransitions:60 android.window.IWindowOrganizerController$Stub.onTransact:283 
06-06 20:49:27.648  2655  3238 D VibrationThread: Vibration 11166 finished with EndInfo{status=FINISHED, endedBy=null}
06-06 20:49:27.648  2655  3238 D VibrationThread: Playing vibration id 11166 FinishSequentialEffectStep (cleanup)
06-06 20:49:27.648  2655  3238 D VibrationThread: FinishSequentialEffectStep for effect #0
06-06 20:49:27.648 17733 17733 I InsetsController: onStateChanged: host=com.rileydrcelik.wnotes/expo.modules.devlauncher.launcher.DevLauncherActivity, from=android.view.ViewRootImpl.onInsetsStateChanged:3026, state=InsetsState: {mDisplayFrame=Rect(0, 0 - 1080, 2640), mDisplayCutout=DisplayCutout{insets=Rect(0, 94 - 0, 0) waterfall=Insets{left=0, top=0, right=0, bottom=0} boundingRect={Bounds=[Rect(0, 0 - 0, 0), Rect(505, 0 - 576, 94), Rect(0, 0 - 0, 0), Rect(0, 0 - 0, 0)]} cutoutPathParserInfo={CutoutPathParserInfo{displayWidth=1080 displayHeight=2640 physicalDisplayWidth=1080 physicalDisplayHeight=2640 density={3.0} cutoutSpec={M 0,0 H -11.83333333333333 V 31.33333333333333 H 11.83333333333333 V 0 H 0 Z @dp} rotation={0} scale={1.0} physicalPixelDisplaySizeRatio={1.0}}} sideOverrides={}}, mRoundedCorners=RoundedCorners{[RoundedCorner{position=TopLeft, radius=114, center=Point(114, 114)}, RoundedCorner{position=TopRight, radius=114, center=Point(966, 114)}, RoundedCorner{position=BottomRight, radius=114, center=Point(966, 2526)}, RoundedCorner{position=BottomLeft, radius=114, center=Point(114, 2526)}]}  mRoundedCornerFrame=Rect(0, 0 - 1080, 2640), mPrivacyIndicatorBounds=PrivacyIndicatorBounds {static bounds=Rect(948, 0 - 1080, 94) rotation=0}, mDisplayShape=DisplayShape{ spec=-311912193 displayWidth=1080 displayHeight=2640 physicalPixelDisplaySizeRatio=1.0 rotation=0 offsetX=0 offsetY=0 scale=1.0}, mSources= { InsetsSource: {3 mType=ime mFrame=[0,0][0,0] mVisible=false mFlags= mSideHint=NONE mBoundingRects=null}, InsetsSource: {27 mType=displayCutout mFrame=[0,0][1080,94] mVisible=true mFlags= mSideHint=TOP mBoundingRects=null}, InsetsSource: {4c3f0000 mType=statusBars mFrame=[0,0][1080,94] mVisible=true mFlags= mSideHint=TOP mBoundingRects=null}, InsetsSource: {4c3f0005 mType=mandatorySystemGestures mFrame=[0,0][1080,130] mVisible=true mFlags= mSideHint=TOP mBoundingRects=null}, InsetsSource: {4c3f0006 mType=tappableElement mFrame=[0,0][1080,94] mVisible=true mFlags= mSideHint=TOP mBoundingRects=null}, InsetsSource: {4e9f0001 mType=navigationBars mFrame=[0,2595][1080,2640] mVisible=true mFlags=SUPPRESS_SCRIM mSideHint=BOTTOM mBoundingRects=null}, InsetsSource: {4e9f0004 mType=systemGestures mFrame=[0,0][67,2640] mVisible=true mFlags= mSideHint=LEFT mBoundingRects=null}, InsetsSource: {4e9f0005 mType=mandatorySystemGestures mFrame=[0,2544][1080,2640] mVisible=true mFlags= mSideHint=BOTTOM mBoundingRects=null}, InsetsSource: {4e9f0006 mType=tappableElement mFrame=[0,0][0,0] mVisible=true mFlags= mSideHint=NONE mBoundingRects=null}, InsetsSource: {4e9f0024 mType=systemGestures mFrame=[1013,0][1080,2640] mVisible=true mFlags= mSideHint=RIGHT mBoundingRects=null} }
06-06 20:49:27.648  2655  3700 V WindowManager: Setting visibility of Window{332ac72 u0 com.sec.android.app.launcher/com.android.quickstep.RecentsActivity}: false, caller=com.android.server.wm.WindowContainer.sendAppVisibilityToClients:19 com.android.server.wm.WindowToken.setClientVisible:48 com.android.server.wm.ActivityRecord.commitVisibility:186 com.android.server.wm.TransitionController.finishTransition:846 com.android.server.wm.WindowOrganizerController.finishTransitionInner:31 
06-06 20:49:27.648  2655  3238 D VibratorManagerService: VibrationThread released vibration 11166
06-06 20:49:27.648 17733 17733 I VRI[DevLauncherActivity]@993f174: synced displayState. AttachInfo displayState=2
06-06 20:49:27.648  2655  3238 D VibratorManagerService: Finish AppOp mode VIBRATE for uid 10133 and package com.sec.android.app.launcher
06-06 20:49:27.648 17733 17733 I VRI[DevLauncherActivity]@993f174: setView = com.android.internal.policy.DecorView@7930ee3 IsHRR=false mFlingFrameRateChange=0 TM=true
06-06 20:49:27.648  2655  3700 V WindowManager: Setting visibility of Window{4bd1210 u0 com.android.systemui.wallpapers.ImageWallpaper}: false, caller=com.android.server.wm.WindowContainer.sendAppVisibilityToClients:19 com.android.server.wm.WindowToken.setClientVisible:48 com.android.server.wm.WallpaperWindowToken.setVisible$1:3 com.android.server.wm.WallpaperWindowToken.commitVisibility:48 com.android.server.wm.TransitionController.finishTransition:1252 
06-06 20:49:27.648  2655  3238 D VibratorManagerService: Vibration for uid=10133 and with attrs=VibrationAttributes{mUsage=TOUCH, mAudioUsage= USAGE_UNKNOWN, mFlags=0, tags=} ended with status FINISHED
06-06 20:49:27.648  2655  3700 D PersonaActivityHelper: token.toString()  Token{f5f9873 ActivityRecord{54222050 u0 com.rileydrcelik.wnotes/.MainActivity t37518 f}}}
06-06 20:49:27.648  2655  3700 D PersonaActivityHelper: mLastResumedSFActivity getPackageName  com.android.settings
06-06 20:49:27.648  2655  3700 D PersonaActivityHelper: mLastResumedSFActivity getShortClassName  .SubSettings
06-06 20:49:27.648  3613  4001 I WallpaperService: dispatchAppVisibility: system, visible=false , mLidState = 1
06-06 20:49:27.648  4281  4281 I VRI[RecentsActivity]@69a06cf: handleAppVisibility mAppVisible = true visible = false
06-06 20:49:27.648  2655  3700 D PersonaActivityHelper: token.toString()  Token{e4faeec ActivityRecord{134630815 u0 com.rileydrcelik.wnotes/expo.modules.devlauncher.launcher.DevLauncherActivity t37518}}
06-06 20:49:27.648  2655  3700 D PersonaActivityHelper: mLastResumedSFActivity getPackageName  com.android.settings
06-06 20:49:27.648  2655  3700 D PersonaActivityHelper: mLastResumedSFActivity getShortClassName  .SubSettings
06-06 20:49:27.649  2655  3700 D PersonaActivityHelper: token.toString()  Token{fcb526 ActivityRecord{199115880 u0 com.sec.android.app.launcher/com.android.quickstep.RecentsActivity t37392}}
06-06 20:49:27.649  2655  3700 D PersonaActivityHelper: mLastResumedSFActivity getPackageName  com.android.settings
06-06 20:49:27.649  2655  3700 D PersonaActivityHelper: mLastResumedSFActivity getShortClassName  .SubSettings
06-06 20:49:27.649  2655  3700 D ChangeTransitionController: onTransitionFinished: TransitionRecord{c78c1ad id=2315 type=OPEN flags=0x0 c=[
06-06 20:49:27.649  2655  3700 D ChangeTransitionController:    ChangeInfo{28ccba9 container=Display{#0 state=ON size=1080x2640 ROTATION_0} flags=0x0}
06-06 20:49:27.649  2655  3700 D ChangeTransitionController:    ChangeInfo{debded9 container=RemoteWallpaperAnim:1:1@30285923 flags=0x0}
06-06 20:49:27.649  2655  3700 D ChangeTransitionController:    ChangeInfo{9b6652e container=ActivityRecord{54222050 u0 com.rileydrcelik.wnotes/.MainActivity t37518 f}} flags=0x0}
06-06 20:49:27.649  2655  3700 D ChangeTransitionController:    ChangeInfo{51148cf container=DefaultTaskDisplayArea_d0@96291407 flags=0x0}
06-06 20:49:27.649  2655  3700 D ChangeTransitionController:    ChangeInfo{ba5425c container=Task{5e77e5a #37518 type=standard A=10408:com.rileydrcelik.wnotes} flags=0x28}
06-06 20:49:27.649  2655  3700 D ChangeTransitionController:    ChangeInfo{2a309e container=Task{6eb0081 #37392 type=recents I=com.sec.android.app.launcher/com.android.quickstep.RecentsActivity} flags=0x10}
06-06 20:49:27.649  2655  3700 D ChangeTransitionController:    ChangeInfo{4fb077f container=ActivityRecord{134630815 u0 com.rileydrcelik.wnotes/expo.modules.devlauncher.launcher.DevLauncherActivity t37518} flags=0x8}
06-06 20:49:27.649  2655  3700 D ChangeTransitionController:    ChangeInfo{665134c container=ActivityRecord{199115880 u0 com.sec.android.app.launcher/com.android.quickstep.RecentsActivity t37392} flags=0x0}
06-06 20:49:27.649  2655  3700 D ChangeTransitionController:    ChangeInfo{db28f95 container=WallpaperWindowToken{c5c4c76 showWhenLocked=true}_<lock> flags=0x0}
06-06 20:49:27.649  2655  3700 D ChangeTransitionController:    ChangeInfo{f04b8aa container=WallpaperWindowToken{dc89ffb showWhenLocked=false}_<system> flags=0x0}
06-06 20:49:27.649  2655  3700 D ChangeTransitionController: ]
06-06 20:49:27.649  2655  3700 D ChangeTransitionController: }
06-06 20:49:27.649  3613  4266 I WallpaperService: reportVisibility: visibility changed. visible=false
06-06 20:49:27.649  3613  4266 I ImageWallpaper_5[Image]:  onVisibilityChanged: visible=false , displayId=0
06-06 20:49:27.649  2655  2754 V WindowManager: Finish Transition (#2315): created at 06-06 20:49:27.554 collect-started=0.367ms request-sent=5.322ms started=9.849ms ready=61.197ms sent=87.77ms finished=93.392ms
06-06 20:49:27.649  3613  3698 V WindowManagerShell: Track 0 became idle
06-06 20:49:27.650  3613  3698 V WindowManagerShell: All active transition animations finished
06-06 20:49:27.650  3613  3698 V WindowManagerShell:  animated by com.android.wm.shell.transition.DefaultTransitionHandler@affb32a
06-06 20:49:27.650  3613  3698 V WindowManagerShell: Track 0 became idle
06-06 20:49:27.650  3613  3698 V WindowManagerShell: All active transition animations finished
06-06 20:49:27.650  2655  6409 D SyntheticPasswordManager.SDP: Inside fromBytes() - result.pinLength : -1
06-06 20:49:27.650  2655  6409 D SyntheticPasswordManager.SDP: 2. result.secureMode : 0
06-06 20:49:27.651  2655  2870 D AnalyticsContainerHandler: handleMessage : { when=0 what=1 target=com.android.server.knox.KnoxAnalyticsContainer$AnalyticsHandler }
06-06 20:49:27.651  2655  2870 D AnalyticsContainerHandler: handleMessage : { when=0 what=2 target=com.android.server.knox.KnoxAnalyticsContainer$AnalyticsHandler }
06-06 20:49:27.651  2655  2758 I WindowManager: Cancelling animation restarting=true, leash=Surface(name=Surface(name=2de5937 NavigationBar0)/@0xbb574c - animation-leash of insets_animation)/@0x4ab59b1
06-06 20:49:27.651  2655  2758 I WindowManager: Reparenting to original parent: Surface(name=WindowToken{4d55636 type=2019 android.os.BinderProxy@6fd1af8})/@0x5258395, destroy=false, surface=Surface(name=2de5937 NavigationBar0)/@0xbb574c
06-06 20:49:27.651  2655  2758 I WindowManager: Reparenting to leash, surface=Surface(name=2de5937 NavigationBar0)/@0xbb574c, leashParent=Surface(name=WindowToken{4d55636 type=2019 android.os.BinderProxy@6fd1af8})/@0x5258395
06-06 20:49:27.651  1854  1955 I SurfaceFlinger: id=29306 createSurf, flag=24000, Surface(name=2de5937 NavigationBar0)/@0xbb574c - animation-leash of insets_animation#29306
06-06 20:49:27.652  1854  1854 I SurfaceFlinger: RequestedLayer [Task=37518#29296] hidden!! flag  from(1) --> to(0)
06-06 20:49:27.652  1854  1854 I SurfaceFlinger: RequestedLayer [ActivityRecord{134630815 u0 com.rile[...]er.DevLauncherActivity t37518}#29298] hidden!! flag  from(1) --> to(0)
06-06 20:49:27.652  1854  1854 I SurfaceFlinger: RequestedLayer [645a531 Splash Screen com.rileydrcelik.wnotes#29299] hidden!! flag  from(1) --> to(0)
06-06 20:49:27.652  1854  1854 I SurfaceFlinger: RequestedLayer [47eef84 com.rileydrcelik.wnotes/com.rileydrcelik.wnotes.MainActivity#29300] hidden!! flag  from(1) --> to(0)
06-06 20:49:27.652  1854  1854 I SurfaceFlinger: RequestedLayer [Splash Screen com.rileydrcelik.wnotes$_3613#29302] hidden!! flag  from(1) --> to(0)
06-06 20:49:27.652  1854  1854 I SurfaceFlinger: RequestedLayer [Transition Root: Task=37518#29303] hidden!! flag  from(1) --> to(0)
06-06 20:49:27.652  1854  1854 E SurfaceFlinger: alpha changed 1.000 -> 0.000 - Task=37518#29296
06-06 20:49:27.652  1854  1854 I SurfaceFlinger: RequestedLayer [Task=37392#229] hidden!! flag  from(0) --> to(1)
06-06 20:49:27.652  2655  2758 D WindowManager: makeSurface duration=1 leash=Surface(name=Surface(name=2de5937 NavigationBar0)/@0xbb574c - animation-leash of insets_animation)/@0xa57b302
06-06 20:49:27.652  1854  1854 E SurfaceFlinger: alpha changed 0.000 -> 1.000 - Task=37518#29296
06-06 20:49:27.652  1854  1854 I SurfaceFlinger: [Display 0 name="Built-in Screen"#50] setFrameRateCategory: Default
06-06 20:49:27.652  1854  1854 I SurfaceFlinger: [LayerHierarchy{RequestedLayerState{WallpaperWindowToken{dc89ffb showWhenLocked=false}#99 parentId=9 z=1} 1 children}] reparent to LayerHierarchy{RequestedLayerState{Leaf:1:1#9 parentId=8} 2 children}
06-06 20:49:27.652  1854  1854 I SurfaceFlinger: [LayerHierarchy{RequestedLayerState{Task=37392#229 parentId=11 z=25} 1 children}] reparent to LayerHierarchy{RequestedLayerState{DefaultTaskDisplayArea_d0#11 parentId=10} 30 children}
06-06 20:49:27.652  1854  1854 I SurfaceFlinger: [LayerHierarchy{RequestedLayerState{Task=37518#29296 parentId=11 z=26} 2 children}] reparent to LayerHierarchy{RequestedLayerState{DefaultTaskDisplayArea_d0#11 parentId=10} 30 children}
06-06 20:49:27.652  1854  1854 I SurfaceFlinger: [LayerHierarchy{RequestedLayerState{Transition Root: Task=37518#29303 z=26} no children}] reparent to OffscreenRoot
06-06 20:49:27.652  1854  1854 I SurfaceFlinger: [LayerHierarchy{RequestedLayerState{Transition Root: Task=37518#29303 z=26} no children}] RelativeParent to null
06-06 20:49:27.652  1854  1854 I SurfaceFlinger: [a1c3b3e ActivityRecordInputSink com.rileydrcelik.wnotes/expo.modules.devlauncher.launcher.DevLauncherActivity#29304] attach to parent LayerHierarchy{RequestedLayerState{ActivityRecord{134630815 u0 com.rileydrcelik.wnotes/expo.modules.devlauncher.launcher.DevLauncherActivity t37518}#29298 parentId=29296 z=1} 2 children}
06-06 20:49:27.652  1854  1854 I SurfaceFlinger: [6a46777 com.rileydrcelik.wnotes/expo.modules.devlauncher.launcher.DevLauncherActivity#29305] attach to parent LayerHierarchy{RequestedLayerState{ActivityRecord{134630815 u0 com.rileydrcelik.wnotes/expo.modules.devlauncher.launcher.DevLauncherActivity t37518}#29298 parentId=29296 z=1} 3 children}
06-06 20:49:27.652  1854  1854 I SurfaceFlinger: [Surface(name=2de5937 NavigationBar0)/@0xbb574c - animation-leash of insets_animation#29306] attach to parent LayerHierarchy{RequestedLayerState{WindowToken{4d55636 type=2019 android.os.BinderProxy@6fd1af8}#115 parentId=35} 2 children}
06-06 20:49:27.652  2655  2758 D InsetsSourceProvider: updateControlForTarget: control=InsetsSourceControl: {4e9f0001 mType=navigationBars initiallyVisible mSurfacePosition=Point(0, 2496) mInsetsHint=Insets{left=0, top=0, right=0, bottom=45}}, target=Window{645a531 u0 Splash Screen com.rileydrcelik.wnotes}, from=com.android.server.wm.InsetsStateController.onControlTargetChanged:83 com.android.server.wm.InsetsPolicy.updateBarControlTarget:225 com.android.server.wm.DisplayPolicy.updateSystemBarAttributes:262 com.android.server.wm.DisplayPolicy.finishPostLayoutPolicyLw:17 com.android.server.wm.RootWindowContainer.applySurfaceChangesTransaction$1:195 
06-06 20:49:27.652  2655  2758 I WindowManager: Cancelling animation restarting=true, leash=Surface(name=Surface(name=3d74b5d StatusBar)/@0xfb0b09b - animation-leash of insets_animation)/@0x61a5a17
06-06 20:49:27.652  2655  2758 I WindowManager: Reparenting to original parent: Surface(name=WindowToken{ecbc134 type=2000 android.os.BinderProxy@4ba246})/@0x6ec9c38, destroy=false, surface=Surface(name=3d74b5d StatusBar)/@0xfb0b09b
06-06 20:49:27.652  2655  2758 I WindowManager: Reparenting to leash, surface=Surface(name=3d74b5d StatusBar)/@0xfb0b09b, leashParent=Surface(name=WindowToken{ecbc134 type=2000 android.os.BinderProxy@4ba246})/@0x6ec9c38
06-06 20:49:27.652  1854  1955 I SurfaceFlinger: id=29307 createSurf, flag=24000, Surface(name=3d74b5d StatusBar)/@0xfb0b09b - animation-leash of insets_animation#29307
06-06 20:49:27.653  2655  2758 D WindowManager: makeSurface duration=0 leash=Surface(name=Surface(name=3d74b5d StatusBar)/@0xfb0b09b - animation-leash of insets_animation)/@0xec7b650
06-06 20:49:27.653  2655  2758 D InsetsSourceProvider: updateControlForTarget: control=InsetsSourceControl: {4c3f0000 mType=statusBars initiallyVisible mSurfacePosition=Point(0, 0) mInsetsHint=Insets{left=0, top=94, right=0, bottom=0}}, target=Window{645a531 u0 Splash Screen com.rileydrcelik.wnotes}, from=com.android.server.wm.InsetsStateController.onControlTargetChanged:83 com.android.server.wm.InsetsPolicy.updateBarControlTarget:212 com.android.server.wm.DisplayPolicy.updateSystemBarAttributes:262 com.android.server.wm.DisplayPolicy.finishPostLayoutPolicyLw:17 com.android.server.wm.RootWindowContainer.applySurfaceChangesTransaction$1:195 
06-06 20:49:27.653  2655  2758 D WindowManager: updateSystemBarAttributes: displayId=0, focusedCanBeNavColorWin=false, win=Window{645a531 u0 Splash Screen com.rileydrcelik.wnotes}, navColorWin=Window{645a531 u0 Splash Screen com.rileydrcelik.wnotes}, caller=com.android.server.wm.DisplayPolicy.finishPostLayoutPolicyLw:17 com.android.server.wm.RootWindowContainer.applySurfaceChangesTransaction$1:195 com.android.server.wm.RootWindowContainer.performSurfacePlacementNoTrace:86 
06-06 20:49:27.653  2655  2758 D WindowManager: updateSystemBarAttributes, bhv=1, apr=0, statusBarAprRegions=[AppearanceRegion{ bounds=[0,0][1080,2640]}], requestedVisibilities=-9
06-06 20:49:27.653  2655  2758 D SurfaceComposerClient: setCornerRadius ## 645a531 Splash Screen com.rileydrcelik.wnotes#29299 cornerRadius=0.000000
06-06 20:49:27.654  2655  2758 D SurfaceComposerClient: setCornerRadius ## 6a46777 com.rileydrcelik.wnotes/expo.modules.devlauncher.launcher.DevLauncherActivity#29305 cornerRadius=0.000000
06-06 20:49:27.654  2655  2757 I DisplayDeviceRepository: Display device changed render timings: "Built-in Screen", renderFrameRate=120.00001, presentationDeadlineNanos=9233333, appVsyncOffsetNanos=8333333, frameRateOverrides=[]
06-06 20:49:27.656  3613  3793 D StackScroller: onDisplayChanged for predraw skip to 2
06-06 20:49:27.656  2655  5681 I WindowManager: Relayout Window{332ac72 u0 com.sec.android.app.launcher/com.android.quickstep.RecentsActivity}: viewVisibility=8 req=1080x2640 ty=1 d0
06-06 20:49:27.656  2655  6409 D WifiDisplayAdapter: isFitToActiveDisplayLocked : false
06-06 20:49:27.657  2655  5681 D SurfaceComposerClient: setCornerRadius ## 645a531 Splash Screen com.rileydrcelik.wnotes#29299 cornerRadius=0.000000
06-06 20:49:27.657  2655  5681 D SurfaceComposerClient: setCornerRadius ## 6a46777 com.rileydrcelik.wnotes/expo.modules.devlauncher.launcher.DevLauncherActivity#29305 cornerRadius=0.000000
06-06 20:49:27.657  4281 32662 I HoneySpace.KeyguardStateRepositoryImpl: KEYGUARD_GOING_AWAY: false
06-06 20:49:27.657  2655  5681 D SurfaceComposerClient: setCornerRadius ## 645a531 Splash Screen com.rileydrcelik.wnotes#29299 cornerRadius=0.000000
06-06 20:49:27.657  2655  5681 D SurfaceComposerClient: setCornerRadius ## 6a46777 com.rileydrcelik.wnotes/expo.modules.devlauncher.launcher.DevLauncherActivity#29305 cornerRadius=0.000000
06-06 20:49:27.657  4281 21677 I HoneySpace.SystemUiRepository: systemUiFlags: allow_gesture|awake
06-06 20:49:27.658  2655  5681 I WindowManager: Relayout hash=332ac72, pid=4281, syncId=-1: mAttrs={(0,0)(fillxfill) sim={adjust=resize} layoutInDisplayCutoutMode=always ty=BASE_APPLICATION fmt=TRANSPARENT wanim=0x1030306
06-06 20:49:27.658  2655  5681 I WindowManager:   fl=81910100
06-06 20:49:27.658  2655  5681 I WindowManager:   pfl=10008840
06-06 20:49:27.658  2655  5681 I WindowManager:   bhv=2
06-06 20:49:27.658  2655  5681 I WindowManager:   fitSides=0
06-06 20:49:27.658  2655  5681 I WindowManager:   frameRateBoostOnTouch=true
06-06 20:49:27.658  2655  5681 I WindowManager:   dvrrWindowFrameRateHint=true naviIconColor=0
06-06 20:49:27.658  2655  5681 I WindowManager:   sfl=4000000}
06-06 20:49:27.658  2655  2758 D SurfaceComposerClient: setCornerRadius ## 645a531 Splash Screen com.rileydrcelik.wnotes#29299 cornerRadius=0.000000
06-06 20:49:27.658  2655  2758 D SurfaceComposerClient: setCornerRadius ## 6a46777 com.rileydrcelik.wnotes/expo.modules.devlauncher.launcher.DevLauncherActivity#29305 cornerRadius=0.000000
06-06 20:49:27.658  1854  1854 D SurfaceFlinger: Display 4630946592180194435 HWC layers:
06-06 20:49:27.658  1854  1854 D SurfaceFlinger:        DEVICE |           15517716843351 | 00000100 | RGBA_8888    |    0.0    0.0 2640.0 1080.0 |    0    0 1080 2640 | Wallpaper BBQ wrapper 5_system#104 (3)
06-06 20:49:27.658  1854  1854 D SurfaceFlinger:        DEVICE |           15517716855587 | 00002100 | RGBA_8888    |    0.0    0.0 1080.0 2640.0 |    0    0 1080 2640 | Splash Screen com.rileydrcelik.wnotes$_3613#29302 (1)
06-06 20:49:27.658  1854  1854 D SurfaceFlinger:        DEVICE |           15517716854697 | 00002100 | RGBA_8888    |    0.0    0.0 1080.0   94.0 |    0    0 1080   94 | StatusBar$_3613#135 (136355)
06-06 20:49:27.658  1854  1854 D SurfaceFlinger:        DEVICE |           15517716854698 | 00002100 | RGBA_8888    |    0.0    0.0 1080.0  144.0 |    0 2496 1080 2640 | NavigationBar0$_3613#131 (52659)
06-06 20:49:27.658  1854  1854 D SurfaceFlinger:        DEVICE |           34059090657294 | 00002100 | RGBA_8888    |   24.0  110.0 1104.0  882.0 |    0    0 1080  772 | $_7930#27150 (5595)
06-06 20:49:27.658  1854  1854 D SurfaceFlinger: 
06-06 20:49:27.659  3613  3613 D FlexPanelStartController: not support state, mMwEnabled=true, mIsTableMode=true, mDesktopMode=false, mFlexModePanelEnabled=false, mIsImeShowing=false, mIsQuickPanelShowing=false, mIsTaskBarAppsEnabled=false, mIsGlobalActionVisible=false, mOnRecentsAnimation=false, isSupportRotation=true, mIsKeyguardVisible=false
06-06 20:49:27.659  3613  3613 D FlexPanelStartController: startFloatingIcon: extra=display_floating_icon_clear, mIsTableMode=true, mIsKeyguardVisible=false
06-06 20:49:27.660  1749  8111 W qdgralloc: getInterlacedFlag: getMetaData returned 3, defaulting to interlaced_flag = 0
06-06 20:49:27.660  1749  8111 W qdgralloc: getInterlacedFlag: getMetaData returned 3, defaulting to interlaced_flag = 0
06-06 20:49:27.660  1854  1854 I SurfaceFlinger: RequestedLayer [6a46777 com.rileydrcelik.wnotes/expo[...]r.launcher.DevLauncherActivity#29305] hidden!! flag  from(1) --> to(0)
06-06 20:49:27.660  3613  3613 D DisplayLifecycle: updateDisplay id = 0
06-06 20:49:27.660  1854  1854 I SurfaceFlinger: RequestedLayer [com.sec.android.app.launcher/com.and[...]uickstep.RecentsActivity$_4281#29289] hidden!! flag  from(0) --> to(1)
06-06 20:49:27.660  1854  1854 I SurfaceFlinger: RequestedLayer [com.android.systemui.wallpapers.ImageWallpaper$_3613#103] hidden!! flag  from(0) --> to(1)
06-06 20:49:27.660  1854  1854 I SurfaceFlinger: RequestedLayer [WallpaperWindowToken{dc89ffb showWhenLocked=false}#99] hidden!! flag  from(0) --> to(1)
06-06 20:49:27.660  1854  1854 I SurfaceFlinger: RequestedLayer [ActivityRecord{199115880 u0 com.sec.[...]uickstep.RecentsActivity t37392}#230] hidden!! flag  from(0) --> to(1)
06-06 20:49:27.660  1854  1854 I SurfaceFlinger: [LayerHierarchy{RequestedLayerState{2de5937 NavigationBar0#116 parentId=29306} 1 children}] reparent to LayerHierarchy{RequestedLayerState{Surface(name=2de5937 NavigationBar0)/@0xbb574c - animation-leash of insets_animation#29306 parentId=115} 1 children}
06-06 20:49:27.660  1854  1854 I SurfaceFlinger: [LayerHierarchy{RequestedLayerState{3d74b5d StatusBar#123 parentId=29307} 1 children}] reparent to LayerHierarchy{RequestedLayerState{Surface(name=3d74b5d StatusBar)/@0xfb0b09b - animation-leash of insets_animation#29307 parentId=122} 1 children}
06-06 20:49:27.660  1854  1854 I SurfaceFlinger: [LayerHierarchy{RequestedLayerState{Surface(name=3d74b5d StatusBar)/@0xfb0b09b - animation-leash of insets_animation#29291} no children}] reparent to OffscreenRoot
06-06 20:49:27.660  1854  1854 I SurfaceFlinger: [LayerHierarchy{RequestedLayerState{Surface(name=3d74b5d StatusBar)/@0xfb0b09b - animation-leash of insets_animation#29291} no children}] RelativeParent to null
06-06 20:49:27.660  1854  1854 I SurfaceFlinger: [LayerHierarchy{RequestedLayerState{Surface(name=2de5937 NavigationBar0)/@0xbb574c - animation-leash of insets_animation#29290} no children}] reparent to OffscreenRoot
06-06 20:49:27.660  1854  1854 I SurfaceFlinger: [LayerHierarchy{RequestedLayerState{Surface(name=2de5937 NavigationBar0)/@0xbb574c - animation-leash of insets_animation#29290} no children}] RelativeParent to null
06-06 20:49:27.660  1854  1854 I SurfaceFlinger: [Surface(name=3d74b5d StatusBar)/@0xfb0b09b - animation-leash of insets_animation#29307] attach to parent LayerHierarchy{RequestedLayerState{WindowToken{ecbc134 type=2000 android.os.BinderProxy@4ba246}#122 parentId=18} 1 children}
06-06 20:49:27.661  3613  3613 D NavigationBarControllerImpl: setNavigationBarShortcut requestClass : com.android.wm.shell.controlpanel.activity.FlexPanelActivity, remoteViews : null, position : 0, priority : 11
06-06 20:49:27.661  1854  2191 I SurfaceFlinger: id=29303 Removed Transition Root: Task=37518#29303 (316)
06-06 20:49:27.661  3613  3613 D RemoteViewPack: OnSetRemoteView RemoteViewShortcut(requestClass=com.android.wm.shell.controlpanel.activity.FlexPanelActivity, remoteViews=null, position=0, priority=11)
06-06 20:49:27.661  3613  3613 D NavBarStateManager: NavBarStates(0) isGameMode: false
06-06 20:49:27.661  4281  4281 I VRI[RecentsActivity]@69a06cf: Relayout returned: old=(0,0,1080,2640) new=(0,0,1080,2640) relayoutAsync=false req=(1080,2640)8 dur=3 res=0x2 s={false 0x0} ch=true seqId=0
06-06 20:49:27.662  4281  4364 I HoneySpace.TaskbarEventTracker: invokeEvent() called with: event = SystemUiStateChanged(stateFlags=268566528)
06-06 20:49:27.662  7930  7930 I [SmartCapture]_DeviceUtils: getLidState : state = 0
06-06 20:49:27.662  1854  1955 I SurfaceFlinger: id=29290 Removed Surface(name=2de5937 NavigationBar0)/@0xbb574c - animation-leash of insets_animation#29290 (316)
06-06 20:49:27.662  1854  1955 I SurfaceFlinger: id=29291 Removed Surface(name=3d74b5d StatusBar)/@0xfb0b09b - animation-leash of insets_animation#29291 (316)
06-06 20:49:27.662  2655  2758 I WindowManager: notifyInsetsControlChanged, removed=false, win=Window{645a531 u0 Splash Screen com.rileydrcelik.wnotes}, caller=com.android.server.wm.InsetsStateController$$ExternalSyntheticLambda1.run:137 com.android.server.wm.WindowAnimator$$ExternalSyntheticLambda2.onTransactionCommitted:26 android.view.SurfaceControl$Transaction$$ExternalSyntheticLambda4.run:0 android.os.Handler.handleCallback:995 android.os.Handler.dispatchMessage:103 android.os.Looper.loopOnce:273 
06-06 20:49:27.663  1749  8111 W qdgralloc: getInterlacedFlag: getMetaData returned 3, defaulting to interlaced_flag = 0
06-06 20:49:27.663  1749  8111 W qdgralloc: getInterlacedFlag: getMetaData returned 3, defaulting to interlaced_flag = 0
06-06 20:49:27.666  1854  1854 D SurfaceFlinger: Display 4630946592180194435 HWC layers:
06-06 20:49:27.666  1854  1854 D SurfaceFlinger:        DEVICE |           15517716855587 | 00002100 | RGBA_8888    |    0.0    0.0 1080.0 2640.0 |    0    0 1080 2640 | Splash Screen com.rileydrcelik.wnotes$_3613#29302 (1)
06-06 20:49:27.666  1854  1854 D SurfaceFlinger:        DEVICE |           15517716854697 | 00002100 | RGBA_8888    |    0.0    0.0 1080.0   94.0 |    0    0 1080   94 | StatusBar$_3613#135 (136355)
06-06 20:49:27.666  1854  1854 D SurfaceFlinger:        DEVICE |           15517716854698 | 00002100 | RGBA_8888    |    0.0    0.0 1080.0  144.0 |    0 2496 1080 2640 | NavigationBar0$_3613#131 (52659)
06-06 20:49:27.666  1854  1854 D SurfaceFlinger:        DEVICE |           34059090657294 | 00002100 | RGBA_8888    |   24.0  110.0 1104.0  882.0 |    0    0 1080  772 | $_7930#27150 (5595)
06-06 20:49:27.666  1854  1854 D SurfaceFlinger: 
06-06 20:49:27.669  1854  1854 I SurfaceFlinger: destroyed Surface(name=3d74b5d StatusBar)/@0xfb0b09b - animation-leash of insets_animation#29291 form LifecycleManager
06-06 20:49:27.669  1854  1854 I SurfaceFlinger: destroyed Surface(name=2de5937 NavigationBar0)/@0xbb574c - animation-leash of insets_animation#29290 form LifecycleManager
06-06 20:49:27.669  1854  1854 I SurfaceFlinger: destroyed Transition Root: Task=37518#29303 form LifecycleManager
06-06 20:49:27.669  1854  1854 I SurfaceFlinger: id=29291 onLayerDestroyed from LayerHierarchyBuilder(RequestedLayerState{Surface(name=3d74b5d StatusBar)/@0xfb0b09b - animation-leash of insets_animation#29291 !handle})
06-06 20:49:27.669  1854  1854 I SurfaceFlinger: id=29290 onLayerDestroyed from LayerHierarchyBuilder(RequestedLayerState{Surface(name=2de5937 NavigationBar0)/@0xbb574c - animation-leash of insets_animation#29290 !handle})
06-06 20:49:27.669  1854  1854 I SurfaceFlinger: id=29303 onLayerDestroyed from LayerHierarchyBuilder(RequestedLayerState{Transition Root: Task=37518#29303 !handle z=26})
06-06 20:49:27.669  3613  3613 I ControlPanelService: startId : 10090
06-06 20:49:27.669  3613  3762 I VRI[wnotes]@180efab: onActiveControlsChanged, removed=false, mAdded=true, caller=android.view.ViewRootImpl.handleInsetsControlChanged:3002 android.view.ViewRootImpl$ViewRootHandler.handleMessageImpl:8352 android.view.ViewRootImpl$ViewRootHandler.handleMessage:8301 android.os.Handler.dispatchMessage:110 android.os.Looper.loopOnce:273 
06-06 20:49:27.669  3613  3762 I InsetsSourceConsumer: applyRequestedVisibilityToControl: visible=true, type=navigationBars, host=Splash Screen com.rileydrcelik.wnotes
06-06 20:49:27.670  2655  3906 D CoreBackPreview: Window{6a46777 u0 com.rileydrcelik.wnotes/expo.modules.devlauncher.launcher.DevLauncherActivity}: Setting back callback OnBackInvokedCallbackInfo{mCallback=android.window.IOnBackInvokedCallback$Stub$Proxy@611fd4e, mPriority=0, mIsAnimationCallback=false, mOverrideBehavior=0}
06-06 20:49:27.670  1854  1854 I Layer   : id=29291 Destroyed Surface(name=3d74b5d StatusBar)/@0xfb0b09b - animation-leash of insets_animation#29291
06-06 20:49:27.670  3613  3762 I InsetsSourceConsumer: applyRequestedVisibilityToControl: visible=true, type=statusBars, host=Splash Screen com.rileydrcelik.wnotes
06-06 20:49:27.670  1854  1854 I Layer   : id=29290 Destroyed Surface(name=2de5937 NavigationBar0)/@0xbb574c - animation-leash of insets_animation#29290
06-06 20:49:27.670  1854  1854 I Layer   : id=29303 Destroyed Transition Root: Task=37518#29303
06-06 20:49:27.675  1749  8111 W qdgralloc: getInterlacedFlag: getMetaData returned 3, defaulting to interlaced_flag = 0
06-06 20:49:27.675  1749  8111 W qdgralloc: getInterlacedFlag: getMetaData returned 3, defaulting to interlaced_flag = 0
