06-06 20:49:24.735  1749  8111 W qdgralloc: getInterlacedFlag: getMetaData returned 3, defaulting to interlaced_flag = 0
06-06 20:49:24.737  1749  8111 W qdgralloc: getInterlacedFlag: getMetaData returned 3, defaulting to interlaced_flag = 0
06-06 20:49:24.737  1749  8111 W qdgralloc: getInterlacedFlag: getMetaData returned 3, defaulting to interlaced_flag = 0
06-06 20:49:24.740  1722 18148 I HYPER-HAL: [RequestManager.cpp]releaseLocked(): Released ID : 3589884
06-06 20:49:24.744  4281  4281 I HoneySpace.HintStateAnimationHelper: resetScreen, RECENTS, endSpringValue: 0.0
06-06 20:49:24.744  4281  4281 I HoneySpace.HintStateAnimationHelper: hintStateEnd
06-06 20:49:24.749  7930  7930 I [SC_ScreenRecorder]_FloatingButtonView: 01:11:59
06-06 20:49:24.750  7930  7930 I NotificationManager: com.samsung.android.app.smartcapture: notify(1332, null, Notification(channel=CHANNEL_ID_RECORDING_SCREEN shortcut=null contentView=null vibrate=null sound=null defaults=0 flags=ONGOING_EVENT|ONLY_ALERT_ONCE color=0x00000000 category=navigation groupKey=screen_recorder_group_key vis=PRIVATE semFlags=0x0 semPriority=0 semMissedCount=0)) as user
06-06 20:49:24.751  1749  8111 W qdgralloc: getInterlacedFlag: getMetaData returned 3, defaulting to interlaced_flag = 0
06-06 20:49:24.751  1749  8111 W qdgralloc: getInterlacedFlag: getMetaData returned 3, defaulting to interlaced_flag = 0
06-06 20:49:24.753  1749  8111 W qdgralloc: getInterlacedFlag: getMetaData returned 3, defaulting to interlaced_flag = 0
06-06 20:49:24.753  1749  8111 W qdgralloc: getInterlacedFlag: getMetaData returned 3, defaulting to interlaced_flag = 0
06-06 20:49:24.756  4281  4281 I HoneySpace.SubViewsProgressRepositoryImpl: taskLaunchProgress: 0.0, recentsEnteringProgress: 1.0
06-06 20:49:24.756  4281  4281 I HoneySpace.SubViewsProgressRepositoryImpl: taskLaunchProgress: 0.0, recentsEnteringProgress: 1.0
06-06 20:49:24.756  4281  4281 I HoneySpace.CloseAllProgressRepositoryImpl: taskLaunchProgress: 0.0, recentsEnteringProgress: 1.0
06-06 20:49:24.756  4281  4281 I HoneySpace.CloseAllProgressRepositoryImpl: taskLaunchProgress: 0.0, recentsEnteringProgress: 1.0
06-06 20:49:24.756  2655  2797 D BatteryExternalStatsWorker: update stats : procstate-change (10)
06-06 20:49:24.756  2655  2797 D BatteryExternalStatsWorker: Fetch WiFi data
06-06 20:49:24.756  2655  2797 D BatteryExternalStatsWorker: Update Rail Energy data
06-06 20:49:24.766  2655  3347 D WifiStaIfaceHidlImpl: getCachedScanData is not implemented by HIDL
06-06 20:49:24.766  2655  2797 D BatteryExternalStatsWorker: mStats lock released
06-06 20:49:24.767  1749  8111 W qdgralloc: getInterlacedFlag: getMetaData returned 3, defaulting to interlaced_flag = 0
06-06 20:49:24.767  1749  8111 W qdgralloc: getInterlacedFlag: getMetaData returned 3, defaulting to interlaced_flag = 0
06-06 20:49:24.769  1749  8111 W qdgralloc: getInterlacedFlag: getMetaData returned 3, defaulting to interlaced_flag = 0
06-06 20:49:24.770  1749  8111 W qdgralloc: getInterlacedFlag: getMetaData returned 3, defaulting to interlaced_flag = 0
06-06 20:49:24.770  2655  2797 D BatteryExternalStatsWorker: Update wifi state
06-06 20:49:24.770  2655  2797 D BatteryExternalStatsWorker: done updateExternalStatsLocked
06-06 20:49:24.783  2655  3396 D MdnieScenarioControlService:  packageName : com.sec.android.app.launcher    className : com.android.quickstep.RecentsActivity
06-06 20:49:24.784  1749  8111 W qdgralloc: getInterlacedFlag: getMetaData returned 3, defaulting to interlaced_flag = 0
06-06 20:49:24.784  2655  3396 V MdnieScenarioControlService: setUIMode from UI function(3)
06-06 20:49:24.784  1749  8111 W qdgralloc: getInterlacedFlag: getMetaData returned 3, defaulting to interlaced_flag = 0
06-06 20:49:24.786  1749  8111 W qdgralloc: getInterlacedFlag: getMetaData returned 3, defaulting to interlaced_flag = 0
06-06 20:49:24.786  1749  8111 W qdgralloc: getInterlacedFlag: getMetaData returned 3, defaulting to interlaced_flag = 0
06-06 20:49:24.801  1749  8111 W qdgralloc: getInterlacedFlag: getMetaData returned 3, defaulting to interlaced_flag = 0
06-06 20:49:24.802  1749  8111 W qdgralloc: getInterlacedFlag: getMetaData returned 3, defaulting to interlaced_flag = 0
06-06 20:49:24.806  1749  8111 W qdgralloc: getInterlacedFlag: getMetaData returned 3, defaulting to interlaced_flag = 0
06-06 20:49:24.806  1749  8111 W qdgralloc: getInterlacedFlag: getMetaData returned 3, defaulting to interlaced_flag = 0
06-06 20:49:24.819  1749  8111 W qdgralloc: getInterlacedFlag: getMetaData returned 3, defaulting to interlaced_flag = 0
06-06 20:49:24.819  1749  8111 W qdgralloc: getInterlacedFlag: getMetaData returned 3, defaulting to interlaced_flag = 0
06-06 20:49:24.824  1749  8111 W qdgralloc: getInterlacedFlag: getMetaData returned 3, defaulting to interlaced_flag = 0
06-06 20:49:24.825  1749  8111 W qdgralloc: getInterlacedFlag: getMetaData returned 3, defaulting to interlaced_flag = 0
06-06 20:49:24.828  4281  4281 I HoneySpace.SuggestedAppsProgressRepositoryImpl: taskLaunchProgress: 0.0, recentsEnteringProgress: 1.0, timeoutProgress: 0.0, enabledProgress: 1.0, closeRecentsProgress: 0.0
06-06 20:49:24.828  4281  4281 I HoneySpace.SuggestedAppsProgressRepositoryImpl: taskLaunchProgress: 0.0, recentsEnteringProgress: 1.0, timeoutProgress: 0.0, enabledProgress: 1.0, closeRecentsProgress: 0.0
06-06 20:49:24.828  1854  1854 D SurfaceFlinger: GPIS:: requestGPISForClientComposition
06-06 20:49:24.837  1749  8111 W qdgralloc: getInterlacedFlag: getMetaData returned 3, defaulting to interlaced_flag = 0
06-06 20:49:24.838  1749  8111 W qdgralloc: getInterlacedFlag: getMetaData returned 3, defaulting to interlaced_flag = 0
06-06 20:49:24.843  1749  8111 W qdgralloc: getInterlacedFlag: getMetaData returned 3, defaulting to interlaced_flag = 0
06-06 20:49:24.844  1749  8111 W qdgralloc: getInterlacedFlag: getMetaData returned 3, defaulting to interlaced_flag = 0
06-06 20:49:24.854  1749  8111 W qdgralloc: getInterlacedFlag: getMetaData returned 3, defaulting to interlaced_flag = 0
06-06 20:49:24.854  1749  8111 W qdgralloc: getInterlacedFlag: getMetaData returned 3, defaulting to interlaced_flag = 0
06-06 20:49:24.860  1749  8111 W qdgralloc: getInterlacedFlag: getMetaData returned 3, defaulting to interlaced_flag = 0
06-06 20:49:24.860  2655 18151 D SemInputDeviceManager: setProperty: (0) CMD,GRIP_DATA,1,45,7,24,792
06-06 20:49:24.860  1749  8111 W qdgralloc: getInterlacedFlag: getMetaData returned 3, defaulting to interlaced_flag = 0
06-06 20:49:24.860  2655 18151 D TspStateManager: wrote command: cmd=1,45,7,24,792, type=1
06-06 20:49:24.861  2655  3444 D SemInputDevice:TSP: SetPropertyTask: CMD,set_grip_data,1,45,7,24,792 [06-06 20:49:24.860]
06-06 20:49:24.861  1753  1764 I Worker  : run:81, [Touch] task start
06-06 20:49:24.867  1753  1764 I sysinput:DEVaidl: onReportInformation:88, 1, cmd@set_grip_data,1,45,7,24,79
06-06 20:49:24.868  2655  3444 D SysinputHAL_AIDL: setProperty(TSP(1)): CMD, set_grip_data,1,45,7,24,792 ret=0
06-06 20:49:24.868  1753  1764 I sysinput:Touch: operator():229, OK
06-06 20:49:24.868  1753  1764 I Worker  : run:83, [Touch] task done
06-06 20:49:24.870  1749  8111 W qdgralloc: getInterlacedFlag: getMetaData returned 3, defaulting to interlaced_flag = 0
06-06 20:49:24.870  1749  8111 W qdgralloc: getInterlacedFlag: getMetaData returned 3, defaulting to interlaced_flag = 0
06-06 20:49:24.874  1749  8111 W qdgralloc: getInterlacedFlag: getMetaData returned 3, defaulting to interlaced_flag = 0
06-06 20:49:24.874  1749  8111 W qdgralloc: getInterlacedFlag: getMetaData returned 3, defaulting to interlaced_flag = 0
06-06 20:49:24.884  2655  3396 V MdnieScenarioControlService: mAclOffEnabled : false
06-06 20:49:24.885  1749  8111 W qdgralloc: getInterlacedFlag: getMetaData returned 3, defaulting to interlaced_flag = 0
06-06 20:49:24.886  1749  8111 W qdgralloc: getInterlacedFlag: getMetaData returned 3, defaulting to interlaced_flag = 0
06-06 20:49:24.890  1749  8111 W qdgralloc: getInterlacedFlag: getMetaData returned 3, defaulting to interlaced_flag = 0
06-06 20:49:24.890  1749  8111 W qdgralloc: getInterlacedFlag: getMetaData returned 3, defaulting to interlaced_flag = 0
06-06 20:49:24.895  4281  4281 I HoneySpace.StackRecentsView: resetView scale: 1.0
06-06 20:49:24.895  8327  8327 I InputMethodService: removeImeSurface
06-06 20:49:24.895  8327  8327 I InputMethodService: cancelImeSurfaceRemoval: removeCallbacks
06-06 20:49:24.897  4281  4281 I HoneySpace.OverviewEventHandler: onFinishEnteringRecents: false
06-06 20:49:24.903  1749  8111 W qdgralloc: getInterlacedFlag: getMetaData returned 3, defaulting to interlaced_flag = 0
06-06 20:49:24.903  1749  8111 W qdgralloc: getInterlacedFlag: getMetaData returned 3, defaulting to interlaced_flag = 0
06-06 20:49:24.907  1749  8111 W qdgralloc: getInterlacedFlag: getMetaData returned 3, defaulting to interlaced_flag = 0
06-06 20:49:24.907  1749  8111 W qdgralloc: getInterlacedFlag: getMetaData returned 3, defaulting to interlaced_flag = 0
06-06 20:49:24.930  1749  8111 W qdgralloc: getInterlacedFlag: getMetaData returned 3, defaulting to interlaced_flag = 0
06-06 20:49:24.931  1749  8111 W qdgralloc: getInterlacedFlag: getMetaData returned 3, defaulting to interlaced_flag = 0
06-06 20:49:24.954  2655  2655 I Telecom : SamsungTelecomServiceImpl : isInManagedCall - callingPackage : android / callingUser : UserHandle{0} / hasCrossUserAccess : true
06-06 20:49:24.961  4281  7715 I HoneySpace.NotificationListener: onNotificationPosted com.samsung.android.app.smartcapture: 0|com.samsung.android.app.smartcapture|1332|null|10201: 0
06-06 20:49:24.961  3613  3613 D InterruptionStateProvider:  no Heads up : edgelighting enabled app. 0|com.samsung.android.app.smartcapture|1332|null|10201
06-06 20:49:24.961  4281  7715 I HoneySpace.BadgeDataSourceImpl: Get notification count. PK(p='com.samsung.android.app.smartcapture', u=UserHandle{0}) - forceBadgeCount: false, notification listener: 2, badge provider: 0
06-06 20:49:24.970  3613  3613 D SubscreenNotificationListCoordinator: onAfterRenderList() isSubScreen = false, pluginLockMode = 0, doNotShowOnCover = false
06-06 20:49:24.972  3613  3613 I LockscreenNotificationIconsOnlyController: onNotificationInfoUpdated 0
06-06 20:49:24.972  3613  3613 I AODNotificationManager: updateNotification() 
06-06 20:49:24.973  3613  3613 D PluginAODManager: onNotificationInfoUpdated() 0
06-06 20:49:24.973  3613  3613 I AODNotificationManager: updateVisibleNotifications: 0
06-06 20:49:24.989  1749  8111 W qdgralloc: getInterlacedFlag: getMetaData returned 3, defaulting to interlaced_flag = 0
06-06 20:49:24.989  1749  8111 W qdgralloc: getInterlacedFlag: getMetaData returned 3, defaulting to interlaced_flag = 0
06-06 20:49:25.086  3985  4119 D NxpGenExtn: vendor_nfc_handle_event Enter eventCode:12
06-06 20:49:25.087  3985  4119 D NxpGenExtn: handleVendorNciRspNtf Enter dataLen:4
06-06 20:49:25.087  3985  4119 D NxpPropExtn: phNxpProp_HandleVendorNciRspNtf PropExtensionController Enter dataLen:4
06-06 20:49:25.087  3985  4119 D NxpPropExtn: handleVendorNciRspNtf Enter dataLen:4
06-06 20:49:25.087  3985  4119 D NxpGenExtn: stopWriteRspTimer Enter cmdGid:1, cmdOid:3, rspGid:0, rspOid:7,
06-06 20:49:25.087  3985  4119 D NxpGenExtn: DefaultEventHandler::handleVendorNciRspNtf Enter dataLen:4
06-06 20:49:25.087  3985  4119 D NxpGenExtn: phNxpExtn_HandleVendorNciRspNtf prop status:81
06-06 20:49:25.087  3985  4119 D NxpGenExtn: NfcExtensionController::handleVendorNciRspNtf Enter dataLen:4
06-06 20:49:25.087  3985  4119 D NxpGenExtn: DefaultEventHandler::handleVendorNciRspNtf Enter dataLen:4
06-06 20:49:25.087  3985  4119 D NxpGenExtn: phNxpExtn_HandleVendorNciRspNtf gen status:81
06-06 20:49:25.142  1692 17766 I sensors-hal: handle_sns_client_event:574, [0][1290] accel_sample [ 0.009,  8.137,  5.605] 411781811520057
06-06 20:49:25.161  3613  3613 D Bubbles : onEntryUpdated : shouldBubbleUp=false ,key=0|com.samsung.android.app.smartcapture|1332|null|10201
06-06 20:49:25.162  3613  3613 D InterruptionStateProvider:  no Heads up : edgelighting enabled app. 0|com.samsung.android.app.smartcapture|1332|null|10201
06-06 20:49:25.162  3613  3613 I {OngoingActivityController}: onEntryUpdated and OA data is empty. So update latest task info
06-06 20:49:25.163  3613  3613 I {OngoingActivityDataHelper}: setBaseActivityComponentName:ComponentInfo{com.sec.android.app.launcher/com.android.quickstep.RecentsActivity}
06-06 20:49:25.169  2655  5214 D MotionRecognitionService: inject vibrator info = 0.0
06-06 20:49:25.169  1692  1692 I sensors-hal: inject_sensor_data:433, handle:11, type:33 not supported
06-06 20:49:25.170  1692  1692 I sensors-hal: inject_sensor_data:433, handle:11, type:33 not supported
06-06 20:49:25.170  1692  1692 I sensors-hal: inject_sensor_data:433, handle:11, type:33 not supported
06-06 20:49:25.172  3613  3613 D SubscreenNotificationListCoordinator: onAfterRenderList() isSubScreen = false, pluginLockMode = 0, doNotShowOnCover = false
06-06 20:49:25.174  3613  3613 W RefactorFlag: New code path expects SceneContainerFlag to be enabled.
06-06 20:49:25.174  3613  3613 D ExpandableNotifRow: mMaxSmallHeight different before reInflateViews mMaxSmallHeight: 216 mTempSmallHeight:0 0|com.samsung.android.app.smartcapture|1332|null|10201
06-06 20:49:25.174  3613  3613 D ExpandableNotifRow: mMaxSmallHeight different before reInflateViews mMaxSmallHeight: 216 mTempSmallHeight:0 0|com.samsung.android.app.smartcapture|1332|null|10201
06-06 20:49:25.175  3613  3613 I LockscreenNotificationIconsOnlyController: onNotificationInfoUpdated 0
06-06 20:49:25.175  3613  3613 I AODNotificationManager: updateNotification() 
06-06 20:49:25.175  3613  3613 D PluginAODManager: onNotificationInfoUpdated() 0
06-06 20:49:25.175  3613  3613 I AODNotificationManager: updateVisibleNotifications: 0
06-06 20:49:25.179  3613  4192 D LocalImageResolver: Couldn't use ImageDecoder for drawable, falling back to non-resized load.
06-06 20:49:25.181  3613  4192 D LocalImageResolver: Couldn't use ImageDecoder for drawable, falling back to non-resized load.
06-06 20:49:25.183  2655  3534 D NetdEventListenerService: DNS Requested by 236, 10408(com.rileydrcelik.wnotes), 4(FAIL), isBlocked=true, 0ms
06-06 20:49:25.183  3613  3613 I AppIconSolution: return adaptive icon for com.samsung.android.app.smartcapture, isNight = true
06-06 20:49:25.190  3613  3613 W RefactorFlag: New code path expects SceneContainerFlag to be enabled.
06-06 20:49:25.190  1749  8111 W qdgralloc: getInterlacedFlag: getMetaData returned 3, defaulting to interlaced_flag = 0
06-06 20:49:25.190  1749  8111 W qdgralloc: getInterlacedFlag: getMetaData returned 3, defaulting to interlaced_flag = 0
06-06 20:49:25.192  3613  3613 D ExpandableNotifRow: mMaxSmallHeight different before reInflateViews mMaxSmallHeight: 216 mTempSmallHeight:0 0|com.samsung.android.app.smartcapture|1332|null|10201
06-06 20:49:25.192  3613  3613 D ExpandableNotifRow: mMaxSmallHeight different before reInflateViews mMaxSmallHeight: 216 mTempSmallHeight:0 0|com.samsung.android.app.smartcapture|1332|null|10201
06-06 20:49:25.192  3613  3613 D ExpandableNotifRow: mMaxSmallHeight different before reInflateViews mMaxSmallHeight: 216 mTempSmallHeight:0 0|com.samsung.android.app.smartcapture|1332|null|10201
06-06 20:49:25.192  3613  3613 D ExpandableNotifRow: mMaxSmallHeight different before reInflateViews mMaxSmallHeight: 216 mTempSmallHeight:0 0|com.samsung.android.app.smartcapture|1332|null|10201
06-06 20:49:25.193  3613  3613 D S.S.N.  : entryViewBound parent :0|com.samsung.android.app.smartcapture|1332|null|10201
06-06 20:49:25.194  3613  3613 I AppIconSolution: return adaptive icon for com.samsung.android.app.smartcapture, isNight = true
06-06 20:49:25.198  3613  3613 D SubscreenNotificationListCoordinator: onAfterRenderList() isSubScreen = false, pluginLockMode = 0, doNotShowOnCover = false
06-06 20:49:25.199  3613  3613 W RefactorFlag: New code path expects SceneContainerFlag to be enabled.
06-06 20:49:25.199  3613  3613 D ExpandableNotifRow: mMaxSmallHeight different before reInflateViews mMaxSmallHeight: 216 mTempSmallHeight:0 0|com.samsung.android.app.smartcapture|1332|null|10201
06-06 20:49:25.199  3613  3613 D ExpandableNotifRow: mMaxSmallHeight different before reInflateViews mMaxSmallHeight: 216 mTempSmallHeight:0 0|com.samsung.android.app.smartcapture|1332|null|10201
06-06 20:49:25.200  3613  3613 I LockscreenNotificationIconsOnlyController: onNotificationInfoUpdated 0
06-06 20:49:25.200  3613  3613 I AODNotificationManager: updateNotification() 
06-06 20:49:25.200  3613  3613 D PluginAODManager: onNotificationInfoUpdated() 0
06-06 20:49:25.200  3613  3613 I AODNotificationManager: updateVisibleNotifications: 0
06-06 20:49:25.213  1749  8111 W qdgralloc: getInterlacedFlag: getMetaData returned 3, defaulting to interlaced_flag = 0
06-06 20:49:25.213  1749  8111 W qdgralloc: getInterlacedFlag: getMetaData returned 3, defaulting to interlaced_flag = 0
06-06 20:49:25.262  1824  1878 E HeatmapThread: ECT Thread time in milliseconds: 1780793365
06-06 20:49:25.266  1824  1878 D HeatmapThread: !@ batteryplugType : 4
06-06 20:49:25.266  1824  1878 D HeatmapThread: !@ batteryLevel : 100  batteryTemperature : 357 
06-06 20:49:25.266  1824  1878 D HeatmapThread: !@ Heatmap currtime: 29679889
06-06 20:49:25.267  1824  1878 D HeatmapThread: !@ Heatmap prevtime: 29679878
06-06 20:49:25.267  1824  1878 D HeatmapThread: !@ Heatmap plugstarttime: 29679887
06-06 20:49:25.267  1824  1878 D HeatmapThread: !@ Heatmap prevv_dsoh_update_time: 29679873
06-06 20:49:25.267  1824  1878 E HeatmapThread: !@ CAM New BSOH: 97
06-06 20:49:25.267  1824  1878 E HeatmapThread: !@ CAM is Working
06-06 20:49:25.336 11164 11164 I wpa_supplicant: nl80211: Drv Event 103 (NL80211_CMD_VENDOR) received for wlan0
06-06 20:49:25.336 11164 11164 I wpa_supplicant: nl80211: Vendor event: wiphy=0 vendor_id=0x1374 subcmd=182
06-06 20:49:25.336 11164 11164 I wpa_supplicant: nl80211: Ignore unsupported QCA vendor event 182
06-06 20:49:25.337  2264  2264 I cnss-daemon: nl80211 response handler invoked
06-06 20:49:25.337  2264  2264 I cnss-daemon: nl80211_response_handler: cmd 103, vendorID 4980, subcmd 182  received
06-06 20:49:25.338  1701  4196 I WifiHAL : event received NL80211_CMD_VENDOR, vendor_id = 0x1374, subcmd = 0xb6
06-06 20:49:25.458 11164 11164 I wpa_supplicant: Heartbeat 18908
06-06 20:49:25.503  2655  4737 I NSLocationMonitor: getGPSUsingApps() called
06-06 20:49:25.504  4748  2344 I NSLocationManager_FLP: getGPSUsingApps, No change
06-06 20:49:25.511  2655  4737 D FreecessHandler: freeze com.google.android.gm(10245) result : 2
06-06 20:49:25.517  1679  1731 V sec_audio_hw: sec_dev_get_parameters : g_hw_speaker_amp_temp_spk
06-06 20:49:25.517  1679  1731 D AHAL: FM: fm_get_parameters: 298: enter
06-06 20:49:25.517  1679  1731 D AHAL: FM: fm_get_parameters: 305: exit
06-06 20:49:25.522  1756 10833 E vendor.samsung.hardware.thermal@1.0-service: key: g_hw_speaker_amp_temp_spk, value: AMP_OFF
06-06 20:49:25.523  1756 10833 E vendor.samsung.hardware.thermal@1.0-service: coil_temp = 0.000000
06-06 20:49:25.525  6290  7332 I SDHMS:x : SIOP:: AP:406 BAT:357 USB:322 CHG:408 PA:398 WIFI:408 BLK:0 SUBBAT:327 LRPTHM:392 SKIN:393 SKINF:393 SKINB:377 LRP:393 LRP2:393 LRF2:393 LRB2:377 AP2:393 CHG2:393 MEM2:393 WIFI2:391 RCV2:389 SPK2:320 FCAM:321 DNSPK:321 VAP02:419 VWIFI:422 AMB2:264 AVGCUR:225 AVGSYS:389 POWER:968
06-06 20:49:25.527  6290  6534 I M0      : limitCPUFreq:: freq = 2227200
06-06 20:49:25.527  6290  6534 I SemDvfsHyPerManager: acquire hyper - SIOP_ARM_MAX/6290@3, type = 301993986
06-06 20:49:25.528  1722  1744 I HYPER-HAL: [RequestManager.cpp]acquire(): Acquired ID : 19804074  [6290 / 3]    HINT :      list : [CPUMaxFreq / 2227200] 
06-06 20:49:25.569  7930  8075 I [SC_ScreenRecorder]_FileSystemUtil: getAvailableBytes : 280147206144
06-06 20:49:25.569  7930  8075 I [SC_ScreenRecorder]_StorageChecker: free space check : 267169 MB
06-06 20:49:25.575  7930  8075 I [SC_ScreenRecorder]_StorageChecker: file size check : 260 MB
06-06 20:49:25.751  7930  7930 I [SC_ScreenRecorder]_FloatingButtonView: 01:12:00
06-06 20:49:25.752  7930  7930 I NotificationManager: com.samsung.android.app.smartcapture: notify(1332, null, Notification(channel=CHANNEL_ID_RECORDING_SCREEN shortcut=null contentView=null vibrate=null sound=null defaults=0 flags=ONGOING_EVENT|ONLY_ALERT_ONCE color=0x00000000 category=navigation groupKey=screen_recorder_group_key vis=PRIVATE semFlags=0x0 semPriority=0 semMissedCount=0)) as user
06-06 20:49:25.762  1854  1854 D SurfaceFlinger: GPIS:: requestGPISForClientComposition
06-06 20:49:25.763  1854  2063 I VSyncReactor: Current= 120, Period= 120, Distance= 1
06-06 20:49:25.766  1854  4614 D NativeSemDvfsManager: acquire:: timeout = 2000 mIsAcquired = 1  mTagName : SurfaceFlinger 
06-06 20:49:25.766  1854  4614 E NativeCustomFrequencyManager: [NativeCFMS] BpCustomFrequencyManager::acquire()
06-06 20:49:25.766  1722  1744 I HYPER-HAL: [RequestManager.cpp]acquire(): Acquired ID : 4075085  [1854 / 1000]    HINT : SF_GPU_MINLOCK    list : [TIMEOUT / 2000] 
06-06 20:49:25.772  1854  2063 I VSyncReactor: Current= 120, Period= 120, Distance= 120
06-06 20:49:25.944  2655  3534 D NetdEventListenerService: DNS Requested by 236, 10355(com.discord), 4(FAIL), isBlocked=true, 0ms
06-06 20:49:25.959  2655  2655 I Telecom : SamsungTelecomServiceImpl : isInManagedCall - callingPackage : android / callingUser : UserHandle{0} / hasCrossUserAccess : true
06-06 20:49:25.965  4281  7715 I HoneySpace.NotificationListener: onNotificationPosted com.samsung.android.app.smartcapture: 0|com.samsung.android.app.smartcapture|1332|null|10201: 0
06-06 20:49:25.966  4281  7715 I HoneySpace.BadgeDataSourceImpl: Get notification count. PK(p='com.samsung.android.app.smartcapture', u=UserHandle{0}) - forceBadgeCount: false, notification listener: 2, badge provider: 0
06-06 20:49:25.966  3613  3613 D InterruptionStateProvider:  no Heads up : edgelighting enabled app. 0|com.samsung.android.app.smartcapture|1332|null|10201
06-06 20:49:25.974  3613  3613 D SubscreenNotificationListCoordinator: onAfterRenderList() isSubScreen = false, pluginLockMode = 0, doNotShowOnCover = false
06-06 20:49:25.975  3613  3613 I LockscreenNotificationIconsOnlyController: onNotificationInfoUpdated 0
06-06 20:49:25.976  3613  3613 I AODNotificationManager: updateNotification() 
06-06 20:49:25.976  3613  3613 D PluginAODManager: onNotificationInfoUpdated() 0
06-06 20:49:25.976  3613  3613 I AODNotificationManager: updateVisibleNotifications: 0
06-06 20:49:25.992  1749  8111 W qdgralloc: getInterlacedFlag: getMetaData returned 3, defaulting to interlaced_flag = 0
06-06 20:49:25.993  1749  8111 W qdgralloc: getInterlacedFlag: getMetaData returned 3, defaulting to interlaced_flag = 0
06-06 20:49:26.002  2655  4737 I NSLocationMonitor: getGPSUsingApps() called
06-06 20:49:26.002  4748  2344 I NSLocationManager_FLP: getGPSUsingApps, No change
06-06 20:49:26.009  2655  4737 D FreecessHandler: freeze com.rileydrcelik.wnotes(10408) result : 2
06-06 20:49:26.146  1168  1168 D io_stats: !@   8,0 r 31674302 567385652 w 8018752 150688692 d 967414 393613560 f 203228 824638 iot 12490444 0 th 0 0 0 pt 0 inp 0 0 139644.363
06-06 20:49:26.147  1168  1168 D io_stats: !@ Read_top(KB): id.app.launcher(4281) 48716 system_server(2655) 1204 kworker/u16:8(17278) 52
06-06 20:49:26.147  1168  1168 D io_stats: !@ Write_top(KB): kworker/u16:8(17278) 1012 f2fs_ckpt-254:6(1373) 288 roid.honeyboard(8327) 72
06-06 20:49:26.166  3613  3613 D Bubbles : onEntryUpdated : shouldBubbleUp=false ,key=0|com.samsung.android.app.smartcapture|1332|null|10201
06-06 20:49:26.167  3613  3613 D InterruptionStateProvider:  no Heads up : edgelighting enabled app. 0|com.samsung.android.app.smartcapture|1332|null|10201
06-06 20:49:26.167  3613  3613 I {OngoingActivityController}: onEntryUpdated and OA data is empty. So update latest task info
06-06 20:49:26.175  3613  3613 D SubscreenNotificationListCoordinator: onAfterRenderList() isSubScreen = false, pluginLockMode = 0, doNotShowOnCover = false
06-06 20:49:26.176  3613  3613 W RefactorFlag: New code path expects SceneContainerFlag to be enabled.
06-06 20:49:26.176  3613  3613 D ExpandableNotifRow: mMaxSmallHeight different before reInflateViews mMaxSmallHeight: 216 mTempSmallHeight:0 0|com.samsung.android.app.smartcapture|1332|null|10201
06-06 20:49:26.176  3613  3613 D ExpandableNotifRow: mMaxSmallHeight different before reInflateViews mMaxSmallHeight: 216 mTempSmallHeight:0 0|com.samsung.android.app.smartcapture|1332|null|10201
06-06 20:49:26.177  3613  3613 I LockscreenNotificationIconsOnlyController: onNotificationInfoUpdated 0
06-06 20:49:26.177  3613  3613 I AODNotificationManager: updateNotification() 
06-06 20:49:26.177  3613  3613 D PluginAODManager: onNotificationInfoUpdated() 0
06-06 20:49:26.177  3613  3613 I AODNotificationManager: updateVisibleNotifications: 0
06-06 20:49:26.182  3613  4192 D LocalImageResolver: Couldn't use ImageDecoder for drawable, falling back to non-resized load.
06-06 20:49:26.182  1854  1854 D DisplayModeController: setDesiredMode 4630946592180194435 {mode={fps=60.00 Hz, modePtr={id=2, vsyncRate=60.00 Hz, peakRefreshRate=60.00 Hz}}, emitEvent=true, force=false}
06-06 20:49:26.182  1854  1854 I LayerHistory: StatusBar$_3613#135 voted NoVote (0.00 Hz)
06-06 20:49:26.182  1854  1854 I LayerHistory: $_7930#27150 Max (can't resolve refresh rate)
06-06 20:49:26.182  1854  1854 I SurfaceFlinger: Weight ignores $_7930#27150 (type=Max, weight=0.43, seamlessness=Default) 0.00 Hz's 120.00 Hz
06-06 20:49:26.182  1854  1854 I SurfaceFlinger: scored - choose 60.00 Hz
06-06 20:49:26.183  1854  1854 I HWComposer: [4630946592180194435] ActiveConfigToHWC, ID : 2
06-06 20:49:26.184  3613  4192 D LocalImageResolver: Couldn't use ImageDecoder for drawable, falling back to non-resized load.
06-06 20:49:26.184  1742  1996 I SDM     : HWDeviceDRM::SetDisplaySwitchMode: [DispConfigs] check hs_mode 3
06-06 20:49:26.184  1742  1996 W SDM     : HWDeviceDRM::GetSupportedBitClkRate: Requested rate not supported: 951000000
06-06 20:49:26.184  1742  1996 W SDM     : HWDeviceDRM::GetSupportedBitClkRate: Requested rate not supported: 951000000
06-06 20:49:26.184  1742  1996 I SDM     : HWDeviceDRM::SetDisplaySwitchMode: [DispConfigs] Set mode index:3 1080x2640x60xcmdPHS, hs_mode(3), found_mode(1)
06-06 20:49:26.184  1742  1996 I SDM     : HWDeviceDRM::UpdateMixerAttributes: Mixer WxH 1080x2640-1 for Peripheral
06-06 20:49:26.184  1742  1996 I SDM     : HWCDisplay::SubmitDisplayConfig: Active configuration changed from config 0 to 2
06-06 20:49:26.185  3613  3613 I AppIconSolution: return adaptive icon for com.samsung.android.app.smartcapture, isNight = true
06-06 20:49:26.190  1854  1854 I SurfaceFlinger: finalizeDisplayModeChange 4630946592180194435
06-06 20:49:26.191  2655  2757 D LocalDisplayAdapter: updateActiveModeLocked for d=4630946592180194435, mActiveModeId=3, mActiveSfDisplayMode=DisplayMode{id=2, width=1080, height=2640, xDpi=428.625, yDpi=424.405, peakRefreshRate=60.000004, vsyncRate=60.000004, appVsyncOffsetNanos=16666666, presentationDeadlineNanos=17666666, supportedHdrTypes=[4, 2, 3], group=1080}
06-06 20:49:26.191  2655  2757 I DisplayDeviceRepository: Display device changed render timings: "Built-in Screen", renderFrameRate=60.000004, presentationDeadlineNanos=17666666, appVsyncOffsetNanos=16666666, frameRateOverrides=[]
06-06 20:49:26.192  2655  2755 D WindowManager: DeferredDisplayUpdater: partially applying DisplayInfo(1080 x 2640) immediately
06-06 20:49:26.193  2655  2655 D SGM:GameManager: onDisplayChanged. displyId: 0, state: 2
06-06 20:49:26.193  2655  2655 D AODManagerService: requestReCalToTSP IsSingleTouchMode = falserequestedReCalToTSP = false / previousDisplayState = ON
06-06 20:49:26.193  2655  5185 D LiftUpHandler: [LTW] Stopped already.
06-06 20:49:26.193  2655  2755 D SurfaceComposerClient: setCornerRadius ## 332ac72 com.sec.android.app.launcher/com.android.quickstep.RecentsActivity#231 cornerRadius=0.000000
06-06 20:49:26.194  2655  2755 D SurfaceComposerClient: setCornerRadius ## 332ac72 com.sec.android.app.launcher/com.android.quickstep.RecentsActivity#231 cornerRadius=0.000000
06-06 20:49:26.194  4281 32662 I HoneySpace.RefreshRateSource: singleFrameMs 16
06-06 20:49:26.194  2655  3288 D SGM:FgCheckThread: onLooperPrepared(), msg: MSG_LCD_ON
06-06 20:49:26.195  3613  3613 W RefactorFlag: New code path expects SceneContainerFlag to be enabled.
06-06 20:49:26.195  1790 18449 D AudioFlinger: setParameters: filtered dev setParameters keyvalue screen_state=on
06-06 20:49:26.195  3613  3793 D StackScroller: onDisplayChanged for predraw skip to 2
06-06 20:49:26.195  8327  8327 I HBD     : DeX h DeX mode state change in non-main thread 
06-06 20:49:26.195  8327  8327 I HBD     : DeX h DeX mode state change: 3 
06-06 20:49:26.196  1749  8111 W qdgralloc: getInterlacedFlag: getMetaData returned 3, defaulting to interlaced_flag = 0
06-06 20:49:26.196  1679  1731 D AHAL: AudioDevice: SetParameters: 1799: enter
06-06 20:49:26.196  2655  6409 D WifiDisplayAdapter: isFitToActiveDisplayLocked : false
06-06 20:49:26.196  1679  1731 D AHAL: AudioVoice: VoiceSetParameters: 171: Enter
06-06 20:49:26.196  1679  1731 D AHAL: AudioVoice: VoiceSetParameters: 416: Exit ret: 0
06-06 20:49:26.196  1679  1731 D AHAL: hfp: hfp_set_parameters: 447: enter
06-06 20:49:26.196  1679  1731 D AHAL: AudioDevice: SetParameters: 1879:  - screen = on
06-06 20:49:26.196  1679  1731 I PAL: ResourceManager: setParameter: 9278: Screen State:1
06-06 20:49:26.196  1679  1731 D AHAL: AudioDevice: SetParameters: 2521: exit: screen_state=on
06-06 20:49:26.196  1749  8111 W qdgralloc: getInterlacedFlag: getMetaData returned 3, defaulting to interlaced_flag = 0
06-06 20:49:26.196  1679  1731 I Audio_a2dpsink_hw: adev_set_parameters: kevpairs=[screen_state=on]
06-06 20:49:26.197  3613  3613 D ExpandableNotifRow: mMaxSmallHeight different before reInflateViews mMaxSmallHeight: 216 mTempSmallHeight:0 0|com.samsung.android.app.smartcapture|1332|null|10201
06-06 20:49:26.197  3613  3613 D ExpandableNotifRow: mMaxSmallHeight different before reInflateViews mMaxSmallHeight: 216 mTempSmallHeight:0 0|com.samsung.android.app.smartcapture|1332|null|10201
06-06 20:49:26.197  3613  3613 D ExpandableNotifRow: mMaxSmallHeight different before reInflateViews mMaxSmallHeight: 216 mTempSmallHeight:0 0|com.samsung.android.app.smartcapture|1332|null|10201
06-06 20:49:26.197  3613  3613 D ExpandableNotifRow: mMaxSmallHeight different before reInflateViews mMaxSmallHeight: 216 mTempSmallHeight:0 0|com.samsung.android.app.smartcapture|1332|null|10201
06-06 20:49:26.198  1854  2063 I VSyncReactor: Current= 120, Period= 60, hwcPeriod= 60
06-06 20:49:26.198  3613  3613 D S.S.N.  : entryViewBound parent :0|com.samsung.android.app.smartcapture|1332|null|10201
06-06 20:49:26.199  7930  7930 I [SmartCapture]_DeviceUtils: getLidState : state = 0
06-06 20:49:26.199 12547 12547 I SPenContext: virtual void SPen::Context::SetDisplayRefreshRate(float) framerate=60
06-06 20:49:26.199 12547 12547 I LatencyConfiguration: virtual void SPen::LatencyConfiguration::UpdateRefreshRate(float) RefreshRate=60.000004
06-06 20:49:26.199 12547 12547 I LatencyConfiguration: virtual void SPen::LatencyConfiguration::UpdateRefreshRate(float) RefreshRateCallback 0xb40000773ac23f00
06-06 20:49:26.199 12547 12547 I spe_log : virtual void SPen::LowLatencyStrokeView::SetRefreshRate(float) refresh rate=60.000
06-06 20:49:26.199  3613  3613 I AppIconSolution: return adaptive icon for com.samsung.android.app.smartcapture, isNight = true
06-06 20:49:26.202  3613  3613 D DisplayLifecycle: updateDisplay id = 0
06-06 20:49:26.203  3613  3613 D SubscreenNotificationListCoordinator: onAfterRenderList() isSubScreen = false, pluginLockMode = 0, doNotShowOnCover = false
06-06 20:49:26.205  3613  3613 W RefactorFlag: New code path expects SceneContainerFlag to be enabled.
06-06 20:49:26.205  3613  3613 D ExpandableNotifRow: mMaxSmallHeight different before reInflateViews mMaxSmallHeight: 216 mTempSmallHeight:0 0|com.samsung.android.app.smartcapture|1332|null|10201
06-06 20:49:26.205  3613  3613 D ExpandableNotifRow: mMaxSmallHeight different before reInflateViews mMaxSmallHeight: 216 mTempSmallHeight:0 0|com.samsung.android.app.smartcapture|1332|null|10201
06-06 20:49:26.205  3613  3613 I LockscreenNotificationIconsOnlyController: onNotificationInfoUpdated 0
06-06 20:49:26.205  3613  3613 I AODNotificationManager: updateNotification() 
06-06 20:49:26.206  3613  3613 D PluginAODManager: onNotificationInfoUpdated() 0
06-06 20:49:26.206  3613  3613 I AODNotificationManager: updateVisibleNotifications: 0
06-06 20:49:26.226  1749  8111 W qdgralloc: getInterlacedFlag: getMetaData returned 3, defaulting to interlaced_flag = 0
06-06 20:49:26.226  1749  8111 W qdgralloc: getInterlacedFlag: getMetaData returned 3, defaulting to interlaced_flag = 0
06-06 20:49:26.262  1824  1878 E HeatmapThread: ECT Thread time in milliseconds: 1780793366
06-06 20:49:26.266  1824  1878 D HeatmapThread: !@ batteryplugType : 4
06-06 20:49:26.266  1824  1878 D HeatmapThread: !@ batteryLevel : 100  batteryTemperature : 357 
06-06 20:49:26.267  1824  1878 D HeatmapThread: !@ Heatmap currtime: 29679889
06-06 20:49:26.267  1824  1878 D HeatmapThread: !@ Heatmap prevtime: 29679878
06-06 20:49:26.267  1824  1878 D HeatmapThread: !@ Heatmap plugstarttime: 29679887
06-06 20:49:26.267  1824  1878 D HeatmapThread: !@ Heatmap prevv_dsoh_update_time: 29679873
06-06 20:49:26.267  1824  1878 E HeatmapThread: !@ CAM New BSOH: 97
06-06 20:49:26.267  1824  1878 E HeatmapThread: !@ CAM is Working
06-06 20:49:26.443  1692  6935 I sensors-hal: handle_sns_std_sensor_event:436, [SSC_LIGHT] P: 34(34),m:13,c:29,b:65,c0:3456,l:31,f(r):88,u(bl):93,j:34
06-06 20:49:26.466 11164 11164 I wpa_supplicant: nl80211: Drv Event 103 (NL80211_CMD_VENDOR) received for wlan0
06-06 20:49:26.466 11164 11164 I wpa_supplicant: nl80211: Vendor event: wiphy=0 vendor_id=0x1374 subcmd=182
06-06 20:49:26.466  1701  4196 I WifiHAL : event received NL80211_CMD_VENDOR, vendor_id = 0x1374, subcmd = 0xb6
06-06 20:49:26.466 11164 11164 I wpa_supplicant: nl80211: Ignore unsupported QCA vendor event 182
06-06 20:49:26.467  2264  2264 I cnss-daemon: nl80211 response handler invoked
06-06 20:49:26.467  2264  2264 I cnss-daemon: nl80211_response_handler: cmd 103, vendorID 4980, subcmd 182  received
06-06 20:49:26.740  2655  4737 I NSLocationMonitor: getGPSUsingApps() called
06-06 20:49:26.740  4748  2344 I NSLocationManager_FLP: getGPSUsingApps, No change
06-06 20:49:26.745  2655  4737 D FreecessHandler: freeze com.mgoogle.android.gms(10367) result : 39
06-06 20:49:26.748  7930  7930 I [SC_ScreenRecorder]_FloatingButtonView: 01:12:01
06-06 20:49:26.749  7930  7930 I NotificationManager: com.samsung.android.app.smartcapture: notify(1332, null, Notification(channel=CHANNEL_ID_RECORDING_SCREEN shortcut=null contentView=null vibrate=null sound=null defaults=0 flags=ONGOING_EVENT|ONLY_ALERT_ONCE color=0x00000000 category=navigation groupKey=screen_recorder_group_key vis=PRIVATE semFlags=0x0 semPriority=0 semMissedCount=0)) as user
06-06 20:49:26.762  2655  2655 D SSRM:CustomFrequencyManagerService: GpisHintRunnable ScreenRecorderEnabled force return
06-06 20:49:26.776  1854  1854 D SurfaceFlinger: GPIS:: requestGPISForClientComposition
06-06 20:49:26.954  2655  2655 I Telecom : SamsungTelecomServiceImpl : isInManagedCall - callingPackage : android / callingUser : UserHandle{0} / hasCrossUserAccess : true
06-06 20:49:26.961  4281  7715 I HoneySpace.NotificationListener: onNotificationPosted com.samsung.android.app.smartcapture: 0|com.samsung.android.app.smartcapture|1332|null|10201: 0
06-06 20:49:26.961  4281  7715 I HoneySpace.BadgeDataSourceImpl: Get notification count. PK(p='com.samsung.android.app.smartcapture', u=UserHandle{0}) - forceBadgeCount: false, notification listener: 2, badge provider: 0
06-06 20:49:26.962  3613  3613 D InterruptionStateProvider:  no Heads up : edgelighting enabled app. 0|com.samsung.android.app.smartcapture|1332|null|10201
06-06 20:49:26.977  3613  3613 D SubscreenNotificationListCoordinator: onAfterRenderList() isSubScreen = false, pluginLockMode = 0, doNotShowOnCover = false
06-06 20:49:26.979  3613  3613 I LockscreenNotificationIconsOnlyController: onNotificationInfoUpdated 0
06-06 20:49:26.979  3613  3613 I AODNotificationManager: updateNotification() 
06-06 20:49:26.979  3613  3613 D PluginAODManager: onNotificationInfoUpdated() 0
06-06 20:49:26.979  3613  3613 I AODNotificationManager: updateVisibleNotifications: 0
06-06 20:49:27.005  1749  8111 W qdgralloc: getInterlacedFlag: getMetaData returned 3, defaulting to interlaced_flag = 0
06-06 20:49:27.006  1749  8111 W qdgralloc: getInterlacedFlag: getMetaData returned 3, defaulting to interlaced_flag = 0
06-06 20:49:27.161  3613  3613 D Bubbles : onEntryUpdated : shouldBubbleUp=false ,key=0|com.samsung.android.app.smartcapture|1332|null|10201
06-06 20:49:27.161  3613  3613 D InterruptionStateProvider:  no Heads up : edgelighting enabled app. 0|com.samsung.android.app.smartcapture|1332|null|10201
06-06 20:49:27.162  3613  3613 I {OngoingActivityController}: onEntryUpdated and OA data is empty. So update latest task info
06-06 20:49:27.179  3613  3613 D SubscreenNotificationListCoordinator: onAfterRenderList() isSubScreen = false, pluginLockMode = 0, doNotShowOnCover = false
06-06 20:49:27.181  3613  3613 W RefactorFlag: New code path expects SceneContainerFlag to be enabled.
06-06 20:49:27.181  3613  3613 D ExpandableNotifRow: mMaxSmallHeight different before reInflateViews mMaxSmallHeight: 216 mTempSmallHeight:0 0|com.samsung.android.app.smartcapture|1332|null|10201
06-06 20:49:27.181  3613  3613 D ExpandableNotifRow: mMaxSmallHeight different before reInflateViews mMaxSmallHeight: 216 mTempSmallHeight:0 0|com.samsung.android.app.smartcapture|1332|null|10201
06-06 20:49:27.183  3613  3613 I LockscreenNotificationIconsOnlyController: onNotificationInfoUpdated 0
06-06 20:49:27.183  3613  3613 I AODNotificationManager: updateNotification() 
06-06 20:49:27.184  3613  3613 D PluginAODManager: onNotificationInfoUpdated() 0
06-06 20:49:27.184  3613  3613 I AODNotificationManager: updateVisibleNotifications: 0
06-06 20:49:27.193  3613  4192 D LocalImageResolver: Couldn't use ImageDecoder for drawable, falling back to non-resized load.
06-06 20:49:27.194  3613  4192 D LocalImageResolver: Couldn't use ImageDecoder for drawable, falling back to non-resized load.
06-06 20:49:27.197  3613  3613 I AppIconSolution: return adaptive icon for com.samsung.android.app.smartcapture, isNight = true
06-06 20:49:27.197  2655  3534 D NetdEventListenerService: DNS Requested by 236, 10408(com.rileydrcelik.wnotes), 4(FAIL), isBlocked=true, 0ms
06-06 20:49:27.198  1692 17766 I sensors-hal: handle_sns_client_event:574, [0][1320] accel_sample [ 0.002,  8.139,  5.603] 411783867531619
06-06 20:49:27.203  1749  8111 W qdgralloc: getInterlacedFlag: getMetaData returned 3, defaulting to interlaced_flag = 0
06-06 20:49:27.203  1749  8111 W qdgralloc: getInterlacedFlag: getMetaData returned 3, defaulting to interlaced_flag = 0
06-06 20:49:27.210  3613  3613 W RefactorFlag: New code path expects SceneContainerFlag to be enabled.
06-06 20:49:27.212  3613  3613 D ExpandableNotifRow: mMaxSmallHeight different before reInflateViews mMaxSmallHeight: 216 mTempSmallHeight:0 0|com.samsung.android.app.smartcapture|1332|null|10201
06-06 20:49:27.212  3613  3613 D ExpandableNotifRow: mMaxSmallHeight different before reInflateViews mMaxSmallHeight: 216 mTempSmallHeight:0 0|com.samsung.android.app.smartcapture|1332|null|10201
06-06 20:49:27.212  3613  3613 D ExpandableNotifRow: mMaxSmallHeight different before reInflateViews mMaxSmallHeight: 216 mTempSmallHeight:0 0|com.samsung.android.app.smartcapture|1332|null|10201
06-06 20:49:27.212  3613  3613 D ExpandableNotifRow: mMaxSmallHeight different before reInflateViews mMaxSmallHeight: 216 mTempSmallHeight:0 0|com.samsung.android.app.smartcapture|1332|null|10201
06-06 20:49:27.214  3613  3613 D S.S.N.  : entryViewBound parent :0|com.samsung.android.app.smartcapture|1332|null|10201
06-06 20:49:27.215  3613  3613 I AppIconSolution: return adaptive icon for com.samsung.android.app.smartcapture, isNight = true
06-06 20:49:27.227  3613  3613 D SubscreenNotificationListCoordinator: onAfterRenderList() isSubScreen = false, pluginLockMode = 0, doNotShowOnCover = false
06-06 20:49:27.229  3613  3613 W RefactorFlag: New code path expects SceneContainerFlag to be enabled.
06-06 20:49:27.229  3613  3613 D ExpandableNotifRow: mMaxSmallHeight different before reInflateViews mMaxSmallHeight: 216 mTempSmallHeight:0 0|com.samsung.android.app.smartcapture|1332|null|10201
06-06 20:49:27.229  3613  3613 D ExpandableNotifRow: mMaxSmallHeight different before reInflateViews mMaxSmallHeight: 216 mTempSmallHeight:0 0|com.samsung.android.app.smartcapture|1332|null|10201
06-06 20:49:27.230  3613  3613 I LockscreenNotificationIconsOnlyController: onNotificationInfoUpdated 0
06-06 20:49:27.230  3613  3613 I AODNotificationManager: updateNotification() 
06-06 20:49:27.230  3613  3613 D PluginAODManager: onNotificationInfoUpdated() 0
06-06 20:49:27.230  3613  3613 I AODNotificationManager: updateVisibleNotifications: 0
06-06 20:49:27.256  1749  8111 W qdgralloc: getInterlacedFlag: getMetaData returned 3, defaulting to interlaced_flag = 0
06-06 20:49:27.257  1749  8111 W qdgralloc: getInterlacedFlag: getMetaData returned 3, defaulting to interlaced_flag = 0
06-06 20:49:27.262  1824  1878 E HeatmapThread: ECT Thread time in milliseconds: 1780793367
06-06 20:49:27.265  1824  1878 D HeatmapThread: !@ batteryplugType : 4
06-06 20:49:27.266  1824  1878 D HeatmapThread: !@ batteryLevel : 100  batteryTemperature : 357 
06-06 20:49:27.266  1824  1878 D HeatmapThread: !@ Heatmap currtime: 29679889
06-06 20:49:27.266  1824  1878 D HeatmapThread: !@ Heatmap prevtime: 29679878
06-06 20:49:27.266  1824  1878 D HeatmapThread: !@ Heatmap plugstarttime: 29679887
06-06 20:49:27.266  1824  1878 D HeatmapThread: !@ Heatmap prevv_dsoh_update_time: 29679873
06-06 20:49:27.266  1824  1878 E HeatmapThread: !@ CAM New BSOH: 97
06-06 20:49:27.266  1824  1878 E HeatmapThread: !@ CAM is Working
06-06 20:49:27.316  2655  3259 D InputReader: Btn_touch(3): value=1 when=139645.532815
06-06 20:49:27.316  2655  3259 I InputReader: Touch event's action is 0x0 (id=9, t=0) [pCnt=1, s=0.19926 ] when=139645.532815
06-06 20:49:27.318  2655  3258 I InputDispatcher: Delivering touch to (3613): action: 0x4, f=0x0, d=0, '2de5937', t=1 
06-06 20:49:27.318  2655  3258 I InputDispatcher: Delivering touch to (4281): action: 0x0, f=0x0, d=0, '332ac72', t=1 
06-06 20:49:27.318  4281  4281 I VRI[RecentsActivity]@69a06cf: ViewPostIme pointer 0
06-06 20:49:27.319  2655  3258 D PowerManagerService: [api] userActivityFromNative : touch displayId=0 eventTime=139645532
06-06 20:49:27.319  4281  4281 I VRI[RecentsActivity]@69a06cf: call setFrameRateCategory for touch hint category=high hint, reason=touch, vri=VRI[RecentsActivity]@69a06cf
06-06 20:49:27.319  2655  2755 I GestureDetector: obtain mCurrentDownEvent. id: 781748510 caller: com.android.server.wm.SystemGesturesPointerEventListener.onPointerEvent:17 com.android.server.wm.PointerEventDispatcher.onInputEvent:51 android.view.InputEventReceiver.dispatchInputEvent:392 
06-06 20:49:27.320  2655  2755 I GestureDetector: obtain mCurrentDownEvent. id: 781748510 caller: com.android.server.wm.SystemPerformancePointerEventListener.onPointerEvent:13 com.android.server.wm.PointerEventDispatcher.onInputEvent:51 android.view.InputEventReceiver.dispatchInputEvent:392 
06-06 20:49:27.320  1854  2137 D DisplayModeController: setDesiredMode 4630946592180194435 {mode={fps=120.00 Hz, modePtr={id=0, vsyncRate=120.00 Hz, peakRefreshRate=120.00 Hz}}, emitEvent=true, force=false}
06-06 20:49:27.320  4281  4281 I HoneySpace.GestureInputHandler: inputConsumers = [com.honeyspace.gesture.inputconsumer.InputConsumer$Companion$NO_OP$1@61de1a7]
06-06 20:49:27.321  4281  4281 I HoneySpace.InputSession: inputConsumers = NO_OP
06-06 20:49:27.321  4281  4281 I HoneySpace.InputSession: open
06-06 20:49:27.324  2655  2755 I GestureDetector: obtain mCurrentMotionEventRaw. action: 2 id: 721341048
06-06 20:49:27.324  2655  2755 I GestureDetector: obtain mCurrentMotionEventRaw. action: 2 id: 721341048
06-06 20:49:27.326  1854  2063 I VSyncReactor: Current= 60, Period= 120, hwcPeriod= 60
06-06 20:49:27.334  1854  1854 I SurfaceFlinger: [com.sec.android.app.launcher/com.android.quickstep.RecentsActivity$_4281#29289] setFrameRateCategory: HighHint
06-06 20:49:27.336  1854  1854 I LayerHistory: com.sec.android.app.launcher/com.android.quickstep.RecentsActivity$_4281#29289 voted ExplicitCategory with category: HighHint
06-06 20:49:27.336  1854  1854 I LayerHistory: StatusBar$_3613#135 voted NoVote (0.00 Hz)
06-06 20:49:27.336  1854  1854 I LayerHistory: $_7930#27150 Max (can't resolve refresh rate)
06-06 20:49:27.336  1854  1854 I SurfaceFlinger: Touch Boost - choose 120.00 Hz
06-06 20:49:27.336  1854  1854 I HWComposer: [4630946592180194435] ActiveConfigToHWC, ID : 0
06-06 20:49:27.337  1854  1854 D SurfaceFlinger: GPIS:: requestGPISForClientComposition
06-06 20:49:27.337  1742  1996 I SDM     : HWDeviceDRM::SetDisplaySwitchMode: [DispConfigs] check hs_mode 3
06-06 20:49:27.337  1742  1996 W SDM     : HWDeviceDRM::GetSupportedBitClkRate: Requested rate not supported: 951000000
06-06 20:49:27.337  1742  1996 I SDM     : HWDeviceDRM::SetDisplaySwitchMode: [DispConfigs] Set mode index:0 1080x2640x120xcmdHS, hs_mode(3), found_mode(0)
06-06 20:49:27.337  1742  1996 I SDM     : HWDeviceDRM::UpdateMixerAttributes: Mixer WxH 1080x2640-1 for Peripheral
06-06 20:49:27.337  1742  1996 I SDM     : HWCDisplay::SubmitDisplayConfig: Active configuration changed from config 2 to 0
06-06 20:49:27.343  1854  2063 I VSyncReactor: Current= 60, Period= 120, hwcPeriod= 120
06-06 20:49:27.344  1854  4614 D NativeSemDvfsManager: acquire:: timeout = 2000 mIsAcquired = 1  mTagName : SurfaceFlinger 
06-06 20:49:27.344  1854  4614 E NativeCustomFrequencyManager: [NativeCFMS] BpCustomFrequencyManager::acquire()
06-06 20:49:27.345  1722  1744 I HYPER-HAL: [RequestManager.cpp]acquire(): Acquired ID : 4075085  [1854 / 1000]    HINT : SF_GPU_MINLOCK    list : [TIMEOUT / 2000] 
06-06 20:49:27.348  1749  8111 W qdgralloc: getInterlacedFlag: getMetaData returned 3, defaulting to interlaced_flag = 0
06-06 20:49:27.348  1749  8111 W qdgralloc: getInterlacedFlag: getMetaData returned 3, defaulting to interlaced_flag = 0
06-06 20:49:27.350  1854  1854 I SurfaceFlinger: finalizeDisplayModeChange 4630946592180194435
06-06 20:49:27.351  4281  4281 I HoneySpace.TouchControllerImpl: Swipe started: TaskView[ebefce]
06-06 20:49:27.351  2655  2757 D LocalDisplayAdapter: updateActiveModeLocked for d=4630946592180194435, mActiveModeId=1, mActiveSfDisplayMode=DisplayMode{id=0, width=1080, height=2640, xDpi=428.625, yDpi=424.405, peakRefreshRate=120.00001, vsyncRate=120.00001, appVsyncOffsetNanos=8333333, presentationDeadlineNanos=9233333, supportedHdrTypes=[4, 2, 3], group=1080}
06-06 20:49:27.351  4281  4281 I HoneySpace.TouchControllerImpl: taskSwiping = true
06-06 20:49:27.351  2655  2757 I DisplayDeviceRepository: Display device changed render timings: "Built-in Screen", renderFrameRate=120.00001, presentationDeadlineNanos=9233333, appVsyncOffsetNanos=8333333, frameRateOverrides=[]
06-06 20:49:27.352  2655  2755 D WindowManager: DeferredDisplayUpdater: partially applying DisplayInfo(1080 x 2640) immediately
06-06 20:49:27.353  2655  2655 D SGM:GameManager: onDisplayChanged. displyId: 0, state: 2
06-06 20:49:27.353  2655  2655 D AODManagerService: requestReCalToTSP IsSingleTouchMode = falserequestedReCalToTSP = false / previousDisplayState = ON
06-06 20:49:27.354  2655  3288 D SGM:FgCheckThread: onLooperPrepared(), msg: MSG_LCD_ON
06-06 20:49:27.354  1790 18449 D AudioFlinger: setParameters: filtered dev setParameters keyvalue screen_state=on
06-06 20:49:27.354  1679  1731 D AHAL: AudioDevice: SetParameters: 1799: enter
06-06 20:49:27.354  1679  1731 D AHAL: AudioVoice: VoiceSetParameters: 171: Enter
06-06 20:49:27.354  1679  1731 D AHAL: AudioVoice: VoiceSetParameters: 416: Exit ret: 0
06-06 20:49:27.354  2655  2755 D SurfaceComposerClient: setCornerRadius ## 332ac72 com.sec.android.app.launcher/com.android.quickstep.RecentsActivity#231 cornerRadius=0.000000
06-06 20:49:27.354  1679  1731 D AHAL: hfp: hfp_set_parameters: 447: enter
06-06 20:49:27.354  1679  1731 D AHAL: AudioDevice: SetParameters: 1879:  - screen = on
06-06 20:49:27.354  1679  1731 I PAL: ResourceManager: setParameter: 9278: Screen State:1
06-06 20:49:27.355  1679  1731 D AHAL: AudioDevice: SetParameters: 2521: exit: screen_state=on
06-06 20:49:27.355  1679  1731 I Audio_a2dpsink_hw: adev_set_parameters: kevpairs=[screen_state=on]
06-06 20:49:27.355  2655  5185 D LiftUpHandler: [LTW] Stopped already.
06-06 20:49:27.356  4281  4281 I HoneySpace.TaskSwipeDownHandler: init() => isSwipeDownBlocked: false
06-06 20:49:27.356  4281  4281 I HoneySpace.TaskVerticalSwipeHandler: targetIdx = 0, centerIdx = 0, posOnScreen = 1, animType = 1, scrollDir = 0, layoutType = 5, isRTL = false
06-06 20:49:27.356  4281  4281 I HoneySpace.TaskVerticalSwipeHandler: init() => isSwipeDown: true, targetView: TaskView[ebefce]
06-06 20:49:27.356  8327  8327 I HBD     : DeX h DeX mode state change in non-main thread 
06-06 20:49:27.356  8327  8327 I HBD     : DeX h DeX mode state change: 3 
06-06 20:49:27.356  3613  3613 D DisplayLifecycle: updateDisplay id = 0
06-06 20:49:27.357  2655  2655 I SemDvfsHyPerManager: acquire hyper - WM_SCROLL_DETECTED/2655@2, type = -999
