06-06 20:49:24.241  2655  3906 V WindowManager:    ChangeInfo{b61b32f container=ActivityRecord{199115880 u0 com.sec.android.app.launcher/com.android.quickstep.RecentsActivity t37392} flags=0x0}
06-06 20:49:24.241  2655  3906 V WindowManager:    ChangeInfo{28bcd3c container=WallpaperWindowToken{c5c4c76 showWhenLocked=true}_<lock> flags=0x0}
06-06 20:49:24.241  2655  3906 V WindowManager:    ChangeInfo{676dac5 container=WallpaperWindowToken{dc89ffb showWhenLocked=false}_<system> flags=0x0}
06-06 20:49:24.241  2655  3906 V WindowManager:    ChangeInfo{a15c1a container=Task{dee5cff #37390 type=home I=app.olauncher/.MainActivity nonResizable} flags=0x0}
06-06 20:49:24.241  2655  3906 V WindowManager: ]
06-06 20:49:24.241  2655  3906 V WindowManager: }, caller=com.android.server.wm.ActivityStarter.handleStartResult:1000 com.android.server.wm.ActivityStarter.startActivityUnchecked:218 com.android.server.wm.ActivityStarter.executeRequest:3625 com.android.server.wm.ActivityStarter.execute:1873 com.android.server.wm.ActivityTaskManagerService.startActivityAsUser:95 
06-06 20:49:24.241  1749  8111 W qdgralloc: getInterlacedFlag: getMetaData returned 3, defaulting to interlaced_flag = 0
06-06 20:49:24.242  1749  8111 W qdgralloc: getInterlacedFlag: getMetaData returned 3, defaulting to interlaced_flag = 0
06-06 20:49:24.242  2655  3906 V WindowManager: Collecting in transition 2314: WallpaperWindowToken{dc89ffb showWhenLocked=false}_<system>, caller=com.android.server.wm.TransitionController.collect:7 com.android.server.wm.WallpaperWindowToken.setVisibility:55 com.android.server.wm.WallpaperController.adjustWallpaperWindows:857 com.android.server.wm.RootWindowContainer.applySurfaceChangesTransaction$1:141 com.android.server.wm.RootWindowContainer.performSurfacePlacementNoTrace:86 
06-06 20:49:24.242  2655  3906 D FreeformController: beginPostLayoutPolicyLw: forceHideRequester changed, old=null, new=Window{332ac72 u0 com.sec.android.app.launcher/com.android.quickstep.RecentsActivity}
06-06 20:49:24.242  3613  3698 V WindowManagerShell: Transition requested (#2314): android.os.BinderProxy@4186682 TransitionRequestInfo { type = OPEN, triggerTask = TaskInfo{userId=0 taskId=37392 effectiveUid=10133 displayId=0 isRunning=true baseIntent=Intent { act=android.intent.action.MAIN cat=[android.intent.category.DEFAULT] flg=0x10800000 cmp=com.sec.android.app.launcher/com.android.quickstep.RecentsActivity } baseActivity=ComponentInfo{com.sec.android.app.launcher/com.android.quickstep.RecentsActivity} topActivity=ComponentInfo{com.sec.android.app.launcher/com.android.quickstep.RecentsActivity} origActivity=null realActivity=ComponentInfo{com.sec.android.app.launcher/com.android.quickstep.RecentsActivity} numActivities=1 lastActiveTime=411780944 supportsMultiWindow=true resizeMode=2 isResizeable=true minWidth=-1 minHeight=-1 maxWidth=-1 maxHeight=-1 defaultMinSize=220 desktopDefaultMinSize=304 token=WCT{android.window.IWindowContainerToken$Stub$Proxy@82b7193} topActivityType=3 pictureInPictureParams=null shouldDockBigOverlays=false launchIntoPipHostTaskId=-1 lastParentTaskIdBeforePip=-1 displayCutoutSafeInsets=Rect(0, 0 - 0, 0) topActivityInfo=ActivityInfo{1cc55d0 com.android.quickstep.RecentsActivity} launchCookies=[android.os.BinderProxy@50619c9] positionInParent=Point(0, 0) parentTaskId=-1 isFocused=true isVisible=false isVisibleRequested=true isTopActivityNoDisplay=false isSleeping=false locusId=null displayAreaFeatureId=1 isTopActivityTransparent=false isActivityStackTransparent=false lastNonFullscreenBounds=Rect(81, 684 - 999, 2004) capturedLink=null capturedLinkTimestamp=0 requestedVisibleTypes=-9 topActivityRequestOpenInBrowserEducationTimestamp=0 appCompatTaskInfo=AppCompatTaskInfo { topActivityInSizeCompat=false eligibleForLetterboxEducation= false isLetterboxEducationEnabled= false isLetterboxDoubleTapEnabled= false eligibleForUserAspectRatioButton= false topActivityBoundsLetterboxed= false isFromLetterboxDoubleTap= false topActivityLetterboxVerticalPosition= -1 topActivityLetterboxHorizontalPosition= -1 topActivityLetterboxWidth=-1 topActivityLetterboxHeight=-1 topActivityAppBounds=Rect(0, 0 - 1080, 2640) isUserFullscreenOverrideEnabled=false isSystemFullscreenOverrideEnabled=false hasMinAspectRatioOverride=false topActivityLetterboxBounds=null cameraCompatTaskInfo=CameraCompatTaskInfo { freeformCameraCompatMode=inactive} topActivityBounds=null topActivityInDisplayCompat=false singleTapFromLetterbox=false} topActivityMainWindowFrame=null originallySupportedMultiWindow=true hasWallpaper=false rootAffinity=null isTopTaskInStage=false CoverLauncherWidgetTask=false LaunchedFromAppsCoverLauncherTask=false LaunchedFromMultistarCoverLauncherTask=false isAllowedSeamlessRotation=false isTopTransparentActivity=true isAliasManaged=false hasConfigChanged=false snappingGuideBounds=null isAiKeyRemoveAppTask=false lastDesktopWindowingBounds=null lastExternalDesktopWindowingBounds=null safeCutoutInsets=null}, pipChange = null, remoteTransition = RemoteTransition { remoteTransition = android.window.IRemoteTransition$Stub$Proxy@9ea68ce, appThread = android.app.IApplicationThread$Stub$Proxy@21193ef, debugName = QuickstepLaunchflags =NONE }, displayChange = null, flags = 0, debugId = 2314 }
06-06 20:49:24.242  2655  3906 D FreeformController: setBlockToAddForceHideFreeformTasks: blockToAddForceHide=true, Caller=com.android.server.wm.DisplayPolicy.finishPostLayoutPolicyLw:127
06-06 20:49:24.242  3613  3698 V ShellDesktopMode: DesktopTasksController: isDesktopModeShowing: hasVisibleTasks=false hasTopTransparentFullscreenTask=false
06-06 20:49:24.242  3613  3698 V ShellDesktopMode: DesktopTasksController: isDesktopModeShowing: hasVisibleTasks=false hasTopTransparentFullscreenTask=false
06-06 20:49:24.242  3613  3698 D ShellSplitScreen: logExit: no-op, mLoggerSessionId is null
06-06 20:49:24.242  2655  3906 D SurfaceComposerClient: setCornerRadius ## 332ac72 com.sec.android.app.launcher/com.android.quickstep.RecentsActivity#231 cornerRadius=0.000000
06-06 20:49:24.242  3613  3698 D ShellDesktopMode: handleRequest: TransitionRequestInfo {type=1, tid=37392, remote=true, debugId=2314}
06-06 20:49:24.243  3613  3698 V ShellDesktopMode: DesktopTasksController: skipping handleRequest reason=activityType not handled (3)
06-06 20:49:24.243  3613  3698 V WindowManagerShell: RemoteTransition directly requested for (#2314) android.os.BinderProxy@4186682: RemoteTransition { remoteTransition = android.window.IRemoteTransition$Stub$Proxy@9ea68ce, appThread = android.app.IApplicationThread$Stub$Proxy@21193ef, debugName = QuickstepLaunchflags =NONE }
06-06 20:49:24.243  3613  3698 V WindowManagerShell: Transition (#2314): request handled by RemoteTransitionHandler
06-06 20:49:24.244  2655  3906 I Pageboost: stop alp
06-06 20:49:24.244  2655  3906 I ActivityTaskManager: START u0 {act=android.intent.action.MAIN cat=[android.intent.category.DEFAULT] flg=0x10000000 xflg=0x4 cmp=com.sec.android.app.launcher/com.android.quickstep.RecentsActivity bnds=[0,0][0,0]} with LAUNCH_SINGLE_TASK from uid 10133 (BAL_ALLOW_ALLOWLISTED_COMPONENT) result code=2
06-06 20:49:24.244  2655  3906 I SemDvfsHyPerManager: acquire hyper - AMS_APP_LAUNCH/2655@18, type = -999
06-06 20:49:24.245  4785  4785 E pageboostd: Received HALT command code 2
06-06 20:49:24.245  4281  4281 I HoneySpace.GestureMotionDetector: onScroll, ACTION_DRAG
06-06 20:49:24.245  4281  4281 I VRI[RecentsActivity]@69a06cf: handleAppVisibility mAppVisible = false visible = true
06-06 20:49:24.245  4281  4281 I VRI[RecentsActivity]@69a06cf: stopped(false) old = true
06-06 20:49:24.246  1749  8111 W qdgralloc: getInterlacedFlag: getMetaData returned 3, defaulting to interlaced_flag = 0
06-06 20:49:24.246  4281  4281 I HoneySpace.HoneySystemControllerImpl: isRecentsActivityIdleState true
06-06 20:49:24.246  1749  8111 W qdgralloc: getInterlacedFlag: getMetaData returned 3, defaulting to interlaced_flag = 0
06-06 20:49:24.247  2655  4416 D ActivityTaskManager: scheduleTopResumedActivityChanged, onTop=true, r=ActivityRecord{199115880 u0 com.sec.android.app.launcher/com.android.quickstep.RecentsActivity t37392}, caller=com.android.server.wm.ActivityTaskSupervisor.scheduleTopResumedActivityStateIfNeeded:18 com.android.server.wm.ActivityTaskSupervisor.handleTopResumedStateReleased:44 com.android.server.wm.ActivityClientController.activityTopResumedStateLost:14 android.app.IActivityClientController$Stub.onTransact:716 com.android.server.wm.ActivityClientController.onTransact:1 android.os.Binder.execTransactInternal:1457 
06-06 20:49:24.247  2655  2757 D SGM:FgCheckThread: notePauseComponent(), received pkgName: app.olauncher, userId: 0
06-06 20:49:24.247  2655  3441 I CocktailBarManagerServiceContainer: handleMessage: entry what = 6
06-06 20:49:24.248  2655  3441 I CocktailBarManagerServiceImpl: notePauseComponent : no active host
06-06 20:49:24.248  2655  3700 V WindowManager: Starting Transition 2314, caller=com.android.server.wm.WindowOrganizerController.startTransition:47 com.android.server.wm.WindowOrganizerController.startTransition:1 android.window.IWindowOrganizerController$Stub.onTransact:259 
06-06 20:49:24.248  2655  3700 D BLASTSyncEngine: SyncGroup 2314: Set ready true, caller=com.android.server.wm.BLASTSyncEngine.setReady:32 com.android.server.wm.Transition.applyReady:54 com.android.server.wm.Transition.start:105 com.android.server.wm.WindowOrganizerController.startTransition:47 com.android.server.wm.WindowOrganizerController.startTransition:1 android.window.IWindowOrganizerController$Stub.onTransact:259 
06-06 20:49:24.248  4281 21677 I HoneySpace.OverviewEventHandler: sendGestureEventFromHome: 23
06-06 20:49:24.249  4281 21677 I HoneySpace.OverviewEventHandler: emitSuggestedAppsEnterAnimationEvent
06-06 20:49:24.249  2655  3452 D BackgroundInstallControlService: Package event received: 0
06-06 20:49:24.249  4281  4281 I HoneySpace.RecentsActivity: !@Boot_EBS_D: RecentsActivity.onResume()
06-06 20:49:24.249  2655  2758 D SurfaceComposerClient: setCornerRadius ## 332ac72 com.sec.android.app.launcher/com.android.quickstep.RecentsActivity#231 cornerRadius=0.000000
06-06 20:49:24.249  4281 21677 I HoneySpace.RecentTasks: onRecentTasksChanged
06-06 20:49:24.250  2655  2758 D BLASTSyncEngine: SyncGroup 2314:  Unfinished container: ActivityRecord{199115880 u0 com.sec.android.app.launcher/com.android.quickstep.RecentsActivity t37392} mSyncState=2
06-06 20:49:24.250  4281  4281 I HoneySpace.TaskListPot[8361def]: onResume() called
06-06 20:49:24.250  4281  4281 I HoneySpace.TaskListViewModel[204972874]: initRotation
06-06 20:49:24.250  4281  4281 I HoneySpace.TaskListViewModel[204972874]: registerSensorListener, StandaloneCoroutine{Cancelled}@7aa3a79
06-06 20:49:24.250  2655  2757 V Configuration: Updating configuration, locales updated from [] to [en_US,zh_CN_#Hans]
06-06 20:49:24.250  4281  4281 I HoneySpace.TaskListViewModel[204972874]: unregisterSensorListener, StandaloneCoroutine{Cancelled}@7aa3a79
06-06 20:49:24.250  4281  4281 I HoneySpace.StackRecentsView: bindTaskViewHolders Settings
06-06 20:49:24.250  4281 21676 I HoneySpace.TaskListViewModel[204972874]: registerListener, currentJob: StandaloneCoroutine{Active}@4d43458, sensorJob: StandaloneCoroutine{Active}@4d43458, listener: b6.n0@a5d49b1
06-06 20:49:24.250  4281  4281 I HoneySpace.TaskView: bindTaskView, tasks = [[id=37504 windowingMode=1 user=0 lastActiveTime=411506281] null], view: TaskView[ebefce]
06-06 20:49:24.250  4281  4281 I HoneySpace.StackRecentsView: bindTaskViewHolders notes-app
06-06 20:49:24.250  4281  4281 I HoneySpace.TaskView: bindTaskView, tasks = [[id=37515 windowingMode=1 user=0 lastActiveTime=411477501] null], view: TaskView[9e48629]
06-06 20:49:24.250  4281  4281 I HoneySpace.StackRecentsView: bindTaskViewHolders Gmail
06-06 20:49:24.250  4281  4281 I HoneySpace.TaskView: bindTaskView, tasks = [[id=37467 windowingMode=1 user=0 lastActiveTime=410709177] null], view: TaskView[f644af3]
06-06 20:49:24.250  4281  4281 I HoneySpace.StackRecentsView: bindTaskViewHolders Discord
06-06 20:49:24.250  4281  4281 I HoneySpace.TaskView: bindTaskView, tasks = [[id=37474 windowingMode=1 user=0 lastActiveTime=410694059] null], view: TaskView[ca8bd51]
06-06 20:49:24.250  4281  4281 I HoneySpace.StackRecentsView: bindTaskViewHolders WhatsApp
06-06 20:49:24.250  4281  4281 I HoneySpace.TaskView: bindTaskView, tasks = [[id=37500 windowingMode=1 user=0 lastActiveTime=410688858] null], view: TaskView[55e9a41]
06-06 20:49:24.250  4281  4281 I HoneySpace.RecentscreenPot: onResume() called
06-06 20:49:24.251  4281 20690 I HoneySpace.TaskDataRepositoryImpl: Request task thumbnail, id=37504
06-06 20:49:24.251  4281 20690 I HoneySpace.TaskThumbnailSourceImpl: Request task thumbnail low resolution, taskId=37504
06-06 20:49:24.251  2655  2757 V Configuration: Updating configuration, locales updated from [] to [en_US,zh_CN_#Hans]
06-06 20:49:24.251  1854  1854 I SurfaceFlinger: [Display 0 name="Built-in Screen"#50] setFrameRateCategory: High
06-06 20:49:24.251  4281 16823 I HoneySpace.TaskDataRepositoryImpl: getTaskIconLabelComponent key: id=37504 windowingMode=1 user=0 lastActiveTime=411506281
06-06 20:49:24.251  4281 16823 I HoneySpace.TaskDataRepositoryImpl: Request icon and label, id=37504, iconAndLabel: IconAndLabel(icon=android.graphics.Bitmap@52e2988, label=Settings), componentKey: com.android.settings/.Settings#UserHandle{0}
06-06 20:49:24.252  2655  2757 D EnterpriseDeviceManagerService: isMdmAdminPresentInternal() : MDM Admin Found - com.samsung.android.kgclient
06-06 20:49:24.252  4281  7254 I HoneySpace.SPayHandler: updateSpayHandler, show = false, defaultPage = false
06-06 20:49:24.252  2655  2757 D SGM:FgCheckThread: noteResumeComponent(), received pkgName: com.sec.android.app.launcher, userId: 0
06-06 20:49:24.252  4281  4281 I HoneySpace.TaskListLoadCheckerImpl: setLoadingCondition: 1, loadingCondition: 1
06-06 20:49:24.252  2655  3288 D SGM:FgCheckThread: onLooperPrepared(), msg: MSG_APP_RESUME, pkgName: com.sec.android.app.launcher, userid: 0
06-06 20:49:24.252  2655  3288 D SGM:FgCheckThread: handleResume().
06-06 20:49:24.252  2655  3288 D SGM:FgCheckThread: sendFocusOutConditionally() - mPrevNotiPkg: (unknown), userId: 0
06-06 20:49:24.252  2655  3288 D SGM:FgCheckThread:   handleResume(). pkgName: com.sec.android.app.launcher, userId: 0, category: non-game
06-06 20:49:24.252  2655  3288 D SGM:FgCheckThread: notifyFocusInOut(). of pkg: com.sec.android.app.launcher, type: 4, isSecGameFamily: false, userId: 0
06-06 20:49:24.252  2655  3288 D SGM:FgCheckThread:   notifyFocusInOut(). unexpected mPrevNotiType: -1
06-06 20:49:24.252  2655  3441 I CocktailBarManagerServiceContainer: handleMessage: entry what = 5
06-06 20:49:24.252  2655  3441 I CocktailBarManagerServiceImpl: noteResumeComponent : no active host
06-06 20:49:24.253  4281 24946 I HoneySpace.TaskDataRepositoryImpl: getTaskIconLabelComponent key: id=37515 windowingMode=1 user=0 lastActiveTime=411477501
06-06 20:49:24.253  2655  3288 D SGM:SystemHelper: callReleaseBlock needReleaseBlock:false
06-06 20:49:24.253  4281 24946 I HoneySpace.TaskDataRepositoryImpl: Request icon and label, id=37515, iconAndLabel: IconAndLabel(icon=android.graphics.Bitmap@7e26ba4, label=notes-app), componentKey: com.rileydrcelik.wnotes/.MainActivity#UserHandle{0}
06-06 20:49:24.253  4281  4281 I HoneySpace.SuggestedAppsShowCheckerImpl: setShowCondition: 4, showCondition: 4
06-06 20:49:24.253  4281  4281 I HoneySpace.SuggestedAppsPot: waitSuggestedAppsShowCheckerEvent
06-06 20:49:24.253  4281  4281 I HoneySpace.SuggestedAppsShowCheckerImpl: emitEvent, needToShowWithoutAnimationEvent: false needToShowAnimationEvent: false needToShowAnimationWhenTimeout: false
06-06 20:49:24.253  2655  3452 D BackgroundInstallControlService: Package event received: 0
06-06 20:49:24.253  4281  4281 I HoneySpace.GestureEventController[6f5c88d]: InitBeforeEnter, homeIsOnTop: true
06-06 20:49:24.253  4281  4281 I HoneySpace.SubViewsProgressRepositoryImpl: taskLaunchProgress: 1.0, recentsEnteringProgress: 0.0
06-06 20:49:24.253  4281  4281 I HoneySpace.CloseAllProgressRepositoryImpl: taskLaunchProgress: 1.0, recentsEnteringProgress: 0.0
06-06 20:49:24.253  4281  4281 I HoneySpace.SuggestedAppsProgressRepositoryImpl: taskLaunchProgress: 1.0, recentsEnteringProgress: 0.0, timeoutProgress: 0.0, enabledProgress: 1.0, closeRecentsProgress: 0.0
06-06 20:49:24.254  2655  2757 D SGM:GameManager: identifyGamePackage. com.sec.android.app.launcher, mCurrentUserId: 0, callingMethodInfo: com.samsung.android.game.SemGameManager.isGamePackage(SemGameManager.java:106)
06-06 20:49:24.254  2655  2757 D SGM:SemGameManager: isGamePackage(), pkgName=com.sec.android.app.launcher, ret=false
06-06 20:49:24.254  4281  4281 I HoneySpace.SubViewsProgressRepositoryImpl: taskLaunchProgress: 0.0, recentsEnteringProgress: 0.0
06-06 20:49:24.254  4281 24946 I HoneySpace.TaskDataRepositoryImpl: Request task thumbnail, id=37467
06-06 20:49:24.254  4281 24946 I HoneySpace.TaskThumbnailSourceImpl: Request task thumbnail low resolution, taskId=37467
06-06 20:49:24.254  4281  4281 I HoneySpace.CloseAllProgressRepositoryImpl: taskLaunchProgress: 0.0, recentsEnteringProgress: 0.0
06-06 20:49:24.254  4281  4281 I HoneySpace.TaskIconProgressRepositoryImpl: taskLaunchProgress: 0.0, recentsEnteringFromAppsProgress: 1.0
06-06 20:49:24.254  4281  4281 I HoneySpace.SuggestedAppsProgressRepositoryImpl: taskLaunchProgress: 0.0, recentsEnteringProgress: 0.0, timeoutProgress: 0.0, enabledProgress: 1.0, closeRecentsProgress: 0.0
06-06 20:49:24.254  4281  4281 I HoneySpace.TaskListLoadCheckerImpl: setLoadingCondition: 2, loadingCondition: 3
06-06 20:49:24.254  4281  4281 I HoneySpace.TaskListLoadCheckerImpl: setLoadingCondition: 4, loadingCondition: 7
06-06 20:49:24.254  4281  4281 I HoneySpace.GestureEventController[6f5c88d]: needFocus false
06-06 20:49:24.254  4281  4281 I HoneySpace.GestureEventController[6f5c88d]: ToggleHomeToRecents
06-06 20:49:24.254  4281  4281 I HoneySpace.TaskListViewModel[204972874]: updateRunningTaskId: -1
06-06 20:49:24.254  4281 13103 I HoneySpace.TaskDataRepositoryImpl: Request task thumbnail, id=37515
06-06 20:49:24.254  4281 13103 I HoneySpace.TaskThumbnailSourceImpl: Request task thumbnail low resolution, taskId=37515
06-06 20:49:24.255  4281 21676 I HoneySpace.TaskDataRepositoryImpl: getTaskIconLabelComponent key: id=37467 windowingMode=1 user=0 lastActiveTime=410709177
06-06 20:49:24.255  4281 21676 I HoneySpace.TaskDataRepositoryImpl: Request icon and label, id=37467, iconAndLabel: IconAndLabel(icon=android.graphics.Bitmap@a14351c, label=Gmail), componentKey: com.google.android.gm/.ConversationListActivityGmail#UserHandle{0}
06-06 20:49:24.255  2655  2757 I ActivityManager: Changes in 10133 5 to 2, 184 to 255
06-06 20:49:24.255  4281  4281 I HoneySpace.TaskListPot[8361def]: setInitPosition: 0
06-06 20:49:24.255  4281  4281 I HoneySpace.SubViewsProgressRepositoryImpl: showRecentsEnteringProgressAnimation
06-06 20:49:24.255  4281 16823 I HoneySpace.TaskDataRepositoryImpl: Request task thumbnail, id=37474
06-06 20:49:24.255  4281 16823 I HoneySpace.TaskThumbnailSourceImpl: Request task thumbnail low resolution, taskId=37474
06-06 20:49:24.255  4281  4281 I HoneySpace.TaskIconProgressRepositoryImpl: taskLaunchProgress: 0.0, recentsEnteringFromAppsProgress: 1.0
06-06 20:49:24.255  4281 21676 I HoneySpace.TaskDataRepositoryImpl: getTaskIconLabelComponent key: id=37474 windowingMode=1 user=0 lastActiveTime=410694059
06-06 20:49:24.255  4281  4281 I HoneySpace.CloseAllProgressRepositoryImpl: taskLaunchProgress: 0.0, recentsEnteringProgress: 0.0
06-06 20:49:24.255  4281 21676 I HoneySpace.TaskDataRepositoryImpl: Request icon and label, id=37474, iconAndLabel: IconAndLabel(icon=android.graphics.Bitmap@d21e141, label=Discord), componentKey: com.discord/.main.MainDefault#UserHandle{0}
06-06 20:49:24.255  4281  4281 I HoneySpace.SubViewsProgressRepositoryImpl: taskLaunchProgress: 0.0, recentsEnteringProgress: 0.0
06-06 20:49:24.255  4281  4281 I HoneySpace.SuggestedAppsProgressRepositoryImpl: taskLaunchProgress: 0.0, recentsEnteringProgress: 0.0, timeoutProgress: 0.0, enabledProgress: 1.0, closeRecentsProgress: 0.0
06-06 20:49:24.255  4281  4281 I HoneySpace.TaskIconProgressRepositoryImpl: taskLaunchProgress: 0.0, recentsEnteringFromAppsProgress: 1.0
06-06 20:49:24.256  4281 21676 I HoneySpace.TaskDataRepositoryImpl: Request task thumbnail, id=37500
06-06 20:49:24.256  4281 21676 I HoneySpace.TaskThumbnailSourceImpl: Request task thumbnail low resolution, taskId=37500
06-06 20:49:24.256  4281  4281 I HoneySpace.TaskListViewModel[204972874]: loadRecentData
06-06 20:49:24.256  4281  4281 I HoneySpace.TaskListViewModel[204972874]: openRecents : true
06-06 20:49:24.256  4281  4281 I HoneySpace.TaskListViewModel[204972874]: rotationChanged
06-06 20:49:24.256  4281  4281 I HoneySpace.TaskListViewModel[204972874]: prevRotation: -1, newRotation: 0
06-06 20:49:24.256  4281  4281 I HoneySpace.TaskListViewModel[204972874]: return: prevRotation is INVALID_ORIENTATION
06-06 20:49:24.256  4281  4281 I HoneySpace.SuggestedAppsPot: showSuggestedApps: true, SuggestedAppsPot: 203059298
06-06 20:49:24.256  4281  4281 I HoneySpace.SuggestedAppsShowCheckerImpl: setShowCondition: 1, showCondition: 5
06-06 20:49:24.256  4281  4281 I HoneySpace.SuggestedAppsShowCheckerImpl: emitEvent, needToShowWithoutAnimationEvent: false needToShowAnimationEvent: true needToShowAnimationWhenTimeout: false
06-06 20:49:24.257  4281 32662 I HoneySpace.TaskDataRepositoryImpl: getTaskIconLabelComponent key: id=37500 windowingMode=1 user=0 lastActiveTime=410688858
06-06 20:49:24.257  4281 32662 I HoneySpace.TaskDataRepositoryImpl: Request icon and label, id=37500, iconAndLabel: IconAndLabel(icon=android.graphics.Bitmap@9c5eb89, label=WhatsApp), componentKey: com.whatsapp/.Main#UserHandle{0}
06-06 20:49:24.257  6290  8020 I SDHMS:k : handleResumeComponent : put = com.sec.android.app.launcher, userid = 0 instanceid =16561446
06-06 20:49:24.258  4281 32662 I HoneySpace.RecentDataListServiceImpl[48622784]: loadRecentData
06-06 20:49:24.256  2655  2870 D AnalyticsContainerHandler: handleMessage : { when=0 what=1 target=com.android.server.knox.KnoxAnalyticsContainer$AnalyticsHandler }
06-06 20:49:24.259  3613  3613 D FlexPanelStartController: not support state, mMwEnabled=true, mIsTableMode=true, mDesktopMode=false, mFlexModePanelEnabled=false, mIsImeShowing=false, mIsQuickPanelShowing=false, mIsTaskBarAppsEnabled=false, mIsGlobalActionVisible=false, mOnRecentsAnimation=false, isSupportRotation=true, mIsKeyguardVisible=false
06-06 20:49:24.259  3613  3613 D FlexPanelStartController: startFloatingIcon: extra=display_floating_icon_clear, mIsTableMode=true, mIsKeyguardVisible=false
06-06 20:49:24.260  1854  1854 I SurfaceFlinger: [LayerHierarchy{RequestedLayerState{ImeContainer#16 parentId=184 relativeParentId=184 z=1} 1 children}] RelativeParent to null
06-06 20:49:24.260  2655  4416 W ActivityTaskManager: getTaskSnapshot: taskId=37515 not found
06-06 20:49:24.260  2655  2757 I DisplayDeviceRepository: Display device changed render timings: "Built-in Screen", renderFrameRate=120.00001, presentationDeadlineNanos=9233333, appVsyncOffsetNanos=8333333, frameRateOverrides=[{uid=10041 frameRateHz=120.00001}, {uid=10201 frameRateHz=120.00001}, {uid=10389 frameRateHz=120.00001}]
06-06 20:49:24.261  4281 13103 I HoneySpace.TaskThumbnailSourceImpl: Request task thumbnail, taskId=37515, isLowResolution=true
06-06 20:49:24.261  1854  1854 I BpBinder: onLastStrongRef automatically unlinking death recipients: 
06-06 20:49:24.261  2655  3452 D BackgroundInstallControlService: Package event received: 0
06-06 20:49:24.261  4281  4348 I HoneySpace.SALoggingUtils: SA Logging screenID: 500 eventId: 5160 detail: {det=OtherLaunchers} value: -1
06-06 20:49:24.261  2655  4416 W ActivityTaskManager: getTaskSnapshot: taskId=37515 not found
06-06 20:49:24.261  4281 13103 I HoneySpace.TaskThumbnailSourceImpl: Request to take task thumbnail, taskId=37515, isLowResolution=true
06-06 20:49:24.262  2655  6924 W ActivityTaskManager: takeTaskSnapshot: taskId=37515 not found or not visible
06-06 20:49:24.262  2655  2758 D SurfaceComposerClient: setCornerRadius ## 332ac72 com.sec.android.app.launcher/com.android.quickstep.RecentsActivity#231 cornerRadius=0.000000
06-06 20:49:24.262  1824  1878 E HeatmapThread: ECT Thread time in milliseconds: 1780793364
06-06 20:49:24.263  2655  2758 D BLASTSyncEngine: SyncGroup 2314:  Unfinished container: ActivityRecord{199115880 u0 com.sec.android.app.launcher/com.android.quickstep.RecentsActivity t37392} mSyncState=2
06-06 20:49:24.263  3613  3613 D FlexPanelStartController: not support state, mMwEnabled=true, mIsTableMode=true, mDesktopMode=false, mFlexModePanelEnabled=false, mIsImeShowing=false, mIsQuickPanelShowing=false, mIsTaskBarAppsEnabled=false, mIsGlobalActionVisible=false, mOnRecentsAnimation=false, isSupportRotation=true, mIsKeyguardVisible=false
06-06 20:49:24.263  3613  3613 D FlexPanelStartController: startFloatingIcon: extra=display_floating_icon_clear, mIsTableMode=true, mIsKeyguardVisible=false
06-06 20:49:24.263  4281 13103 W HoneySpace.TaskThumbnailSourceImpl: takenThumbnailData.thumbnail is null, taskId=37515
06-06 20:49:24.263  4281 13103 I HoneySpace.TaskDataRepositoryImpl: taskId = 37515, thumbnail is null
06-06 20:49:24.264  2655  2870 D AnalyticsContainerHandler: handleMessage : { when=0 what=2 target=com.android.server.knox.KnoxAnalyticsContainer$AnalyticsHandler }
06-06 20:49:24.264  4281  4281 I HoneySpace.RecentsActivity: onApplyWindowInsets, Insets{left=0, top=94, right=0, bottom=45} -> Insets{left=0, top=94, right=0, bottom=45}, type: DEFAULT
06-06 20:49:24.264  4281  4281 I HoneySpace.HoneySpaceManagerContainer: getWindowBounds, key = (com.android.quickstep.RecentsActivity, 0)
06-06 20:49:24.264  4281  4281 I HoneySpace.RecentsActivity: rawWindowBounds: bounds: Rect(0, 0 - 1080, 2640), baseScreenSize: Point(1080, 2595), insets: Insets{left=0, top=94, right=0, bottom=45}, insetsIgnoreCutout: Insets{left=0, top=94, right=0, bottom=45}
06-06 20:49:24.265  3613  3793 D StackScroller: onDisplayChanged for predraw skip to 2
06-06 20:49:24.265  2655  6965 I WindowManager: Relayout Window{332ac72 u0 com.sec.android.app.launcher/com.android.quickstep.RecentsActivity}: viewVisibility=0 req=1080x2640 ty=1 d0
06-06 20:49:24.265  1854  1955 I SurfaceFlinger: id=29289 createSurf, flag=44004, com.sec.android.app.launcher/com.android.quickstep.RecentsActivity$_4281#29289
06-06 20:49:24.265  1824  1878 D HeatmapThread: !@ batteryplugType : 4
06-06 20:49:24.265  1824  1878 D HeatmapThread: !@ batteryLevel : 100  batteryTemperature : 357 
06-06 20:49:24.265  1824  1878 D HeatmapThread: !@ Heatmap currtime: 29679889
06-06 20:49:24.265  1824  1878 D HeatmapThread: !@ Heatmap prevtime: 29679878
06-06 20:49:24.266  1824  1878 D HeatmapThread: !@ Heatmap plugstarttime: 29679887
06-06 20:49:24.266  1824  1878 D HeatmapThread: !@ Heatmap prevv_dsoh_update_time: 29679873
06-06 20:49:24.266  1824  1878 E HeatmapThread: !@ CAM New BSOH: 97
06-06 20:49:24.266  1824  1878 E HeatmapThread: !@ CAM is Working
06-06 20:49:24.266  2655  6965 D WindowManager: makeSurface duration=0 name=com.sec.android.app.launcher/com.android.quickstep.RecentsActivity$_4281
06-06 20:49:24.266  3613  3613 I {OngoingActivityController}: onTaskFocusChanged but OA data is empty
06-06 20:49:24.266  2655  6965 D SurfaceComposerClient: setCornerRadius ## 332ac72 com.sec.android.app.launcher/com.android.quickstep.RecentsActivity#231 cornerRadius=0.000000
06-06 20:49:24.266  3613  3613 I ControlPanelService: startId : 10085
06-06 20:49:24.266  3613  3613 D NavigationBarControllerImpl: setNavigationBarShortcut requestClass : com.android.wm.shell.controlpanel.activity.FlexPanelActivity, remoteViews : null, position : 0, priority : 11
06-06 20:49:24.267  3613  3613 D RemoteViewPack: OnSetRemoteView RemoteViewShortcut(requestClass=com.android.wm.shell.controlpanel.activity.FlexPanelActivity, remoteViews=null, position=0, priority=11)
06-06 20:49:24.267  2655  6965 D SurfaceComposerClient: setCornerRadius ## 332ac72 com.sec.android.app.launcher/com.android.quickstep.RecentsActivity#231 cornerRadius=0.000000
06-06 20:49:24.267  3613  3613 D NavBarStateManager: NavBarStates(0) isGameMode: false
06-06 20:49:24.267  2655  6965 D BLASTSyncEngine: SyncGroup 2314:  Unfinished container: ActivityRecord{199115880 u0 com.sec.android.app.launcher/com.android.quickstep.RecentsActivity t37392} mSyncState=2
06-06 20:49:24.267  3613  3698 D WindowManagerShell: onActivityRestartAttempt: topActivity=ComponentInfo{com.sec.android.app.launcher/com.android.quickstep.RecentsActivity}, wasVisible=false
06-06 20:49:24.268  2655  6924 D WifiDisplayAdapter: isFitToActiveDisplayLocked : false
06-06 20:49:24.268  2655  6965 D WindowManager: Changing focus from null to Window{332ac72 u0 com.sec.android.app.launcher/com.android.quickstep.RecentsActivity} displayId=0 Callers=com.android.server.wm.WindowManagerService.relayoutWindow:1377 com.android.server.wm.Session.relayout:27 android.view.IWindowSession$Stub.onTransact:829 com.android.server.wm.Session.onTransact:1 
06-06 20:49:24.268  3613  3613 D DisplayLifecycle: updateDisplay id = 0
06-06 20:49:24.268  2655  6965 I WindowManager: Cancelling animation restarting=true, leash=Surface(name=Surface(name=2de5937 NavigationBar0)/@0xbb574c - animation-leash of insets_animation)/@0xc62c322
06-06 20:49:24.268  2655  6965 I WindowManager: Reparenting to original parent: Surface(name=WindowToken{4d55636 type=2019 android.os.BinderProxy@6fd1af8})/@0x5258395, destroy=false, surface=Surface(name=2de5937 NavigationBar0)/@0xbb574c
06-06 20:49:24.268  2655  6965 I WindowManager: Reparenting to leash, surface=Surface(name=2de5937 NavigationBar0)/@0xbb574c, leashParent=Surface(name=WindowToken{4d55636 type=2019 android.os.BinderProxy@6fd1af8})/@0x5258395
06-06 20:49:24.268  3613  3613 I ControlPanelService: startId : 10086
06-06 20:49:24.268  3613  3613 D NavigationBarControllerImpl: setNavigationBarShortcut requestClass : com.android.wm.shell.controlpanel.activity.FlexPanelActivity, remoteViews : null, position : 0, priority : 11
06-06 20:49:24.268  1854  2191 I SurfaceFlinger: id=29290 createSurf, flag=24000, Surface(name=2de5937 NavigationBar0)/@0xbb574c - animation-leash of insets_animation#29290
06-06 20:49:24.268  3613  3613 D RemoteViewPack: OnSetRemoteView RemoteViewShortcut(requestClass=com.android.wm.shell.controlpanel.activity.FlexPanelActivity, remoteViews=null, position=0, priority=11)
06-06 20:49:24.268  3613  3613 D NavBarStateManager: NavBarStates(0) isGameMode: false
06-06 20:49:24.269  1749  8111 W qdgralloc: getInterlacedFlag: getMetaData returned 3, defaulting to interlaced_flag = 0
06-06 20:49:24.269  2655  6965 D WindowManager: makeSurface duration=1 leash=Surface(name=Surface(name=2de5937 NavigationBar0)/@0xbb574c - animation-leash of insets_animation)/@0x4ab59b1
06-06 20:49:24.269  1749  8111 W qdgralloc: getInterlacedFlag: getMetaData returned 3, defaulting to interlaced_flag = 0
06-06 20:49:24.269  2655  6965 D InsetsSourceProvider: updateControlForTarget: control=InsetsSourceControl: {4e9f0001 mType=navigationBars initiallyVisible mSurfacePosition=Point(0, 2496) mInsetsHint=Insets{left=0, top=0, right=0, bottom=45}}, target=Window{332ac72 u0 com.sec.android.app.launcher/com.android.quickstep.RecentsActivity}, from=com.android.server.wm.InsetsStateController.onControlTargetChanged:83 com.android.server.wm.InsetsPolicy.updateBarControlTarget:225 com.android.server.wm.DisplayPolicy.updateSystemBarAttributes:262 com.android.server.wm.WindowManagerService.updateFocusedWindowLocked:372 com.android.server.wm.WindowManagerService.relayoutWindow:1377 
06-06 20:49:24.269  3613  3613 D NavBarStateManager: NavBarStates(0) canUseNavBarBackgroundFrame: true
06-06 20:49:24.269  2655  6965 I WindowManager: Cancelling animation restarting=true, leash=Surface(name=Surface(name=3d74b5d StatusBar)/@0xfb0b09b - animation-leash of insets_animation)/@0x1449370
06-06 20:49:24.269  2655  6965 I WindowManager: Reparenting to original parent: Surface(name=WindowToken{ecbc134 type=2000 android.os.BinderProxy@4ba246})/@0x6ec9c38, destroy=false, surface=Surface(name=3d74b5d StatusBar)/@0xfb0b09b
06-06 20:49:24.269  1854  1954 I BpBinder: onLastStrongRef automatically unlinking death recipients: 
06-06 20:49:24.269  2655  6965 I WindowManager: Reparenting to leash, surface=Surface(name=3d74b5d StatusBar)/@0xfb0b09b, leashParent=Surface(name=WindowToken{ecbc134 type=2000 android.os.BinderProxy@4ba246})/@0x6ec9c38
06-06 20:49:24.269  1854  2196 I SurfaceFlinger: id=29291 createSurf, flag=24004, Surface(name=3d74b5d StatusBar)/@0xfb0b09b - animation-leash of insets_animation#29291
06-06 20:49:24.269  2655  6965 D WindowManager: makeSurface duration=0 leash=Surface(name=Surface(name=3d74b5d StatusBar)/@0xfb0b09b - animation-leash of insets_animation)/@0x61a5a17
06-06 20:49:24.270  2655  6965 D InsetsSourceProvider: updateControlForTarget: control=InsetsSourceControl: {4c3f0000 mType=statusBars mSurfacePosition=Point(0, 0) mInsetsHint=Insets{left=0, top=94, right=0, bottom=0}}, target=Window{332ac72 u0 com.sec.android.app.launcher/com.android.quickstep.RecentsActivity}, from=com.android.server.wm.InsetsStateController.onControlTargetChanged:83 com.android.server.wm.InsetsPolicy.updateBarControlTarget:212 com.android.server.wm.DisplayPolicy.updateSystemBarAttributes:262 com.android.server.wm.WindowManagerService.updateFocusedWindowLocked:372 com.android.server.wm.WindowManagerService.relayoutWindow:1377 
06-06 20:49:24.270  2655  6965 D WindowManager: updateSystemBarAttributes: displayId=0, focusedCanBeNavColorWin=false, win=Window{332ac72 u0 com.sec.android.app.launcher/com.android.quickstep.RecentsActivity}, navColorWin=Window{5ba75d0 u0 app.olauncher/app.olauncher.MainActivity}, caller=com.android.server.wm.WindowManagerService.updateFocusedWindowLocked:372 com.android.server.wm.WindowManagerService.relayoutWindow:1377 com.android.server.wm.Session.relayout:27 
06-06 20:49:24.270  2655  6965 D WindowManager: updateSystemBarAttributes, bhv=2, apr=0, statusBarAprRegions=[AppearanceRegion{ bounds=[0,0][1080,2640]}], requestedVisibilities=-9
06-06 20:49:24.270  2655  6965 V SystemKeyManager: updateFocusedWindow() is called, com.sec.android.app.launcher/com.android.quickstep.RecentsActivity
06-06 20:49:24.270  2655  6965 I WindowManager: Relayout hash=332ac72, pid=4281, syncId=-1: mAttrs={(0,0)(fillxfill) sim={adjust=resize} layoutInDisplayCutoutMode=always ty=BASE_APPLICATION fmt=TRANSPARENT wanim=0x1030306
06-06 20:49:24.270  2655  6965 I WindowManager:   fl=81910100
06-06 20:49:24.270  2655  6965 I WindowManager:   pfl=10008840
06-06 20:49:24.270  2655  6965 I WindowManager:   bhv=2
06-06 20:49:24.270  2655  6965 I WindowManager:   fitSides=0
06-06 20:49:24.270  2655  6965 I WindowManager:   frameRateBoostOnTouch=true
06-06 20:49:24.270  2655  6965 I WindowManager:   dvrrWindowFrameRateHint=true naviIconColor=0
06-06 20:49:24.270  2655  6965 I WindowManager:   sfl=4000000}
06-06 20:49:24.271  4281 32662 I HoneySpace.GroupTask: userId:0, isDeviceLocked:false
06-06 20:49:24.271  1854  1854 I SurfaceFlinger: [com.sec.android.app.launcher/com.android.quickstep.RecentsActivity$_4281#29289] attach to parent LayerHierarchy{RequestedLayerState{332ac72 com.sec.android.app.launcher/com.android.quickstep.RecentsActivity#231 parentId=230} 1 children}
06-06 20:49:24.271  1854  1854 I SurfaceFlinger: [Surface(name=2de5937 NavigationBar0)/@0xbb574c - animation-leash of insets_animation#29290] attach to parent LayerHierarchy{RequestedLayerState{WindowToken{4d55636 type=2019 android.os.BinderProxy@6fd1af8}#115 parentId=35} 2 children}
06-06 20:49:24.271  1854  1854 I SurfaceFlinger: [Surface(name=3d74b5d StatusBar)/@0xfb0b09b - animation-leash of insets_animation#29291] attach to parent LayerHierarchy{RequestedLayerState{WindowToken{ecbc134 type=2000 android.os.BinderProxy@4ba246}#122 parentId=18} 2 children}
06-06 20:49:24.271  1854  2156 D SurfaceFlinger: [input] setFocusedWindow: <null>
06-06 20:49:24.271  4281  4281 I InsetsController: onStateChanged: host=com.sec.android.app.launcher/com.android.quickstep.RecentsActivity, from=android.view.ViewRootImpl.onInsetsStateChanged:3026, state=InsetsState: {mDisplayFrame=Rect(0, 0 - 1080, 2640), mDisplayCutout=DisplayCutout{insets=Rect(0, 94 - 0, 0) waterfall=Insets{left=0, top=0, right=0, bottom=0} boundingRect={Bounds=[Rect(0, 0 - 0, 0), Rect(505, 0 - 576, 94), Rect(0, 0 - 0, 0), Rect(0, 0 - 0, 0)]} cutoutPathParserInfo={CutoutPathParserInfo{displayWidth=1080 displayHeight=2640 physicalDisplayWidth=1080 physicalDisplayHeight=2640 density={3.0} cutoutSpec={M 0,0 H -11.83333333333333 V 31.33333333333333 H 11.83333333333333 V 0 H 0 Z @dp} rotation={0} scale={1.0} physicalPixelDisplaySizeRatio={1.0}}} sideOverrides={}}, mRoundedCorners=RoundedCorners{[RoundedCorner{position=TopLeft, radius=114, center=Point(114, 114)}, RoundedCorner{position=TopRight, radius=114, center=Point(966, 114)}, RoundedCorner{position=BottomRight, radius=114, center=Point(966, 2526)}, RoundedCorner{position=BottomLeft, radius=114, center=Point(114, 2526)}]}  mRoundedCornerFrame=Rect(0, 0 - 1080, 2640), mPrivacyIndicatorBounds=PrivacyIndicatorBounds {static bounds=Rect(948, 0 - 1080, 94) rotation=0}, mDisplayShape=DisplayShape{ spec=-311912193 displayWidth=1080 displayHeight=2640 physicalPixelDisplaySizeRatio=1.0 rotation=0 offsetX=0 offsetY=0 scale=1.0}, mSources= { InsetsSource: {3 mType=ime mFrame=[0,0][0,0] mVisible=false mFlags= mSideHint=NONE mBoundingRects=null}, InsetsSource: {27 mType=displayCutout mFrame=[0,0][1080,94] mVisible=true mFlags= mSideHint=TOP mBoundingRects=null}, InsetsSource: {4c3f0000 mType=statusBars mFrame=[0,0][1080,94] mVisible=false mFlags= mSideHint=TOP mBoundingRects=null}, InsetsSource: {4c3f0005 mType=mandatorySystemGestures mFrame=[0,0][1080,130] mVisible=true mFlags= mSideHint=TOP mBoundingRects=null}, InsetsSource: {4c3f0006 mType=tappableElement mFrame=[0,0][1080,94] mVisible=true mFlags= mSideHint=TOP mBoundingRects=null}, InsetsSource: {4e9f0001 mType=navigationBars mFrame=[0,2595][1080,2640] mVisible=true mFlags=SUPPRESS_SCRIM mSideHint=BOTTOM mBoundingRects=null}, InsetsSource: {4e9f0004 mType=systemGestures mFrame=[0,0][67,2640] mVisible=true mFlags= mSideHint=LEFT mBoundingRects=null}, InsetsSource: {4e9f0005 mType=mandatorySystemGestures mFrame=[0,2544][1080,2640] mVisible=true mFlags= mSideHint=BOTTOM mBoundingRects=null}, InsetsSource: {4e9f0006 mType=tappableElement mFrame=[0,0][0,0] mVisible=true mFlags= mSideHint=NONE mBoundingRects=null}, InsetsSource: {4e9f0024 mType=systemGestures mFrame=[1013,0][1080,2640] mVisible=true mFlags= mSideHint=RIGHT mBoundingRects=null} }
06-06 20:49:24.271  2655  4416 D InputDispatcher: Once focus requested (0): <null>
06-06 20:49:24.271  2655  4416 D InputDispatcher: Focus request (0): <null> but waiting because NO_WINDOW
06-06 20:49:24.271  2655  4416 D InputDispatcher: Focus left window (0): 5ba75d0 app.olauncher/app.olauncher.MainActivity
06-06 20:49:24.273  4281  4281 W libc    : Access denied finding property "vendor.display.enable_optimal_refresh_rate"
06-06 20:49:24.273  4281  4281 I BufferQueueProducer: [](id:10b9000001dd,api:0,p:-414746480,c:4281) setDequeueTimeout:2077252342
06-06 20:49:24.273 18372 18372 I ImeFocusController: onPreWindowFocus: skipped hasWindowFocus=false mHasImeFocus=true
06-06 20:49:24.274  4281  4281 I BLASTBufferQueue_Java: new BLASTBufferQueue, mName= VRI[RecentsActivity]@69a06cf mNativeObject= 0xb4000077c4788000 caller= android.view.ViewRootImpl.updateBlastSurfaceIfNeeded:3585 android.view.ViewRootImpl.relayoutWindow:11685 android.view.ViewRootImpl.performTraversals:4804 android.view.ViewRootImpl.doTraversal:3924 android.view.ViewRootImpl$TraversalRunnable.run:12903 android.view.Choreographer$CallbackRecord.run:1901 android.view.Choreographer$CallbackRecord.run:1910 android.view.Choreographer.doCallbacks:1367 android.view.Choreographer.doFrame:1292 android.view.Choreographer$FrameDisplayEventReceiver.run:1870 
06-06 20:49:24.274  4281  4281 I BLASTBufferQueue_Java: update, w= 1080 h= 2640 mName = VRI[RecentsActivity]@69a06cf mNativeObject= 0xb4000077c4788000 sc.mNativeObject= 0xb40000772de2cf00 format= -2 caller= android.view.ViewRootImpl.updateBlastSurfaceIfNeeded:3590 android.view.ViewRootImpl.relayoutWindow:11685 android.view.ViewRootImpl.performTraversals:4804 android.view.ViewRootImpl.doTraversal:3924 android.view.ViewRootImpl$TraversalRunnable.run:12903 android.view.Choreographer$CallbackRecord.run:1901 
06-06 20:49:24.274  4281  4281 W libc    : Access denied finding property "vendor.display.enable_optimal_refresh_rate"
06-06 20:49:24.275  4281  4281 I VRI[RecentsActivity]@69a06cf: Relayout returned: old=(0,0,1080,2640) new=(0,0,1080,2640) relayoutAsync=false req=(1080,2640)0 dur=7 res=0x3 s={true 0xb400007838f05200} ch=true seqId=0
06-06 20:49:24.273 18372 18372 I ImeFocusController: onPostWindowFocus: skipped hasWindowFocus=false mHasImeFocus=true
06-06 20:49:24.277  1854  1854 I SurfaceFlinger: RequestedLayer [Surface(name=3d74b5d StatusBar)/@0xf[...]tion-leash of insets_animation#29291] hidden!! flag  from(1) --> to(0)
06-06 20:49:24.277  1854  1854 E SurfaceFlinger: alpha changed 1.000 -> 0.000 - Surface(name=3d74b5d StatusBar)/@0xfb0b09b - animation-leash of insets_animation#29291
06-06 20:49:24.277  1854  1854 I SurfaceFlinger: [LayerHierarchy{RequestedLayerState{2de5937 NavigationBar0#116 parentId=29290} 1 children}] reparent to LayerHierarchy{RequestedLayerState{Surface(name=2de5937 NavigationBar0)/@0xbb574c - animation-leash of insets_animation#29290 parentId=115} 1 children}
06-06 20:49:24.277  1854  1854 I SurfaceFlinger: [LayerHierarchy{RequestedLayerState{3d74b5d StatusBar#123 parentId=29291} 1 children}] reparent to LayerHierarchy{RequestedLayerState{Surface(name=3d74b5d StatusBar)/@0xfb0b09b - animation-leash of insets_animation#29291 parentId=122} 1 children}
06-06 20:49:24.277  1854  1854 I SurfaceFlinger: [LayerHierarchy{RequestedLayerState{Surface(name=3d74b5d StatusBar)/@0xfb0b09b - animation-leash of insets_animation#29285} no children}] reparent to OffscreenRoot
06-06 20:49:24.277  1854  1854 I SurfaceFlinger: [LayerHierarchy{RequestedLayerState{Surface(name=3d74b5d StatusBar)/@0xfb0b09b - animation-leash of insets_animation#29285} no children}] RelativeParent to null
06-06 20:49:24.277  1854  1854 I SurfaceFlinger: [LayerHierarchy{RequestedLayerState{Surface(name=2de5937 NavigationBar0)/@0xbb574c - animation-leash of insets_animation#29284} no children}] reparent to OffscreenRoot
06-06 20:49:24.277  1854  1854 I SurfaceFlinger: [LayerHierarchy{RequestedLayerState{Surface(name=2de5937 NavigationBar0)/@0xbb574c - animation-leash of insets_animation#29284} no children}] RelativeParent to null
06-06 20:49:24.277  2655  2758 V WindowManager: Collecting in transition 2314: WallpaperWindowToken{dc89ffb showWhenLocked=false}_<system>, caller=com.android.server.wm.TransitionController.collect:7 com.android.server.wm.WallpaperWindowToken.setVisibility:55 com.android.server.wm.WallpaperController.adjustWallpaperWindows:857 com.android.server.wm.RootWindowContainer.applySurfaceChangesTransaction$1:141 com.android.server.wm.RootWindowContainer.performSurfacePlacementNoTrace:86 
06-06 20:49:24.277  2655  2758 D SurfaceComposerClient: setCornerRadius ## 332ac72 com.sec.android.app.launcher/com.android.quickstep.RecentsActivity#231 cornerRadius=0.000000
06-06 20:49:24.278  2655  2758 D SurfaceComposerClient: setCornerRadius ## 332ac72 com.sec.android.app.launcher/com.android.quickstep.RecentsActivity#231 cornerRadius=0.000000
06-06 20:49:24.278  2655  2758 D BLASTSyncEngine: SyncGroup 2314:  Unfinished container: ActivityRecord{199115880 u0 com.sec.android.app.launcher/com.android.quickstep.RecentsActivity t37392} mSyncState=2
06-06 20:49:24.279  4281  4281 I HoneySpace.RecentsActivity: onApplyWindowInsets, Insets{left=0, top=94, right=0, bottom=45} -> Insets{left=0, top=94, right=0, bottom=45}, type: DEFAULT
06-06 20:49:24.279  4281  4281 I HoneySpace.HoneySpaceManagerContainer: getWindowBounds, key = (com.android.quickstep.RecentsActivity, 0)
06-06 20:49:24.279  4281  4281 I HoneySpace.RecentsActivity: rawWindowBounds: bounds: Rect(0, 0 - 1080, 2640), baseScreenSize: Point(1080, 2595), insets: Insets{left=0, top=94, right=0, bottom=45}, insetsIgnoreCutout: Insets{left=0, top=94, right=0, bottom=45}
06-06 20:49:24.280  1854  1954 I SurfaceFlinger: id=29284 Removed Surface(name=2de5937 NavigationBar0)/@0xbb574c - animation-leash of insets_animation#29284 (305)
06-06 20:49:24.280  4281  4281 I VRI[RecentsActivity]@69a06cf: Creating new active sync group VRI[RecentsActivity]@69a06cf#95
06-06 20:49:24.280  2655  2758 D InsetsSourceProvider: updateVisibility: serverVisible=true, clientVisible=true, source=InsetsSource: {4c3f0000 mType=statusBars mFrame=[0,0][1080,94] mVisible=true mFlags= mSideHint=TOP mBoundingRects=null}, controlTarget=Window{332ac72 u0 com.sec.android.app.launcher/com.android.quickstep.RecentsActivity}, from=com.android.server.wm.InsetsSourceProvider.setClientVisible:8 com.android.server.wm.InsetsSourceProvider.updateClientVisibility:20 com.android.server.wm.InsetsStateController.onRequestedVisibleTypesChanged:44 com.android.server.wm.InsetsStateController$$ExternalSyntheticLambda1.run:172 com.android.server.wm.WindowAnimator$$ExternalSyntheticLambda2.onTransactionCommitted:26 android.view.SurfaceControl$Transaction$$ExternalSyntheticLambda4.run:0 android.os.Handler.handleCallback:995 android.os.Handler.dispatchMessage:103 android.os.Looper.loopOnce:273 android.os.Looper.loop:363 
06-06 20:49:24.280  1854  2191 I SurfaceFlinger: id=29285 Removed Surface(name=3d74b5d StatusBar)/@0xfb0b09b - animation-leash of insets_animation#29285 (305)
06-06 20:49:24.281  2655  2757 D SurfaceComposerClient: setCornerRadius ## 332ac72 com.sec.android.app.launcher/com.android.quickstep.RecentsActivity#231 cornerRadius=0.000000
06-06 20:49:24.281  2655  2757 D SurfaceComposerClient: setCornerRadius ## 332ac72 com.sec.android.app.launcher/com.android.quickstep.RecentsActivity#231 cornerRadius=0.000000
06-06 20:49:24.282  2655  2757 D BLASTSyncEngine: SyncGroup 2314:  Unfinished container: ActivityRecord{199115880 u0 com.sec.android.app.launcher/com.android.quickstep.RecentsActivity t37392} mSyncState=2
06-06 20:49:24.282  1854  2156 D SurfaceFlinger: [input] setFocusedWindow: 332ac72 com.sec.android.app.launcher/com.android.quickstep.RecentsActivity
06-06 20:49:24.282  2655  2758 D SurfaceComposerClient: setCornerRadius ## 332ac72 com.sec.android.app.launcher/com.android.quickstep.RecentsActivity#231 cornerRadius=0.000000
06-06 20:49:24.282  3613  3613 I WallpaperService: resized: system, reportDraw=false, forceLayout=false, displayId=0
06-06 20:49:24.282  2655  2758 D BLASTSyncEngine: SyncGroup 2314:  Unfinished container: ActivityRecord{199115880 u0 com.sec.android.app.launcher/com.android.quickstep.RecentsActivity t37392} mSyncState=2
06-06 20:49:24.282  2655  6924 D InputDispatcher: Once focus requested (0): 332ac72 com.sec.android.app.launcher/com.android.quickstep.RecentsActivity
06-06 20:49:24.282  2655  6924 D InputDispatcher: Focus request (0): 332ac72 com.sec.android.app.launcher/com.android.quickstep.RecentsActivity but waiting because NOT_VISIBLE
06-06 20:49:24.283  3613  3613 I VRI[StatusBar]@6d8d90c: handleResized, frames=ClientWindowFrames{frame=[0,0][1080,94] display=[0,0][1080,2640] parentFrame=[0,0][0,0]} displayId=0 dragResizing=false compatScale=1.0 frameChanged=false attachedFrameChanged=false configChanged=false displayChanged=false compatScaleChanged=false dragResizingChanged=false
06-06 20:49:24.283  3613  3613 I VRI[NavigationBar0]@19b7916: handleResized, frames=ClientWindowFrames{frame=[0,2496][1080,2640] display=[0,0][1080,2640] parentFrame=[0,0][0,0]} displayId=0 dragResizing=false compatScale=1.0 frameChanged=false attachedFrameChanged=false configChanged=false displayChanged=false compatScaleChanged=false dragResizingChanged=false
06-06 20:49:24.283  7930  7930 I [SmartCapture]_DeviceUtils: getLidState : state = 0
06-06 20:49:24.283  3613  4266 I WallpaperService: handleResized: which=5, reportDraw=false
06-06 20:49:24.283  3613  4266 I WallpaperService: updateSurface system forceRelayout=true forceReport=false redrawNeeded=false myWidth=-1 myHeight=-1 fixedSize=false x = 0 y = 0 mWidth=-1 mHeight=-1
06-06 20:49:24.283  3613  4266 I WallpaperService: maxBounds : Rect(0, 0 - 1080, 2640) , mDeviceHeight : 2640, mDeviceWidth : 1080,mDeviceRotation  : 0
06-06 20:49:24.283  2655  2755 D SGM:GameManager: identifyForegroundApp. com.sec.android.app.launcher, mCurrentUserId: 0, callerUserId: 0
06-06 20:49:24.283  3613  4266 I WallpaperService: updateSurface: invoke Session.relayout
06-06 20:49:24.283  2655  2755 D SGM:SemGameManager: isForegroundGame(), ret=false
06-06 20:49:24.283  2655  2755 D NetworkPolicy: already checked 10133
06-06 20:49:24.283  2655  2755 D SGM:GameManager: identifyForegroundApp. com.sec.android.app.launcher, mCurrentUserId: 0, callerUserId: 0
06-06 20:49:24.283  2655  2755 D SGM:SemGameManager: isForegroundGame(), ret=false
06-06 20:49:24.283  2655  2755 D NetworkPolicy: already checked 10133
